Archive member included because of file (symbol)

.\CortexM3\ARM_GCC_493\Debug\gnome_psoc5.a(cyfitter_cfg.o)
                              .\CortexM3\ARM_GCC_493\Debug\Cm3Start.o (cyfitter_cfg)
.\CortexM3\ARM_GCC_493\Debug\gnome_psoc5.a(ISR.o)
                              .\CortexM3\ARM_GCC_493\Debug\gnome.o (ISR_StartEx)
.\CortexM3\ARM_GCC_493\Debug\gnome_psoc5.a(CyBootAsmGnu.o)
                              .\CortexM3\ARM_GCC_493\Debug\gnome_psoc5.a(cyfitter_cfg.o) (CyDelayCycles)
.\CortexM3\ARM_GCC_493\Debug\gnome_psoc5.a(CyFlash.o)
                              .\CortexM3\ARM_GCC_493\Debug\gnome_psoc5.a(cyfitter_cfg.o) (CyEEPROM_Start)
.\CortexM3\ARM_GCC_493\Debug\gnome_psoc5.a(CyLib.o)
                              .\CortexM3\ARM_GCC_493\Debug\Cm3Start.o (CyHalt)
.\CortexM3\ARM_GCC_493\Debug\gnome_psoc5.a(cyPm.o)
                              .\CortexM3\ARM_GCC_493\Debug\gnome_psoc5.a(CyLib.o) (CyPmReadStatus)
.\CortexM3\ARM_GCC_493\Debug\gnome_psoc5.a(CySpc.o)
                              .\CortexM3\ARM_GCC_493\Debug\gnome_psoc5.a(CyFlash.o) (CySpcStart)
.\CortexM3\ARM_GCC_493\Debug\gnome_psoc5.a(EEPROM.o)
                              .\CortexM3\ARM_GCC_493\Debug\gnome.o (EEPROM_Start)
.\CortexM3\ARM_GCC_493\Debug\gnome_psoc5.a(I2C.o)
                              .\CortexM3\ARM_GCC_493\Debug\gnome_lcd.o (I2C_Start)
.\CortexM3\ARM_GCC_493\Debug\gnome_psoc5.a(I2C_INT.o)
                              .\CortexM3\ARM_GCC_493\Debug\gnome_psoc5.a(I2C.o) (I2C_ISR)
.\CortexM3\ARM_GCC_493\Debug\gnome_psoc5.a(I2C_PM.o)
                              .\CortexM3\ARM_GCC_493\Debug\gnome_psoc5.a(I2C.o) (I2C_backup)
.\CortexM3\ARM_GCC_493\Debug\gnome_psoc5.a(I2C_MASTER.o)
                              .\CortexM3\ARM_GCC_493\Debug\i2cLCD.o (I2C_MasterWriteBuf)
c:/program files (x86)/cypress/psoc creator/3.3/psoc creator/import/gnu/arm/4.9.3/bin/../lib/gcc/arm-none-eabi/4.9.3/../../../../arm-none-eabi/lib/armv7-m\libg_nano.a(lib_a-errno.o)
                              .\CortexM3\ARM_GCC_493\Debug\Cm3Start.o (__errno)
c:/program files (x86)/cypress/psoc creator/3.3/psoc creator/import/gnu/arm/4.9.3/bin/../lib/gcc/arm-none-eabi/4.9.3/../../../../arm-none-eabi/lib/armv7-m\libg_nano.a(lib_a-exit.o)
                              c:/program files (x86)/cypress/psoc creator/3.3/psoc creator/import/gnu/arm/4.9.3/bin/../lib/gcc/arm-none-eabi/4.9.3/../../../../arm-none-eabi/lib/armv7-m/crt0.o (exit)
c:/program files (x86)/cypress/psoc creator/3.3/psoc creator/import/gnu/arm/4.9.3/bin/../lib/gcc/arm-none-eabi/4.9.3/../../../../arm-none-eabi/lib/armv7-m\libg_nano.a(lib_a-impure.o)
                              c:/program files (x86)/cypress/psoc creator/3.3/psoc creator/import/gnu/arm/4.9.3/bin/../lib/gcc/arm-none-eabi/4.9.3/../../../../arm-none-eabi/lib/armv7-m\libg_nano.a(lib_a-exit.o) (_global_impure_ptr)
c:/program files (x86)/cypress/psoc creator/3.3/psoc creator/import/gnu/arm/4.9.3/bin/../lib/gcc/arm-none-eabi/4.9.3/../../../../arm-none-eabi/lib/armv7-m\libg_nano.a(lib_a-init.o)
                              c:/program files (x86)/cypress/psoc creator/3.3/psoc creator/import/gnu/arm/4.9.3/bin/../lib/gcc/arm-none-eabi/4.9.3/../../../../arm-none-eabi/lib/armv7-m/crt0.o (__libc_init_array)
c:/program files (x86)/cypress/psoc creator/3.3/psoc creator/import/gnu/arm/4.9.3/bin/../lib/gcc/arm-none-eabi/4.9.3/../../../../arm-none-eabi/lib/armv7-m\libg_nano.a(lib_a-memcpy.o)
                              .\CortexM3\ARM_GCC_493\Debug\gnome_psoc5.a(cyfitter_cfg.o) (memcpy)
c:/program files (x86)/cypress/psoc creator/3.3/psoc creator/import/gnu/arm/4.9.3/bin/../lib/gcc/arm-none-eabi/4.9.3/../../../../arm-none-eabi/lib/armv7-m\libg_nano.a(lib_a-memset.o)
                              c:/program files (x86)/cypress/psoc creator/3.3/psoc creator/import/gnu/arm/4.9.3/bin/../lib/gcc/arm-none-eabi/4.9.3/../../../../arm-none-eabi/lib/armv7-m/crt0.o (memset)
c:/program files (x86)/cypress/psoc creator/3.3/psoc creator/import/gnu/arm/4.9.3/bin/../lib/gcc/arm-none-eabi/4.9.3/../../../../arm-none-eabi/lib/armv7-m\libg_nano.a(lib_a-sprintf.o)
                              .\CortexM3\ARM_GCC_493\Debug\gnome_lcd.o (sprintf)
c:/program files (x86)/cypress/psoc creator/3.3/psoc creator/import/gnu/arm/4.9.3/bin/../lib/gcc/arm-none-eabi/4.9.3/../../../../arm-none-eabi/lib/armv7-m\libg_nano.a(lib_a-strcmp.o)
                              .\CortexM3\ARM_GCC_493\Debug\i2cLCD.o (strcmp)
c:/program files (x86)/cypress/psoc creator/3.3/psoc creator/import/gnu/arm/4.9.3/bin/../lib/gcc/arm-none-eabi/4.9.3/../../../../arm-none-eabi/lib/armv7-m\libg_nano.a(lib_a-strcpy.o)
                              .\CortexM3\ARM_GCC_493\Debug\i2cLCD.o (strcpy)
c:/program files (x86)/cypress/psoc creator/3.3/psoc creator/import/gnu/arm/4.9.3/bin/../lib/gcc/arm-none-eabi/4.9.3/../../../../arm-none-eabi/lib/armv7-m\libg_nano.a(lib_a-strlen.o)
                              .\CortexM3\ARM_GCC_493\Debug\i2cLCD.o (strlen)
[...]
Memory Configuration

Name             Origin             Length             Attributes
rom              0x00000000         0x00040000         xr
ram              0x1fff8000         0x00010000         xrw
*default*        0x00000000         0xffffffff

Linker script and memory map

LOAD c:/program files (x86)/cypress/psoc creator/3.3/psoc creator/import/gnu/arm/4.9.3/bin/../lib/gcc/arm-none-eabi/4.9.3/armv7-m/crti.o
LOAD c:/program files (x86)/cypress/psoc creator/3.3/psoc creator/import/gnu/arm/4.9.3/bin/../lib/gcc/arm-none-eabi/4.9.3/armv7-m/crtbegin.o
LOAD c:/program files (x86)/cypress/psoc creator/3.3/psoc creator/import/gnu/arm/4.9.3/bin/../lib/gcc/arm-none-eabi/4.9.3/../../../../arm-none-eabi/lib/armv7-m/crt0.o
START GROUP
LOAD .\CortexM3\ARM_GCC_493\Debug\main.o
LOAD .\CortexM3\ARM_GCC_493\Debug\gnome.o
LOAD .\CortexM3\ARM_GCC_493\Debug\gnome_execute.o
LOAD .\CortexM3\ARM_GCC_493\Debug\gnome_inst_decoder.o
LOAD .\CortexM3\ARM_GCC_493\Debug\gnome_memory.o
LOAD .\CortexM3\ARM_GCC_493\Debug\i2cLCD.o
LOAD .\CortexM3\ARM_GCC_493\Debug\gnome_lcd.o
LOAD .\CortexM3\ARM_GCC_493\Debug\cymetadata.o
LOAD .\CortexM3\ARM_GCC_493\Debug\Cm3Start.o
LOAD .\CortexM3\ARM_GCC_493\Debug\gnome_psoc5.a
LOAD C:\Program Files (x86)\Cypress\PSoC Creator\3.3\PSoC Creator\psoc\content\cycomponentlibrary\CyComponentLibrary.cylib\CortexM3\ARM_GCC_493\Debug\CyComponentLibrary.a
END GROUP
START GROUP
LOAD c:/program files (x86)/cypress/psoc creator/3.3/psoc creator/import/gnu/arm/4.9.3/bin/../lib/gcc/arm-none-eabi/4.9.3/armv7-m\libgcc.a
LOAD c:/program files (x86)/cypress/psoc creator/3.3/psoc creator/import/gnu/arm/4.9.3/bin/../lib/gcc/arm-none-eabi/4.9.3/../../../../arm-none-eabi/lib/armv7-m\libg_nano.a
LOAD c:/program files (x86)/cypress/psoc creator/3.3/psoc creator/import/gnu/arm/4.9.3/bin/../lib/gcc/arm-none-eabi/4.9.3/../../../../arm-none-eabi/lib/armv7-m\libc_nano.a
END GROUP
START GROUP
LOAD c:/program files (x86)/cypress/psoc creator/3.3/psoc creator/import/gnu/arm/4.9.3/bin/../lib/gcc/arm-none-eabi/4.9.3/armv7-m\libgcc.a
LOAD c:/program files (x86)/cypress/psoc creator/3.3/psoc creator/import/gnu/arm/4.9.3/bin/../lib/gcc/arm-none-eabi/4.9.3/../../../../arm-none-eabi/lib/armv7-m\libc_nano.a
END GROUP
LOAD c:/program files (x86)/cypress/psoc creator/3.3/psoc creator/import/gnu/arm/4.9.3/bin/../lib/gcc/arm-none-eabi/4.9.3/armv7-m/crtend.o
LOAD c:/program files (x86)/cypress/psoc creator/3.3/psoc creator/import/gnu/arm/4.9.3/bin/../lib/gcc/arm-none-eabi/4.9.3/armv7-m/crtn.o
START GROUP
LOAD c:/program files (x86)/cypress/psoc creator/3.3/psoc creator/import/gnu/arm/4.9.3/bin/../lib/gcc/arm-none-eabi/4.9.3/armv7-m\libgcc.a
LOAD c:/program files (x86)/cypress/psoc creator/3.3/psoc creator/import/gnu/arm/4.9.3/bin/../lib/gcc/arm-none-eabi/4.9.3/../../../../arm-none-eabi/lib/armv7-m\libc.a
LOAD c:/program files (x86)/cypress/psoc creator/3.3/psoc creator/import/gnu/arm/4.9.3/bin/../lib/gcc/arm-none-eabi/4.9.3/../../../../arm-none-eabi/lib/armv7-m\libnosys.a
END GROUP
                0x00000000                CY_APPL_ORIGIN = 0x0
                0x00000100                CY_FLASH_ROW_SIZE = 0x100
                0x00000020                CY_ECC_ROW_SIZE = 0x20
                0x00000000                CY_EE_IN_BTLDR = 0x0
                0x00000000                CY_APPL_LOADABLE = 0x0
                0x00000800                CY_EE_SIZE = 0x800
                0x00000001                CY_APPL_NUM = 0x1
                0x00000001                CY_APPL_MAX = 0x1
                0x00000040                CY_METADATA_SIZE = 0x40
                0x00000000                CY_APPL_LOADABLE = 0x0
                0x00000000                CY_CHECKSUM_EXCLUDE_SIZE = ALIGN (0x0, CY_FLASH_ROW_SIZE)
                0x1fff83a8                PROVIDE (__cy_heap_start, _end)
                0x00000001                PROVIDE (__cy_region_num, ((__cy_regions_end - __cy_regions) / 0x10))
                0x20008000                PROVIDE (__cy_stack, (ORIGIN (ram) + 0x10000))
                0x20007800                PROVIDE (__cy_heap_end, (__cy_stack - 0x800))

.cybootloader   0x00000000        0x0
 *(.cybootloader)
                0x00000000                appl1_start = CY_APPL_ORIGIN?CY_APPL_ORIGIN:ALIGN (CY_FLASH_ROW_SIZE)
                0x0001ff00                appl2_start = (appl1_start + ALIGN ((((0x40000 - appl1_start) - (0x2 * CY_FLASH_ROW_SIZE)) / 0x2), CY_FLASH_ROW_SIZE))
                0x00000000                appl_start = (CY_APPL_NUM == 0x1)?appl1_start:appl2_start
                0x00000000                ecc_offset = ((appl_start / CY_FLASH_ROW_SIZE) * CY_ECC_ROW_SIZE)
                0x00000000                ee_offset = (CY_APPL_LOADABLE && ! (CY_EE_IN_BTLDR))?((CY_EE_SIZE / CY_APPL_MAX) * (CY_APPL_NUM - 0x1)):0x0
                0x00000800                ee_size = (CY_APPL_LOADABLE && ! (CY_EE_IN_BTLDR))?(CY_EE_SIZE / CY_APPL_MAX):CY_EE_SIZE
                0x00000000                PROVIDE (CY_ECC_OFFSET, ecc_offset)

.text           0x00000000     0x1e5c
 CREATE_OBJECT_SYMBOLS
                0x00000000                PROVIDE (__cy_interrupt_vector, RomVectors)
 *(.romvectors)
 .romvectors    0x00000000       0x10 .\CortexM3\ARM_GCC_493\Debug\Cm3Start.o
                0x00000000                RomVectors
                0x00000001                ASSERT ((. != __cy_interrupt_vector), No interrupt vector)
                0x00000001                ASSERT (CY_APPL_ORIGIN?(SIZEOF (.cybootloader) <= CY_APPL_ORIGIN):0x1, Wrong image location)
                0x00000010                PROVIDE (__cy_reset, Reset)
 *(.text.Reset)
 .text.Reset    0x00000010       0x18 .\CortexM3\ARM_GCC_493\Debug\Cm3Start.o
                0x00000010                Reset
                0x00000001                ASSERT ((. != __cy_reset), No reset code)
 *(.dma_init)
                0x00000001                ASSERT ((((appl_start + .) <= 0x10000) || 0x1), DMA Init must be within the first 64k of flash)
 *(.text .text.* .gnu.linkonce.t.*)
 .text          0x00000028       0x5c c:/program files (x86)/cypress/psoc creator/3.3/psoc creator/import/gnu/arm/4.9.3/bin/../lib/gcc/arm-none-eabi/4.9.3/armv7-m/crtbegin.o
 .text.main     0x00000084        0xc .\CortexM3\ARM_GCC_493\Debug\main.o
                0x00000084                main
 .text.gnome_process_it
                0x00000090       0x1c .\CortexM3\ARM_GCC_493\Debug\gnome.o
                0x00000090                gnome_process_it
 .text.gnome_reset
                0x000000ac       0x80 .\CortexM3\ARM_GCC_493\Debug\gnome.o
                0x000000ac                gnome_reset
 .text.gnome_start
                0x0000012c       0x70 .\CortexM3\ARM_GCC_493\Debug\gnome.o
                0x0000012c                gnome_start
 .text.clear_c_inst
                0x0000019c       0x10 .\CortexM3\ARM_GCC_493\Debug\gnome_execute.o
                0x0000019c                clear_c_inst
 .text.set_c_inst
                0x000001ac       0x10 .\CortexM3\ARM_GCC_493\Debug\gnome_execute.o
                0x000001ac                set_c_inst
 .text.skip_c_inst
                0x000001bc       0x14 .\CortexM3\ARM_GCC_493\Debug\gnome_execute.o
                0x000001bc                skip_c_inst
 .text.skip_z_inst
                0x000001d0       0x14 .\CortexM3\ARM_GCC_493\Debug\gnome_execute.o
                0x000001d0                skip_z_inst
 .text.push_inst
                0x000001e4       0x34 .\CortexM3\ARM_GCC_493\Debug\gnome_execute.o
                0x000001e4                push_inst
 .text.rts_inst
                0x00000218       0x24 .\CortexM3\ARM_GCC_493\Debug\gnome_execute.o
                0x00000218                rts_inst
 .text.jsr_inst
                0x0000023c       0x28 .\CortexM3\ARM_GCC_493\Debug\gnome_execute.o
                0x0000023c                jsr_inst
 .text.rti_inst
                0x00000264       0x10 .\CortexM3\ARM_GCC_493\Debug\gnome_execute.o
                0x00000264                rti_inst
 .text.branch_inst
                0x00000274       0x10 .\CortexM3\ARM_GCC_493\Debug\gnome_execute.o
                0x00000274                branch_inst
 .text.ror_inst
                0x00000284       0x38 .\CortexM3\ARM_GCC_493\Debug\gnome_execute.o
                0x00000284                ror_inst
 .text.rol_inst
                0x000002bc       0x3c .\CortexM3\ARM_GCC_493\Debug\gnome_execute.o
                0x000002bc                rol_inst
 .text.load_d_inst
                0x000002f8       0x1c .\CortexM3\ARM_GCC_493\Debug\gnome_execute.o
                0x000002f8                load_d_inst
 .text.add_d_inst
                0x00000314       0x50 .\CortexM3\ARM_GCC_493\Debug\gnome_execute.o
                0x00000314                add_d_inst
 .text.store_rd_inst
                0x00000364        0x8 .\CortexM3\ARM_GCC_493\Debug\gnome_execute.o
                0x00000364                store_rd_inst
 .text.load_rd_inst
                0x0000036c       0x20 .\CortexM3\ARM_GCC_493\Debug\gnome_execute.o
                0x0000036c                load_rd_inst
 .text.add_rd_inst
                0x0000038c       0x50 .\CortexM3\ARM_GCC_493\Debug\gnome_execute.o
                0x0000038c                add_rd_inst
 .text.xor_rd_inst
                0x000003dc       0x24 .\CortexM3\ARM_GCC_493\Debug\gnome_execute.o
                0x000003dc                xor_rd_inst
 .text.and_rd_inst
                0x00000400       0x24 .\CortexM3\ARM_GCC_493\Debug\gnome_execute.o
                0x00000400                and_rd_inst
 .text.jmp_add_inst
                0x00000424        0xc .\CortexM3\ARM_GCC_493\Debug\gnome_execute.o
                0x00000424                jmp_add_inst
 .text.exectute
                0x00000430       0xb0 .\CortexM3\ARM_GCC_493\Debug\gnome_execute.o
                0x00000430                exectute
 .text.decodeInstruction
                0x000004e0       0x90 .\CortexM3\ARM_GCC_493\Debug\gnome_inst_decoder.o
                0x000004e0                decodeInstruction
 .text.gnome_store_reg
                0x00000570       0xe0 .\CortexM3\ARM_GCC_493\Debug\gnome_memory.o
                0x00000570                gnome_store_reg
 .text.gnome_load_reg
                0x00000650       0x6c .\CortexM3\ARM_GCC_493\Debug\gnome_memory.o
                0x00000650                gnome_load_reg
 .text.i2cTransmission
                0x000006bc       0x2c .\CortexM3\ARM_GCC_493\Debug\i2cLCD.o
                0x000006bc                i2cTransmission
 .text.send4bitCommand
                0x000006e8       0x24 .\CortexM3\ARM_GCC_493\Debug\i2cLCD.o
                0x000006e8                send4bitCommand
 .text.i2cLCD_SendCommand
                0x0000070c       0x1c .\CortexM3\ARM_GCC_493\Debug\i2cLCD.o
                0x0000070c                i2cLCD_SendCommand
 .text.set4bitModeLCD
                0x00000728       0x48 .\CortexM3\ARM_GCC_493\Debug\i2cLCD.o
                0x00000728                set4bitModeLCD
 .text.setDisplayControl
                0x00000770       0x18 .\CortexM3\ARM_GCC_493\Debug\i2cLCD.o
                0x00000770                setDisplayControl
 .text.i2cLCD_WriteRAM
                0x00000788       0x20 .\CortexM3\ARM_GCC_493\Debug\i2cLCD.o
                0x00000788                i2cLCD_WriteRAM
 .text.i2cLCD_Print
                0x000007a8       0x24 .\CortexM3\ARM_GCC_493\Debug\i2cLCD.o
                0x000007a8                i2cLCD_Print
 .text.i2cLCD_SetPosition
                0x000007cc       0x14 .\CortexM3\ARM_GCC_493\Debug\i2cLCD.o
                0x000007cc                i2cLCD_SetPosition
 .text.i2cLCD_ClearDisplay
                0x000007e0        0xc .\CortexM3\ARM_GCC_493\Debug\i2cLCD.o
                0x000007e0                i2cLCD_ClearDisplay
 .text.i2cLCD_Init
                0x000007ec       0x28 .\CortexM3\ARM_GCC_493\Debug\i2cLCD.o
                0x000007ec                i2cLCD_Init
 .text.update_lcd_it
                0x00000814       0x18 .\CortexM3\ARM_GCC_493\Debug\gnome_lcd.o
                0x00000814                update_lcd_it
 .text.setup_lcd
                0x0000082c       0x30 .\CortexM3\ARM_GCC_493\Debug\gnome_lcd.o
                0x0000082c                setup_lcd
 .text.update_lcd
                0x0000085c       0x7c .\CortexM3\ARM_GCC_493\Debug\gnome_lcd.o
                0x0000085c                update_lcd
 .text.IntDefaultHandler
                0x000008d8        0x4 .\CortexM3\ARM_GCC_493\Debug\Cm3Start.o
                0x000008d8                IntDefaultHandler
 .text._sbrk    0x000008dc       0x30 .\CortexM3\ARM_GCC_493\Debug\Cm3Start.o
                0x000008dc                _sbrk
 .text.Start_c  0x0000090c       0x4c .\CortexM3\ARM_GCC_493\Debug\Cm3Start.o
                0x0000090c                Start_c
 .text.initialize_psoc
                0x00000958       0x74 .\CortexM3\ARM_GCC_493\Debug\Cm3Start.o
                0x00000958                initialize_psoc
 .text.CyClockStartupError
                0x000009cc        0x4 .\CortexM3\ARM_GCC_493\Debug\gnome_psoc5.a(cyfitter_cfg.o)
 .text.cfg_write_bytes32
                0x000009d0       0x34 .\CortexM3\ARM_GCC_493\Debug\gnome_psoc5.a(cyfitter_cfg.o)
 .text.AnalogSetDefault
                0x00000a04       0x28 .\CortexM3\ARM_GCC_493\Debug\gnome_psoc5.a(cyfitter_cfg.o)
 .text.CYMEMZERO
                0x00000a2c        0xc .\CortexM3\ARM_GCC_493\Debug\gnome_psoc5.a(cyfitter_cfg.o)
 .text.ClockSetup
                0x00000a38       0xb8 .\CortexM3\ARM_GCC_493\Debug\gnome_psoc5.a(cyfitter_cfg.o)
 .text.CYCONFIGCPY
                0x00000af0        0x8 .\CortexM3\ARM_GCC_493\Debug\gnome_psoc5.a(cyfitter_cfg.o)
 .text.cyfitter_cfg
                0x00000af8       0xf4 .\CortexM3\ARM_GCC_493\Debug\gnome_psoc5.a(cyfitter_cfg.o)
                0x00000af8                cyfitter_cfg
 .text.ISR_SetVector
                0x00000bec        0xc .\CortexM3\ARM_GCC_493\Debug\gnome_psoc5.a(ISR.o)
                0x00000bec                ISR_SetVector
 .text.ISR_SetPriority
                0x00000bf8       0x10 .\CortexM3\ARM_GCC_493\Debug\gnome_psoc5.a(ISR.o)
                0x00000bf8                ISR_SetPriority
 .text.ISR_Enable
                0x00000c08        0xc .\CortexM3\ARM_GCC_493\Debug\gnome_psoc5.a(ISR.o)
                0x00000c08                ISR_Enable
 .text.ISR_Disable
                0x00000c14        0xc .\CortexM3\ARM_GCC_493\Debug\gnome_psoc5.a(ISR.o)
                0x00000c14                ISR_Disable
 .text.ISR_StartEx
                0x00000c20       0x1c .\CortexM3\ARM_GCC_493\Debug\gnome_psoc5.a(ISR.o)
                0x00000c20                ISR_StartEx
 *fill*         0x00000c3c        0x4 
 .text          0x00000c40       0x20 .\CortexM3\ARM_GCC_493\Debug\gnome_psoc5.a(CyBootAsmGnu.o)
                0x00000c40                CyDelayCycles
                0x00000c50                CyEnterCriticalSection
                0x00000c58                CyExitCriticalSection
 .text.CyFlashGetSpcAlgorithm
                0x00000c60       0x4c .\CortexM3\ARM_GCC_493\Debug\gnome_psoc5.a(CyFlash.o)
 .text.CySetTempInt
                0x00000cac       0x60 .\CortexM3\ARM_GCC_493\Debug\gnome_psoc5.a(CyFlash.o)
 .text.CySetTemp
                0x00000d0c       0x14 .\CortexM3\ARM_GCC_493\Debug\gnome_psoc5.a(CyFlash.o)
                0x00000d0c                CySetTemp
 .text.CyEEPROM_Start
                0x00000d20       0x54 .\CortexM3\ARM_GCC_493\Debug\gnome_psoc5.a(CyFlash.o)
                0x00000d20                CyEEPROM_Start
 .text.CyEEPROM_ReadReserve
                0x00000d74       0x1c .\CortexM3\ARM_GCC_493\Debug\gnome_psoc5.a(CyFlash.o)
                0x00000d74                CyEEPROM_ReadReserve
 .text.CyEEPROM_ReadRelease
                0x00000d90       0x10 .\CortexM3\ARM_GCC_493\Debug\gnome_psoc5.a(CyFlash.o)
                0x00000d90                CyEEPROM_ReadRelease
 .text.CyHalt   0x00000da0        0x4 .\CortexM3\ARM_GCC_493\Debug\gnome_psoc5.a(CyLib.o)
                0x00000da0                CyHalt
 .text.CyDelay  0x00000da4       0x2c .\CortexM3\ARM_GCC_493\Debug\gnome_psoc5.a(CyLib.o)
                0x00000da4                CyDelay
 .text.CyDelayUs
                0x00000dd0       0x14 .\CortexM3\ARM_GCC_493\Debug\gnome_psoc5.a(CyLib.o)
                0x00000dd0                CyDelayUs
 .text.CyIntSetSysVector
                0x00000de4       0x28 .\CortexM3\ARM_GCC_493\Debug\gnome_psoc5.a(CyLib.o)
                0x00000de4                CyIntSetSysVector
 .text.CyIntSetVector
                0x00000e0c       0x28 .\CortexM3\ARM_GCC_493\Debug\gnome_psoc5.a(CyLib.o)
                0x00000e0c                CyIntSetVector
 .text.CyIntSetPriority
                0x00000e34       0x30 .\CortexM3\ARM_GCC_493\Debug\gnome_psoc5.a(CyLib.o)
                0x00000e34                CyIntSetPriority
 .text.CySysTickEnableInterrupt
                0x00000e64       0x10 .\CortexM3\ARM_GCC_493\Debug\gnome_psoc5.a(CyLib.o)
                0x00000e64                CySysTickEnableInterrupt
 .text.CySysTickEnable
                0x00000e74       0x18 .\CortexM3\ARM_GCC_493\Debug\gnome_psoc5.a(CyLib.o)
                0x00000e74                CySysTickEnable
 .text.CySysTickSetReload
                0x00000e8c       0x10 .\CortexM3\ARM_GCC_493\Debug\gnome_psoc5.a(CyLib.o)
                0x00000e8c                CySysTickSetReload
 .text.CySysTickGetValue
                0x00000e9c       0x10 .\CortexM3\ARM_GCC_493\Debug\gnome_psoc5.a(CyLib.o)
                0x00000e9c                CySysTickGetValue
 .text.CySysTickSetClockSource
                0x00000eac       0x20 .\CortexM3\ARM_GCC_493\Debug\gnome_psoc5.a(CyLib.o)
                0x00000eac                CySysTickSetClockSource
 .text.CySysTickGetCountFlag
                0x00000ecc       0x10 .\CortexM3\ARM_GCC_493\Debug\gnome_psoc5.a(CyLib.o)
                0x00000ecc                CySysTickGetCountFlag
 .text.CySysTickServiceCallbacks
                0x00000edc       0x28 .\CortexM3\ARM_GCC_493\Debug\gnome_psoc5.a(CyLib.o)
 .text.CySysTickClear
                0x00000f04        0xc .\CortexM3\ARM_GCC_493\Debug\gnome_psoc5.a(CyLib.o)
                0x00000f04                CySysTickClear
 .text.CySysTickInit
                0x00000f10       0x58 .\CortexM3\ARM_GCC_493\Debug\gnome_psoc5.a(CyLib.o)
                0x00000f10                CySysTickInit
 .text.CySysTickStart
                0x00000f68       0x1c .\CortexM3\ARM_GCC_493\Debug\gnome_psoc5.a(CyLib.o)
                0x00000f68                CySysTickStart
 .text.CySysTickSetCallback
                0x00000f84       0x10 .\CortexM3\ARM_GCC_493\Debug\gnome_psoc5.a(CyLib.o)
                0x00000f84                CySysTickSetCallback
 .text.CySpcStart
                0x00000f94       0x24 .\CortexM3\ARM_GCC_493\Debug\gnome_psoc5.a(CySpc.o)
                0x00000f94                CySpcStart
 .text.CySpcReadData
                0x00000fb8       0x34 .\CortexM3\ARM_GCC_493\Debug\gnome_psoc5.a(CySpc.o)
                0x00000fb8                CySpcReadData
 .text.CySpcGetTemp
                0x00000fec       0x3c .\CortexM3\ARM_GCC_493\Debug\gnome_psoc5.a(CySpc.o)
                0x00000fec                CySpcGetTemp
 .text.CySpcLock
                0x00001028       0x4c .\CortexM3\ARM_GCC_493\Debug\gnome_psoc5.a(CySpc.o)
                0x00001028                CySpcLock
 .text.CySpcUnlock
                0x00001074       0x38 .\CortexM3\ARM_GCC_493\Debug\gnome_psoc5.a(CySpc.o)
                0x00001074                CySpcUnlock
 .text.CySpcGetAlgorithm
                0x000010ac       0x28 .\CortexM3\ARM_GCC_493\Debug\gnome_psoc5.a(CySpc.o)
                0x000010ac                CySpcGetAlgorithm
 .text.EEPROM_Enable
                0x000010d4        0xc .\CortexM3\ARM_GCC_493\Debug\gnome_psoc5.a(EEPROM.o)
                0x000010d4                EEPROM_Enable
 .text.EEPROM_Start
                0x000010e0        0x8 .\CortexM3\ARM_GCC_493\Debug\gnome_psoc5.a(EEPROM.o)
                0x000010e0                EEPROM_Start
 .text.EEPROM_ReadByte
                0x000010e8       0x28 .\CortexM3\ARM_GCC_493\Debug\gnome_psoc5.a(EEPROM.o)
                0x000010e8                EEPROM_ReadByte
 .text.I2C_Init
                0x00001110       0x68 .\CortexM3\ARM_GCC_493\Debug\gnome_psoc5.a(I2C.o)
                0x00001110                I2C_Init
 .text.I2C_Enable
                0x00001178       0x24 .\CortexM3\ARM_GCC_493\Debug\gnome_psoc5.a(I2C.o)
                0x00001178                I2C_Enable
 .text.I2C_Start
                0x0000119c       0x28 .\CortexM3\ARM_GCC_493\Debug\gnome_psoc5.a(I2C.o)
                0x0000119c                I2C_Start
 .text.I2C_ISR  0x000011c4      0x2cc .\CortexM3\ARM_GCC_493\Debug\gnome_psoc5.a(I2C_INT.o)
                0x000011c4                I2C_ISR
 .text.I2C_MasterWriteBuf
                0x00001490       0xcc .\CortexM3\ARM_GCC_493\Debug\gnome_psoc5.a(I2C_MASTER.o)
                0x00001490                I2C_MasterWriteBuf
 .text.I2C_MasterStatus
                0x0000155c       0x38 .\CortexM3\ARM_GCC_493\Debug\gnome_psoc5.a(I2C_MASTER.o)
                0x0000155c                I2C_MasterStatus
 .text.I2C_MasterClearStatus
                0x00001594       0x24 .\CortexM3\ARM_GCC_493\Debug\gnome_psoc5.a(I2C_MASTER.o)
                0x00001594                I2C_MasterClearStatus
 .text.__errno  0x000015b8        0xc c:/program files (x86)/cypress/psoc creator/3.3/psoc creator/import/gnu/arm/4.9.3/bin/../lib/gcc/arm-none-eabi/4.9.3/../../../../arm-none-eabi/lib/armv7-m\libg_nano.a(lib_a-errno.o)
                0x000015b8                __errno
 .text.__libc_init_array
                0x000015c4       0x4c c:/program files (x86)/cypress/psoc creator/3.3/psoc creator/import/gnu/arm/4.9.3/bin/../lib/gcc/arm-none-eabi/4.9.3/../../../../arm-none-eabi/lib/armv7-m\libg_nano.a(lib_a-init.o)
                0x000015c4                __libc_init_array
 .text.memcpy   0x00001610       0x16 c:/program files (x86)/cypress/psoc creator/3.3/psoc creator/import/gnu/arm/4.9.3/bin/../lib/gcc/arm-none-eabi/4.9.3/../../../../arm-none-eabi/lib/armv7-m\libg_nano.a(lib_a-memcpy.o)
                0x00001610                memcpy
 .text.memset   0x00001626       0x10 c:/program files (x86)/cypress/psoc creator/3.3/psoc creator/import/gnu/arm/4.9.3/bin/../lib/gcc/arm-none-eabi/4.9.3/../../../../arm-none-eabi/lib/armv7-m\libg_nano.a(lib_a-memset.o)
                0x00001626                memset
 *fill*         0x00001636        0x2 
 .text.sprintf  0x00001638       0x48 c:/program files (x86)/cypress/psoc creator/3.3/psoc creator/import/gnu/arm/4.9.3/bin/../lib/gcc/arm-none-eabi/4.9.3/../../../../arm-none-eabi/lib/armv7-m\libg_nano.a(lib_a-sprintf.o)
                0x00001638                siprintf
                0x00001638                sprintf
 .text.strlen   0x00001680       0x10 c:/program files (x86)/cypress/psoc creator/3.3/psoc creator/import/gnu/arm/4.9.3/bin/../lib/gcc/arm-none-eabi/4.9.3/../../../../arm-none-eabi/lib/armv7-m\libg_nano.a(lib_a-strlen.o)
                0x00001680                strlen
 .text.__ssputs_r
                0x00001690       0xb2 c:/program files (x86)/cypress/psoc creator/3.3/psoc creator/import/gnu/arm/4.9.3/bin/../lib/gcc/arm-none-eabi/4.9.3/../../../../arm-none-eabi/lib/armv7-m\libg_nano.a(lib_a-nano-svfprintf.o)
                0x00001690                __ssputs_r
 *fill*         0x00001742        0x2 
 .text._svfprintf_r
                0x00001744      0x1e4 c:/program files (x86)/cypress/psoc creator/3.3/psoc creator/import/gnu/arm/4.9.3/bin/../lib/gcc/arm-none-eabi/4.9.3/../../../../arm-none-eabi/lib/armv7-m\libg_nano.a(lib_a-nano-svfprintf.o)
                0x00001744                _svfiprintf_r
                0x00001744                _svfprintf_r
 .text._printf_common
                0x00001928       0xea c:/program files (x86)/cypress/psoc creator/3.3/psoc creator/import/gnu/arm/4.9.3/bin/../lib/gcc/arm-none-eabi/4.9.3/../../../../arm-none-eabi/lib/armv7-m\libg_nano.a(lib_a-nano-vfprintf_i.o)
                0x00001928                _printf_common
 *fill*         0x00001a12        0x2 
 .text._printf_i
                0x00001a14      0x240 c:/program files (x86)/cypress/psoc creator/3.3/psoc creator/import/gnu/arm/4.9.3/bin/../lib/gcc/arm-none-eabi/4.9.3/../../../../arm-none-eabi/lib/armv7-m\libg_nano.a(lib_a-nano-vfprintf_i.o)
                0x00001a14                _printf_i
 .text.memchr   0x00001c54       0x1c c:/program files (x86)/cypress/psoc creator/3.3/psoc creator/import/gnu/arm/4.9.3/bin/../lib/gcc/arm-none-eabi/4.9.3/../../../../arm-none-eabi/lib/armv7-m\libg_nano.a(lib_a-memchr.o)
                0x00001c54                memchr
 .text.memmove  0x00001c70       0x36 c:/program files (x86)/cypress/psoc creator/3.3/psoc creator/import/gnu/arm/4.9.3/bin/../lib/gcc/arm-none-eabi/4.9.3/../../../../arm-none-eabi/lib/armv7-m\libg_nano.a(lib_a-memmove.o)
                0x00001c70                memmove
 *fill*         0x00001ca6        0x2 
 .text._free_r  0x00001ca8       0x88 c:/program files (x86)/cypress/psoc creator/3.3/psoc creator/import/gnu/arm/4.9.3/bin/../lib/gcc/arm-none-eabi/4.9.3/../../../../arm-none-eabi/lib/armv7-m\libg_nano.a(lib_a-nano-freer.o)
                0x00001ca8                _free_r
 .text._malloc_r
                0x00001d30       0xac c:/program files (x86)/cypress/psoc creator/3.3/psoc creator/import/gnu/arm/4.9.3/bin/../lib/gcc/arm-none-eabi/4.9.3/../../../../arm-none-eabi/lib/armv7-m\libg_nano.a(lib_a-nano-mallocr.o)
                0x00001d30                _malloc_r
 .text._realloc_r
                0x00001ddc       0x4c c:/program files (x86)/cypress/psoc creator/3.3/psoc creator/import/gnu/arm/4.9.3/bin/../lib/gcc/arm-none-eabi/4.9.3/../../../../arm-none-eabi/lib/armv7-m\libg_nano.a(lib_a-nano-reallocr.o)
                0x00001ddc                _realloc_r
 .text._sbrk_r  0x00001e28       0x20 c:/program files (x86)/cypress/psoc creator/3.3/psoc creator/import/gnu/arm/4.9.3/bin/../lib/gcc/arm-none-eabi/4.9.3/../../../../arm-none-eabi/lib/armv7-m\libg_nano.a(lib_a-sbrkr.o)
                0x00001e28                _sbrk_r
 .text._malloc_usable_size_r
                0x00001e48       0x14 c:/program files (x86)/cypress/psoc creator/3.3/psoc creator/import/gnu/arm/4.9.3/bin/../lib/gcc/arm-none-eabi/4.9.3/../../../../arm-none-eabi/lib/armv7-m\libg_nano.a(lib_a-nano-msizer.o)
                0x00001e48                _malloc_usable_size_r
 *(.plt)
 *(.gnu.warning)
 *(.glue_7t)
 .glue_7t       0x00000000        0x0 linker stubs
 *(.glue_7)
 .glue_7        0x00000000        0x0 linker stubs
 *(.vfp11_veneer)
 .vfp11_veneer  0x00000000        0x0 linker stubs
 *(.bootloader)
 *(.ARM.extab* .gnu.linkonce.armextab.*)
 *(.gcc_except_table)

.v4_bx          0x00001e5c        0x0
 .v4_bx         0x00000000        0x0 linker stubs

.iplt           0x00001e5c        0x0
 .iplt          0x00000000        0x0 c:/program files (x86)/cypress/psoc creator/3.3/psoc creator/import/gnu/arm/4.9.3/bin/../lib/gcc/arm-none-eabi/4.9.3/armv7-m/crtbegin.o

.eh_frame_hdr
 *(.eh_frame_hdr)

.eh_frame       0x00001e5c        0x4
 *(.eh_frame)
 .eh_frame      0x00001e5c        0x0 c:/program files (x86)/cypress/psoc creator/3.3/psoc creator/import/gnu/arm/4.9.3/bin/../lib/gcc/arm-none-eabi/4.9.3/armv7-m/crtbegin.o
 .eh_frame      0x00001e5c        0x0 c:/program files (x86)/cypress/psoc creator/3.3/psoc creator/import/gnu/arm/4.9.3/bin/../lib/gcc/arm-none-eabi/4.9.3/../../../../arm-none-eabi/lib/armv7-m\libg_nano.a(lib_a-strcmp.o)
                                 0x28 (size before relaxing)
 .eh_frame      0x00001e5c        0x4 c:/program files (x86)/cypress/psoc creator/3.3/psoc creator/import/gnu/arm/4.9.3/bin/../lib/gcc/arm-none-eabi/4.9.3/armv7-m/crtend.o
                0x00001e60                PROVIDE (__exidx_start, .)

.ARM.exidx
 *(.ARM.exidx* .gnu.linkonce.armexidx.*)
                0x00001e60                __exidx_end = .

.rodata         0x00001e60       0xc0
 *(.rodata .rodata.* .gnu.linkonce.r.*)
 .rodata.str1.4
                0x00001e60       0x18 .\CortexM3\ARM_GCC_493\Debug\gnome_lcd.o
 .rodata        0x00001e78       0x38 .\CortexM3\ARM_GCC_493\Debug\gnome_psoc5.a(cyfitter_cfg.o)
 .rodata.str1.1
                0x00001eb0        0x2 c:/program files (x86)/cypress/psoc creator/3.3/psoc creator/import/gnu/arm/4.9.3/bin/../lib/gcc/arm-none-eabi/4.9.3/../../../../arm-none-eabi/lib/armv7-m\libg_nano.a(lib_a-impure.o)
 .rodata.str1.1
                0x00001eb2       0x11 c:/program files (x86)/cypress/psoc creator/3.3/psoc creator/import/gnu/arm/4.9.3/bin/../lib/gcc/arm-none-eabi/4.9.3/../../../../arm-none-eabi/lib/armv7-m\libg_nano.a(lib_a-nano-svfprintf.o)
 .rodata.str1.1
                0x00001ec3       0x22 c:/program files (x86)/cypress/psoc creator/3.3/psoc creator/import/gnu/arm/4.9.3/bin/../lib/gcc/arm-none-eabi/4.9.3/../../../../arm-none-eabi/lib/armv7-m\libg_nano.a(lib_a-nano-vfprintf_i.o)
                0x00001ee8                . = ALIGN (0x4)
 *fill*         0x00001ee5        0x3 
 *(.init)
 .init          0x00001ee8        0x4 c:/program files (x86)/cypress/psoc creator/3.3/psoc creator/import/gnu/arm/4.9.3/bin/../lib/gcc/arm-none-eabi/4.9.3/armv7-m/crti.o
                0x00001ee8                _init
 .init          0x00001eec        0x8 c:/program files (x86)/cypress/psoc creator/3.3/psoc creator/import/gnu/arm/4.9.3/bin/../lib/gcc/arm-none-eabi/4.9.3/armv7-m/crtn.o
                0x00001ef4                . = ALIGN (0x4)
                0x00001ef4                __preinit_array_start = .
 *(.preinit_array)
                0x00001ef4                __preinit_array_end = .
                0x00001ef4                . = ALIGN (0x4)
                0x00001ef4                __init_array_start = .
 *(SORT(.init_array.*))
 *(.init_array)
 .init_array    0x00001ef4        0x4 c:/program files (x86)/cypress/psoc creator/3.3/psoc creator/import/gnu/arm/4.9.3/bin/../lib/gcc/arm-none-eabi/4.9.3/armv7-m/crtbegin.o
 .init_array    0x00001ef8        0x4 .\CortexM3\ARM_GCC_493\Debug\Cm3Start.o
                0x00001efc                __init_array_end = .
                0x00001efc                . = ALIGN (0x4)
 *(.fini)
 .fini          0x00001efc        0x4 c:/program files (x86)/cypress/psoc creator/3.3/psoc creator/import/gnu/arm/4.9.3/bin/../lib/gcc/arm-none-eabi/4.9.3/armv7-m/crti.o
                0x00001efc                _fini
 .fini          0x00001f00        0x8 c:/program files (x86)/cypress/psoc creator/3.3/psoc creator/import/gnu/arm/4.9.3/bin/../lib/gcc/arm-none-eabi/4.9.3/armv7-m/crtn.o
                0x00001f08                . = ALIGN (0x4)
                0x00001f08                __fini_array_start = .
 *(.fini_array)
 .fini_array    0x00001f08        0x4 c:/program files (x86)/cypress/psoc creator/3.3/psoc creator/import/gnu/arm/4.9.3/bin/../lib/gcc/arm-none-eabi/4.9.3/armv7-m/crtbegin.o
 *(SORT(.fini_array.*))
                0x00001f0c                __fini_array_end = .
                0x00001f0c                . = ALIGN (0x4)
 *crtbegin.o(.ctors)
 *(EXCLUDE_FILE(*crtend.o) .ctors)
 *(SORT(.ctors.*))
 *crtend.o(.ctors)
                0x00001f0c                . = ALIGN (0x4)
 *crtbegin.o(.dtors)
 *(EXCLUDE_FILE(*crtend.o) .dtors)
 *(SORT(.dtors.*))
 *crtend.o(.dtors)
                0x00001f0c                . = ALIGN (0x4)
                0x00001f0c                __cy_regions = .
                0x00001f0c        0x4 LONG 0x1f20 __cy_region_init_ram
                0x00001f10        0x4 LONG 0x1fff8108 __cy_region_start_data
                0x00001f14        0x4 LONG 0x80 __cy_region_init_size_ram
                0x00001f18        0x4 LONG 0x220 __cy_region_zero_size_ram
                0x00001f1c                __cy_regions_end = .
                0x00001f20                . = ALIGN (0x8)
 *fill*         0x00001f1c        0x4 
                0x00001f20                _etext = .

.cy_checksum_exclude
                0x00001f20        0x0
 *(.cy_checksum_exclude)

.ramvectors     0x1fff8000      0x100
                0x1fff8000                __cy_region_start_ram = .
 *(.ramvectors)
 .ramvectors    0x1fff8000      0x100 .\CortexM3\ARM_GCC_493\Debug\Cm3Start.o
                0x1fff8000                CyRamVectors

.noinit         0x1fff8100        0x5
 *(.noinit)
 .noinit        0x1fff8100        0x4 .\CortexM3\ARM_GCC_493\Debug\Cm3Start.o
 .noinit        0x1fff8104        0x1 .\CortexM3\ARM_GCC_493\Debug\gnome_psoc5.a(CyLib.o)
                0x1fff8104                CyResetStatus

.data           0x1fff8108       0x80 load address 0x00001f20
                0x1fff8108                __cy_region_start_data = .
 *(.jcr)
 .jcr           0x1fff8108        0x0 c:/program files (x86)/cypress/psoc creator/3.3/psoc creator/import/gnu/arm/4.9.3/bin/../lib/gcc/arm-none-eabi/4.9.3/armv7-m/crtbegin.o
 .jcr           0x1fff8108        0x4 c:/program files (x86)/cypress/psoc creator/3.3/psoc creator/import/gnu/arm/4.9.3/bin/../lib/gcc/arm-none-eabi/4.9.3/armv7-m/crtend.o
 *(.got.plt)
 *(.got)
 *(.shdata)
 *(.data .data.* .gnu.linkonce.d.*)
 .data          0x1fff810c        0x4 .\CortexM3\ARM_GCC_493\Debug\Cm3Start.o
 .data          0x1fff8110       0x10 .\CortexM3\ARM_GCC_493\Debug\gnome_psoc5.a(CyLib.o)
                0x1fff8110                cydelay_32k_ms
                0x1fff8114                cydelay_freq_khz
                0x1fff8118                cydelay_freq_mhz
                0x1fff811c                cydelay_freq_hz
 .data.impure_data
                0x1fff8120       0x60 c:/program files (x86)/cypress/psoc creator/3.3/psoc creator/import/gnu/arm/4.9.3/bin/../lib/gcc/arm-none-eabi/4.9.3/../../../../arm-none-eabi/lib/armv7-m\libg_nano.a(lib_a-impure.o)
 .data._impure_ptr
                0x1fff8180        0x4 c:/program files (x86)/cypress/psoc creator/3.3/psoc creator/import/gnu/arm/4.9.3/bin/../lib/gcc/arm-none-eabi/4.9.3/../../../../arm-none-eabi/lib/armv7-m\libg_nano.a(lib_a-impure.o)
                0x1fff8180                _impure_ptr
                0x1fff8188                . = ALIGN (0x8)
 *fill*         0x1fff8184        0x4 
 *(.ram)
                0x1fff8188                _edata = .

.igot.plt       0x1fff8188        0x0 load address 0x00001fa0
 .igot.plt      0x00000000        0x0 c:/program files (x86)/cypress/psoc creator/3.3/psoc creator/import/gnu/arm/4.9.3/bin/../lib/gcc/arm-none-eabi/4.9.3/armv7-m/crtbegin.o

.bss            0x1fff8188      0x220 load address 0x00001fa0
                0x1fff8188                PROVIDE (__bss_start__, .)
 *(.shbss)
 *(.bss .bss.* .gnu.linkonce.b.*)
 .bss           0x1fff8188       0x1c c:/program files (x86)/cypress/psoc creator/3.3/psoc creator/import/gnu/arm/4.9.3/bin/../lib/gcc/arm-none-eabi/4.9.3/armv7-m/crtbegin.o
 .bss           0x1fff81a4       0x1c .\CortexM3\ARM_GCC_493\Debug\gnome_psoc5.a(CyLib.o)
                0x1fff81bc                CySysTickInitVar
 .bss           0x1fff81c0        0x8 .\CortexM3\ARM_GCC_493\Debug\gnome_psoc5.a(CySpc.o)
                0x1fff81c0                SpcLockState
 .bss           0x1fff81c8        0x1 .\CortexM3\ARM_GCC_493\Debug\gnome_psoc5.a(I2C.o)
                0x1fff81c8                I2C_initVar
 *fill*         0x1fff81c9        0x3 
 .bss.__malloc_sbrk_start
                0x1fff81cc        0x4 c:/program files (x86)/cypress/psoc creator/3.3/psoc creator/import/gnu/arm/4.9.3/bin/../lib/gcc/arm-none-eabi/4.9.3/../../../../arm-none-eabi/lib/armv7-m\libg_nano.a(lib_a-nano-mallocr.o)
                0x1fff81cc                __malloc_sbrk_start
 .bss.__malloc_free_list
                0x1fff81d0        0x4 c:/program files (x86)/cypress/psoc creator/3.3/psoc creator/import/gnu/arm/4.9.3/bin/../lib/gcc/arm-none-eabi/4.9.3/../../../../arm-none-eabi/lib/armv7-m\libg_nano.a(lib_a-nano-mallocr.o)
                0x1fff81d0                __malloc_free_list
 *(COMMON)
 COMMON         0x1fff81d4      0x12b .\CortexM3\ARM_GCC_493\Debug\main.o
                0x1fff81d4                rom
                0x1fff82d4                it_context
                0x1fff82e0                registers
                0x1fff82f0                current_context
                0x1fff82f4                normal_context
 *fill*         0x1fff82ff        0x1 
 COMMON         0x1fff8300       0x8b .\CortexM3\ARM_GCC_493\Debug\gnome.o
                0x1fff8300                lcd
                0x1fff8386                lcd_update
                0x1fff8388                via_state
 *fill*         0x1fff838b        0x1 
 COMMON         0x1fff838c        0x2 .\CortexM3\ARM_GCC_493\Debug\gnome_psoc5.a(CyFlash.o)
                0x1fff838c                dieTemperature
 COMMON         0x1fff838e        0x1 .\CortexM3\ARM_GCC_493\Debug\gnome_psoc5.a(I2C.o)
                0x1fff838e                I2C_state
 *fill*         0x1fff838f        0x1 
 COMMON         0x1fff8390       0x10 .\CortexM3\ARM_GCC_493\Debug\gnome_psoc5.a(I2C_MASTER.o)
                0x1fff8390                I2C_mstrWrBufIndex
                0x1fff8391                I2C_mstrWrBufSize
                0x1fff8392                I2C_mstrStatus
                0x1fff8394                I2C_mstrRdBufPtr
                0x1fff8398                I2C_mstrControl
                0x1fff8399                I2C_mstrRdBufSize
                0x1fff839a                I2C_mstrRdBufIndex
                0x1fff839c                I2C_mstrWrBufPtr
 COMMON         0x1fff83a0        0x4 c:/program files (x86)/cypress/psoc creator/3.3/psoc creator/import/gnu/arm/4.9.3/bin/../lib/gcc/arm-none-eabi/4.9.3/../../../../arm-none-eabi/lib/armv7-m\libg_nano.a(lib_a-reent.o)
                0x1fff83a0                errno
                0x1fff83a8                . = ALIGN (0x8)
 *fill*         0x1fff83a4        0x4 
 *(.ram.b)
                0x1fff83a8                _end = .
                0x1fff83a8                __end = .
                0x1fff83a8                PROVIDE (end, .)
                0x1fff83a8                PROVIDE (__bss_end__, .)
                0x00001f20                __cy_region_init_ram = LOADADDR (.data)
                0x00000080                __cy_region_init_size_ram = (_edata - ADDR (.data))
                0x00000220                __cy_region_zero_size_ram = (_end - _edata)

.heap           0x1fff83a8       0x80 load address 0x00001fa0
                0x1fff83a8                . = _end
                0x1fff8428                . = (. + 0x80)
 *fill*         0x1fff83a8       0x80 
                0x1fff8428                __cy_heap_limit = .

.stack          0x20007800      0x800
                0x20007800                __cy_stack_limit = .
                0x20008000                . = (. + 0x800)
 *fill*         0x20007800      0x800 
                0x00000001                ASSERT ((__cy_stack_limit >= __cy_heap_limit), region RAM overflowed with stack)
                0x00000000                cy_checksum_exclude_size = (CY_APPL_LOADABLE == 0x1)?SIZEOF (.cy_checksum_exclude):0x0
                0x00000001                ASSERT ((cy_checksum_exclude_size <= CY_CHECKSUM_EXCLUDE_SIZE), CY_BOOT: Section .cy_checksum_exclude size exceedes specified limit.)

.cyloadermeta
 *(.cyloadermeta)

.cyloadablemeta
 *(.cyloadablemeta)

.cyconfigecc    0x80000000      0x4f8
 *(.cyconfigecc)
 .cyconfigecc   0x80000000      0x4f8 .\CortexM3\ARM_GCC_493\Debug\cymetadata.o
                0x80000000                cy_meta_configecc

.cycustnvl      0x90000000        0x4
 *(.cycustnvl)
 .cycustnvl     0x90000000        0x4 .\CortexM3\ARM_GCC_493\Debug\cymetadata.o
                0x90000000                cy_meta_custnvl

.cywolatch      0x90100000        0x4
 *(.cywolatch)
 .cywolatch     0x90100000        0x4 .\CortexM3\ARM_GCC_493\Debug\cymetadata.o
                0x90100000                cy_meta_wonvl

.cyeeprom       0x90200000      0x800
 *(.cyeeprom)
 .cyeeprom      0x90200000      0x800 .\CortexM3\ARM_GCC_493\Debug\cymetadata.o
                0x90200000                cy_eeprom
                0x00000001                ASSERT ((. <= ((0x90200000 + ee_offset) + ee_size)), .cyeeprom data will not fit in EEPROM)

.cyflashprotect
                0x90400000      0x100
 *(.cyflashprotect)
 .cyflashprotect
                0x90400000      0x100 .\CortexM3\ARM_GCC_493\Debug\cymetadata.o
                0x90400000                cy_meta_flashprotect

.cymeta         0x90500000        0xc
 *(.cymeta)
 .cymeta        0x90500000        0xc .\CortexM3\ARM_GCC_493\Debug\cymetadata.o
                0x90500000                cy_metadata

.rel.dyn        0x00001fa0        0x0 load address 0x9050000c
 .rel.iplt      0x00000000        0x0 c:/program files (x86)/cypress/psoc creator/3.3/psoc creator/import/gnu/arm/4.9.3/bin/../lib/gcc/arm-none-eabi/4.9.3/armv7-m/crtbegin.o

.stab
 *(.stab)

.stabstr
 *(.stabstr)

.debug
 *(.debug)

.line
 *(.line)

.debug_srcinfo
 *(.debug_srcinfo)

.debug_sfnames
 *(.debug_sfnames)

.debug_aranges  0x00000000      0x920
 *(.debug_aranges)
 .debug_aranges
                0x00000000       0x20 .\CortexM3\ARM_GCC_493\Debug\main.o
 .debug_aranges
                0x00000020       0x30 .\CortexM3\ARM_GCC_493\Debug\gnome.o
 .debug_aranges
                0x00000050       0xb8 .\CortexM3\ARM_GCC_493\Debug\gnome_execute.o
 .debug_aranges
                0x00000108       0x20 .\CortexM3\ARM_GCC_493\Debug\gnome_inst_decoder.o
 .debug_aranges
                0x00000128       0x30 .\CortexM3\ARM_GCC_493\Debug\gnome_memory.o
 .debug_aranges
                0x00000158       0x90 .\CortexM3\ARM_GCC_493\Debug\i2cLCD.o
 .debug_aranges
                0x000001e8       0x30 .\CortexM3\ARM_GCC_493\Debug\gnome_lcd.o
 .debug_aranges
                0x00000218       0x18 .\CortexM3\ARM_GCC_493\Debug\cymetadata.o
 .debug_aranges
                0x00000230       0x48 .\CortexM3\ARM_GCC_493\Debug\Cm3Start.o
 .debug_aranges
                0x00000278       0x58 .\CortexM3\ARM_GCC_493\Debug\gnome_psoc5.a(cyfitter_cfg.o)
 .debug_aranges
                0x000002d0       0x80 .\CortexM3\ARM_GCC_493\Debug\gnome_psoc5.a(ISR.o)
 .debug_aranges
                0x00000350       0x20 .\CortexM3\ARM_GCC_493\Debug\gnome_psoc5.a(CyBootAsmGnu.o)
 .debug_aranges
                0x00000370       0x80 .\CortexM3\ARM_GCC_493\Debug\gnome_psoc5.a(CyFlash.o)
 .debug_aranges
                0x000003f0      0x298 .\CortexM3\ARM_GCC_493\Debug\gnome_psoc5.a(CyLib.o)
 .debug_aranges
                0x00000688       0x98 .\CortexM3\ARM_GCC_493\Debug\gnome_psoc5.a(cyPm.o)
 .debug_aranges
                0x00000720       0x78 .\CortexM3\ARM_GCC_493\Debug\gnome_psoc5.a(CySpc.o)
 .debug_aranges
                0x00000798       0x78 .\CortexM3\ARM_GCC_493\Debug\gnome_psoc5.a(EEPROM.o)
 .debug_aranges
                0x00000810       0x38 .\CortexM3\ARM_GCC_493\Debug\gnome_psoc5.a(I2C.o)
 .debug_aranges
                0x00000848       0x20 .\CortexM3\ARM_GCC_493\Debug\gnome_psoc5.a(I2C_INT.o)
 .debug_aranges
                0x00000868       0x38 .\CortexM3\ARM_GCC_493\Debug\gnome_psoc5.a(I2C_PM.o)
 .debug_aranges
                0x000008a0       0x80 .\CortexM3\ARM_GCC_493\Debug\gnome_psoc5.a(I2C_MASTER.o)

.debug_pubnames
 *(.debug_pubnames)

.debug_info     0x00000000     0x67ac
 *(.debug_info .gnu.linkonce.wi.*)
 .debug_info    0x00000000      0x24b .\CortexM3\ARM_GCC_493\Debug\main.o
 .debug_info    0x0000024b      0x553 .\CortexM3\ARM_GCC_493\Debug\gnome.o
 .debug_info    0x0000079e      0x629 .\CortexM3\ARM_GCC_493\Debug\gnome_execute.o
 .debug_info    0x00000dc7      0x2d4 .\CortexM3\ARM_GCC_493\Debug\gnome_inst_decoder.o
 .debug_info    0x0000109b      0x37a .\CortexM3\ARM_GCC_493\Debug\gnome_memory.o
 .debug_info    0x00001415      0x8ab .\CortexM3\ARM_GCC_493\Debug\i2cLCD.o
 .debug_info    0x00001cc0      0x417 .\CortexM3\ARM_GCC_493\Debug\gnome_lcd.o
 .debug_info    0x000020d7      0x164 .\CortexM3\ARM_GCC_493\Debug\cymetadata.o
 .debug_info    0x0000223b      0x3a5 .\CortexM3\ARM_GCC_493\Debug\Cm3Start.o
 .debug_info    0x000025e0      0x4e7 .\CortexM3\ARM_GCC_493\Debug\gnome_psoc5.a(cyfitter_cfg.o)
 .debug_info    0x00002ac7      0x2cb .\CortexM3\ARM_GCC_493\Debug\gnome_psoc5.a(ISR.o)
 .debug_info    0x00002d92       0x99 .\CortexM3\ARM_GCC_493\Debug\gnome_psoc5.a(CyBootAsmGnu.o)
 .debug_info    0x00002e2b      0x60a .\CortexM3\ARM_GCC_493\Debug\gnome_psoc5.a(CyFlash.o)
 .debug_info    0x00003435     0x1371 .\CortexM3\ARM_GCC_493\Debug\gnome_psoc5.a(CyLib.o)
 .debug_info    0x000047a6      0xa58 .\CortexM3\ARM_GCC_493\Debug\gnome_psoc5.a(cyPm.o)
 .debug_info    0x000051fe      0x4f0 .\CortexM3\ARM_GCC_493\Debug\gnome_psoc5.a(CySpc.o)
 .debug_info    0x000056ee      0x668 .\CortexM3\ARM_GCC_493\Debug\gnome_psoc5.a(EEPROM.o)
 .debug_info    0x00005d56      0x2d9 .\CortexM3\ARM_GCC_493\Debug\gnome_psoc5.a(I2C.o)
 .debug_info    0x0000602f      0x17f .\CortexM3\ARM_GCC_493\Debug\gnome_psoc5.a(I2C_INT.o)
 .debug_info    0x000061ae      0x1fe .\CortexM3\ARM_GCC_493\Debug\gnome_psoc5.a(I2C_PM.o)
 .debug_info    0x000063ac      0x400 .\CortexM3\ARM_GCC_493\Debug\gnome_psoc5.a(I2C_MASTER.o)

.debug_abbrev   0x00000000     0x1e06
 *(.debug_abbrev)
 .debug_abbrev  0x00000000       0xf0 .\CortexM3\ARM_GCC_493\Debug\main.o
 .debug_abbrev  0x000000f0      0x1f5 .\CortexM3\ARM_GCC_493\Debug\gnome.o
 .debug_abbrev  0x000002e5      0x192 .\CortexM3\ARM_GCC_493\Debug\gnome_execute.o
 .debug_abbrev  0x00000477      0x101 .\CortexM3\ARM_GCC_493\Debug\gnome_inst_decoder.o
 .debug_abbrev  0x00000578      0x121 .\CortexM3\ARM_GCC_493\Debug\gnome_memory.o
 .debug_abbrev  0x00000699      0x192 .\CortexM3\ARM_GCC_493\Debug\i2cLCD.o
 .debug_abbrev  0x0000082b      0x193 .\CortexM3\ARM_GCC_493\Debug\gnome_lcd.o
 .debug_abbrev  0x000009be       0x77 .\CortexM3\ARM_GCC_493\Debug\cymetadata.o
 .debug_abbrev  0x00000a35      0x20f .\CortexM3\ARM_GCC_493\Debug\Cm3Start.o
 .debug_abbrev  0x00000c44      0x203 .\CortexM3\ARM_GCC_493\Debug\gnome_psoc5.a(cyfitter_cfg.o)
 .debug_abbrev  0x00000e47      0x173 .\CortexM3\ARM_GCC_493\Debug\gnome_psoc5.a(ISR.o)
 .debug_abbrev  0x00000fba       0x14 .\CortexM3\ARM_GCC_493\Debug\gnome_psoc5.a(CyBootAsmGnu.o)
 .debug_abbrev  0x00000fce      0x1d1 .\CortexM3\ARM_GCC_493\Debug\gnome_psoc5.a(CyFlash.o)
 .debug_abbrev  0x0000119f      0x296 .\CortexM3\ARM_GCC_493\Debug\gnome_psoc5.a(CyLib.o)
 .debug_abbrev  0x00001435      0x1ed .\CortexM3\ARM_GCC_493\Debug\gnome_psoc5.a(cyPm.o)
 .debug_abbrev  0x00001622      0x1c1 .\CortexM3\ARM_GCC_493\Debug\gnome_psoc5.a(CySpc.o)
 .debug_abbrev  0x000017e3      0x1a3 .\CortexM3\ARM_GCC_493\Debug\gnome_psoc5.a(EEPROM.o)
 .debug_abbrev  0x00001986      0x15c .\CortexM3\ARM_GCC_493\Debug\gnome_psoc5.a(I2C.o)
 .debug_abbrev  0x00001ae2       0xbd .\CortexM3\ARM_GCC_493\Debug\gnome_psoc5.a(I2C_INT.o)
 .debug_abbrev  0x00001b9f      0x12b .\CortexM3\ARM_GCC_493\Debug\gnome_psoc5.a(I2C_PM.o)
 .debug_abbrev  0x00001cca      0x13c .\CortexM3\ARM_GCC_493\Debug\gnome_psoc5.a(I2C_MASTER.o)

.debug_line     0x00000000     0x2cb3
 *(.debug_line)
 .debug_line    0x00000000      0x180 .\CortexM3\ARM_GCC_493\Debug\main.o
 .debug_line    0x00000180      0x27e .\CortexM3\ARM_GCC_493\Debug\gnome.o
 .debug_line    0x000003fe      0x32e .\CortexM3\ARM_GCC_493\Debug\gnome_execute.o
 .debug_line    0x0000072c      0x19b .\CortexM3\ARM_GCC_493\Debug\gnome_inst_decoder.o
 .debug_line    0x000008c7      0x1e3 .\CortexM3\ARM_GCC_493\Debug\gnome_memory.o
 .debug_line    0x00000aaa      0x354 .\CortexM3\ARM_GCC_493\Debug\i2cLCD.o
 .debug_line    0x00000dfe      0x1d3 .\CortexM3\ARM_GCC_493\Debug\gnome_lcd.o
 .debug_line    0x00000fd1       0x53 .\CortexM3\ARM_GCC_493\Debug\cymetadata.o
 .debug_line    0x00001024      0x249 .\CortexM3\ARM_GCC_493\Debug\Cm3Start.o
 .debug_line    0x0000126d      0x1ec .\CortexM3\ARM_GCC_493\Debug\gnome_psoc5.a(cyfitter_cfg.o)
 .debug_line    0x00001459      0x149 .\CortexM3\ARM_GCC_493\Debug\gnome_psoc5.a(ISR.o)
 .debug_line    0x000015a2       0x68 .\CortexM3\ARM_GCC_493\Debug\gnome_psoc5.a(CyBootAsmGnu.o)
 .debug_line    0x0000160a      0x1ec .\CortexM3\ARM_GCC_493\Debug\gnome_psoc5.a(CyFlash.o)
 .debug_line    0x000017f6      0x806 .\CortexM3\ARM_GCC_493\Debug\gnome_psoc5.a(CyLib.o)
 .debug_line    0x00001ffc      0x366 .\CortexM3\ARM_GCC_493\Debug\gnome_psoc5.a(cyPm.o)
 .debug_line    0x00002362      0x23e .\CortexM3\ARM_GCC_493\Debug\gnome_psoc5.a(CySpc.o)
 .debug_line    0x000025a0      0x266 .\CortexM3\ARM_GCC_493\Debug\gnome_psoc5.a(EEPROM.o)
 .debug_line    0x00002806       0xdb .\CortexM3\ARM_GCC_493\Debug\gnome_psoc5.a(I2C.o)
 .debug_line    0x000028e1      0x116 .\CortexM3\ARM_GCC_493\Debug\gnome_psoc5.a(I2C_INT.o)
 .debug_line    0x000029f7       0xbd .\CortexM3\ARM_GCC_493\Debug\gnome_psoc5.a(I2C_PM.o)
 .debug_line    0x00002ab4      0x1ff .\CortexM3\ARM_GCC_493\Debug\gnome_psoc5.a(I2C_MASTER.o)

.debug_frame    0x00000000     0x1b3c
 *(.debug_frame)
 .debug_frame   0x00000000       0x2c .\CortexM3\ARM_GCC_493\Debug\main.o
 .debug_frame   0x0000002c       0x64 .\CortexM3\ARM_GCC_493\Debug\gnome.o
 .debug_frame   0x00000090      0x1b8 .\CortexM3\ARM_GCC_493\Debug\gnome_execute.o
 .debug_frame   0x00000248       0x20 .\CortexM3\ARM_GCC_493\Debug\gnome_inst_decoder.o
 .debug_frame   0x00000268       0x40 .\CortexM3\ARM_GCC_493\Debug\gnome_memory.o
 .debug_frame   0x000002a8      0x1dc .\CortexM3\ARM_GCC_493\Debug\i2cLCD.o
 .debug_frame   0x00000484       0x6c .\CortexM3\ARM_GCC_493\Debug\gnome_lcd.o
 .debug_frame   0x000004f0       0xac .\CortexM3\ARM_GCC_493\Debug\Cm3Start.o
 .debug_frame   0x0000059c       0xe4 .\CortexM3\ARM_GCC_493\Debug\gnome_psoc5.a(cyfitter_cfg.o)
 .debug_frame   0x00000680      0x104 .\CortexM3\ARM_GCC_493\Debug\gnome_psoc5.a(ISR.o)
 .debug_frame   0x00000784      0x174 .\CortexM3\ARM_GCC_493\Debug\gnome_psoc5.a(CyFlash.o)
 .debug_frame   0x000008f8      0x728 .\CortexM3\ARM_GCC_493\Debug\gnome_psoc5.a(CyLib.o)
 .debug_frame   0x00001020      0x1f8 .\CortexM3\ARM_GCC_493\Debug\gnome_psoc5.a(cyPm.o)
 .debug_frame   0x00001218      0x160 .\CortexM3\ARM_GCC_493\Debug\gnome_psoc5.a(CySpc.o)
 .debug_frame   0x00001378      0x17c .\CortexM3\ARM_GCC_493\Debug\gnome_psoc5.a(EEPROM.o)
 .debug_frame   0x000014f4       0x90 .\CortexM3\ARM_GCC_493\Debug\gnome_psoc5.a(I2C.o)
 .debug_frame   0x00001584       0x30 .\CortexM3\ARM_GCC_493\Debug\gnome_psoc5.a(I2C_INT.o)
 .debug_frame   0x000015b4       0x74 .\CortexM3\ARM_GCC_493\Debug\gnome_psoc5.a(I2C_PM.o)
 .debug_frame   0x00001628      0x138 .\CortexM3\ARM_GCC_493\Debug\gnome_psoc5.a(I2C_MASTER.o)
 .debug_frame   0x00001760       0x20 c:/program files (x86)/cypress/psoc creator/3.3/psoc creator/import/gnu/arm/4.9.3/bin/../lib/gcc/arm-none-eabi/4.9.3/../../../../arm-none-eabi/lib/armv7-m\libg_nano.a(lib_a-errno.o)
 .debug_frame   0x00001780       0x28 c:/program files (x86)/cypress/psoc creator/3.3/psoc creator/import/gnu/arm/4.9.3/bin/../lib/gcc/arm-none-eabi/4.9.3/../../../../arm-none-eabi/lib/armv7-m\libg_nano.a(lib_a-exit.o)
 .debug_frame   0x000017a8       0x2c c:/program files (x86)/cypress/psoc creator/3.3/psoc creator/import/gnu/arm/4.9.3/bin/../lib/gcc/arm-none-eabi/4.9.3/../../../../arm-none-eabi/lib/armv7-m\libg_nano.a(lib_a-init.o)
 .debug_frame   0x000017d4       0x28 c:/program files (x86)/cypress/psoc creator/3.3/psoc creator/import/gnu/arm/4.9.3/bin/../lib/gcc/arm-none-eabi/4.9.3/../../../../arm-none-eabi/lib/armv7-m\libg_nano.a(lib_a-memcpy.o)
 .debug_frame   0x000017fc       0x20 c:/program files (x86)/cypress/psoc creator/3.3/psoc creator/import/gnu/arm/4.9.3/bin/../lib/gcc/arm-none-eabi/4.9.3/../../../../arm-none-eabi/lib/armv7-m\libg_nano.a(lib_a-memset.o)
 .debug_frame   0x0000181c       0x70 c:/program files (x86)/cypress/psoc creator/3.3/psoc creator/import/gnu/arm/4.9.3/bin/../lib/gcc/arm-none-eabi/4.9.3/../../../../arm-none-eabi/lib/armv7-m\libg_nano.a(lib_a-sprintf.o)
 .debug_frame   0x0000188c       0x20 c:/program files (x86)/cypress/psoc creator/3.3/psoc creator/import/gnu/arm/4.9.3/bin/../lib/gcc/arm-none-eabi/4.9.3/../../../../arm-none-eabi/lib/armv7-m\libg_nano.a(lib_a-strcpy.o)
 .debug_frame   0x000018ac       0x20 c:/program files (x86)/cypress/psoc creator/3.3/psoc creator/import/gnu/arm/4.9.3/bin/../lib/gcc/arm-none-eabi/4.9.3/../../../../arm-none-eabi/lib/armv7-m\libg_nano.a(lib_a-strlen.o)
 .debug_frame   0x000018cc       0x8c c:/program files (x86)/cypress/psoc creator/3.3/psoc creator/import/gnu/arm/4.9.3/bin/../lib/gcc/arm-none-eabi/4.9.3/../../../../arm-none-eabi/lib/armv7-m\libg_nano.a(lib_a-nano-svfprintf.o)
 .debug_frame   0x00001958       0x58 c:/program files (x86)/cypress/psoc creator/3.3/psoc creator/import/gnu/arm/4.9.3/bin/../lib/gcc/arm-none-eabi/4.9.3/../../../../arm-none-eabi/lib/armv7-m\libg_nano.a(lib_a-nano-vfprintf_i.o)
 .debug_frame   0x000019b0       0x28 c:/program files (x86)/cypress/psoc creator/3.3/psoc creator/import/gnu/arm/4.9.3/bin/../lib/gcc/arm-none-eabi/4.9.3/../../../../arm-none-eabi/lib/armv7-m\libg_nano.a(lib_a-memchr.o)
 .debug_frame   0x000019d8       0x28 c:/program files (x86)/cypress/psoc creator/3.3/psoc creator/import/gnu/arm/4.9.3/bin/../lib/gcc/arm-none-eabi/4.9.3/../../../../arm-none-eabi/lib/armv7-m\libg_nano.a(lib_a-memmove.o)
 .debug_frame   0x00001a00       0x2c c:/program files (x86)/cypress/psoc creator/3.3/psoc creator/import/gnu/arm/4.9.3/bin/../lib/gcc/arm-none-eabi/4.9.3/../../../../arm-none-eabi/lib/armv7-m\libg_nano.a(lib_a-nano-freer.o)
 .debug_frame   0x00001a2c       0x2c c:/program files (x86)/cypress/psoc creator/3.3/psoc creator/import/gnu/arm/4.9.3/bin/../lib/gcc/arm-none-eabi/4.9.3/../../../../arm-none-eabi/lib/armv7-m\libg_nano.a(lib_a-nano-mallocr.o)
 .debug_frame   0x00001a58       0x3c c:/program files (x86)/cypress/psoc creator/3.3/psoc creator/import/gnu/arm/4.9.3/bin/../lib/gcc/arm-none-eabi/4.9.3/../../../../arm-none-eabi/lib/armv7-m\libg_nano.a(lib_a-nano-reallocr.o)
 .debug_frame   0x00001a94       0x2c c:/program files (x86)/cypress/psoc creator/3.3/psoc creator/import/gnu/arm/4.9.3/bin/../lib/gcc/arm-none-eabi/4.9.3/../../../../arm-none-eabi/lib/armv7-m\libg_nano.a(lib_a-sbrkr.o)
 .debug_frame   0x00001ac0       0x20 c:/program files (x86)/cypress/psoc creator/3.3/psoc creator/import/gnu/arm/4.9.3/bin/../lib/gcc/arm-none-eabi/4.9.3/../../../../arm-none-eabi/lib/armv7-m\libg_nano.a(lib_a-nano-msizer.o)
 .debug_frame   0x00001ae0       0x5c c:/program files (x86)/cypress/psoc creator/3.3/psoc creator/import/gnu/arm/4.9.3/bin/../lib/gcc/arm-none-eabi/4.9.3/../../../../arm-none-eabi/lib/armv7-m\libg_nano.a(lib_a-reent.o)

.debug_str      0x00000000     0x1c9f
 *(.debug_str)
 .debug_str     0x00000000      0x1fa .\CortexM3\ARM_GCC_493\Debug\main.o
                                0x248 (size before relaxing)
 .debug_str     0x000001fa      0x1b4 .\CortexM3\ARM_GCC_493\Debug\gnome.o
                                0x400 (size before relaxing)
 .debug_str     0x000003ae      0x11e .\CortexM3\ARM_GCC_493\Debug\gnome_execute.o
                                0x402 (size before relaxing)
 .debug_str     0x000004cc       0x17 .\CortexM3\ARM_GCC_493\Debug\gnome_inst_decoder.o
                                0x2c9 (size before relaxing)
 .debug_str     0x000004e3       0x4e .\CortexM3\ARM_GCC_493\Debug\gnome_memory.o
                                0x2e3 (size before relaxing)
 .debug_str     0x00000531      0x1ca .\CortexM3\ARM_GCC_493\Debug\i2cLCD.o
                                0x402 (size before relaxing)
 .debug_str     0x000006fb       0x76 .\CortexM3\ARM_GCC_493\Debug\gnome_lcd.o
                                0x2fe (size before relaxing)
 .debug_str     0x00000771       0x81 .\CortexM3\ARM_GCC_493\Debug\cymetadata.o
                                0x1fd (size before relaxing)
 .debug_str     0x000007f2      0x14c .\CortexM3\ARM_GCC_493\Debug\Cm3Start.o
                                0x307 (size before relaxing)
 .debug_str     0x0000093e      0x165 .\CortexM3\ARM_GCC_493\Debug\gnome_psoc5.a(cyfitter_cfg.o)
                                0x31b (size before relaxing)
 .debug_str     0x00000aa3       0xd8 .\CortexM3\ARM_GCC_493\Debug\gnome_psoc5.a(ISR.o)
                                0x287 (size before relaxing)
 .debug_str     0x00000b7b      0x1f9 .\CortexM3\ARM_GCC_493\Debug\gnome_psoc5.a(CyFlash.o)
                                0x39e (size before relaxing)
 .debug_str     0x00000d74      0x76a .\CortexM3\ARM_GCC_493\Debug\gnome_psoc5.a(CyLib.o)
                                0xa2c (size before relaxing)
 .debug_str     0x000014de      0x345 .\CortexM3\ARM_GCC_493\Debug\gnome_psoc5.a(cyPm.o)
                                0x724 (size before relaxing)
 .debug_str     0x00001823       0xae .\CortexM3\ARM_GCC_493\Debug\gnome_psoc5.a(CySpc.o)
                                0x327 (size before relaxing)
 .debug_str     0x000018d1       0xdb .\CortexM3\ARM_GCC_493\Debug\gnome_psoc5.a(EEPROM.o)
                                0x3bf (size before relaxing)
 .debug_str     0x000019ac       0xdb .\CortexM3\ARM_GCC_493\Debug\gnome_psoc5.a(I2C.o)
                                0x2eb (size before relaxing)
 .debug_str     0x00001a87       0x88 .\CortexM3\ARM_GCC_493\Debug\gnome_psoc5.a(I2C_INT.o)
                                0x25c (size before relaxing)
 .debug_str     0x00001b0f       0x58 .\CortexM3\ARM_GCC_493\Debug\gnome_psoc5.a(I2C_PM.o)
                                0x27a (size before relaxing)
 .debug_str     0x00001b67      0x138 .\CortexM3\ARM_GCC_493\Debug\gnome_psoc5.a(I2C_MASTER.o)
                                0x3a1 (size before relaxing)

.debug_loc      0x00000000     0x2ebd
 *(.debug_loc)
 .debug_loc     0x00000000       0x60 .\CortexM3\ARM_GCC_493\Debug\gnome.o
 .debug_loc     0x00000060      0x4c0 .\CortexM3\ARM_GCC_493\Debug\gnome_execute.o
 .debug_loc     0x00000520       0x53 .\CortexM3\ARM_GCC_493\Debug\gnome_inst_decoder.o
 .debug_loc     0x00000573      0x179 .\CortexM3\ARM_GCC_493\Debug\gnome_memory.o
 .debug_loc     0x000006ec      0x4db .\CortexM3\ARM_GCC_493\Debug\i2cLCD.o
 .debug_loc     0x00000bc7      0x144 .\CortexM3\ARM_GCC_493\Debug\Cm3Start.o
 .debug_loc     0x00000d0b      0x1d7 .\CortexM3\ARM_GCC_493\Debug\gnome_psoc5.a(cyfitter_cfg.o)
 .debug_loc     0x00000ee2       0x56 .\CortexM3\ARM_GCC_493\Debug\gnome_psoc5.a(ISR.o)
 .debug_loc     0x00000f38      0x300 .\CortexM3\ARM_GCC_493\Debug\gnome_psoc5.a(CyFlash.o)
 .debug_loc     0x00001238      0xa11 .\CortexM3\ARM_GCC_493\Debug\gnome_psoc5.a(CyLib.o)
 .debug_loc     0x00001c49      0x1e4 .\CortexM3\ARM_GCC_493\Debug\gnome_psoc5.a(cyPm.o)
 .debug_loc     0x00001e2d      0x64d .\CortexM3\ARM_GCC_493\Debug\gnome_psoc5.a(CySpc.o)
 .debug_loc     0x0000247a      0x49f .\CortexM3\ARM_GCC_493\Debug\gnome_psoc5.a(EEPROM.o)
 .debug_loc     0x00002919       0x39 .\CortexM3\ARM_GCC_493\Debug\gnome_psoc5.a(I2C.o)
 .debug_loc     0x00002952       0x29 .\CortexM3\ARM_GCC_493\Debug\gnome_psoc5.a(I2C_INT.o)
 .debug_loc     0x0000297b       0x13 .\CortexM3\ARM_GCC_493\Debug\gnome_psoc5.a(I2C_PM.o)
 .debug_loc     0x0000298e      0x52f .\CortexM3\ARM_GCC_493\Debug\gnome_psoc5.a(I2C_MASTER.o)

.debug_macinfo
 *(.debug_macinfo)

.debug_ranges   0x00000000      0x7b8
 *(.debug_ranges)
 .debug_ranges  0x00000000       0x10 .\CortexM3\ARM_GCC_493\Debug\main.o
 .debug_ranges  0x00000010       0x20 .\CortexM3\ARM_GCC_493\Debug\gnome.o
 .debug_ranges  0x00000030       0xa8 .\CortexM3\ARM_GCC_493\Debug\gnome_execute.o
 .debug_ranges  0x000000d8       0x10 .\CortexM3\ARM_GCC_493\Debug\gnome_inst_decoder.o
 .debug_ranges  0x000000e8       0x20 .\CortexM3\ARM_GCC_493\Debug\gnome_memory.o
 .debug_ranges  0x00000108       0x80 .\CortexM3\ARM_GCC_493\Debug\i2cLCD.o
 .debug_ranges  0x00000188       0x20 .\CortexM3\ARM_GCC_493\Debug\gnome_lcd.o
 .debug_ranges  0x000001a8       0x38 .\CortexM3\ARM_GCC_493\Debug\Cm3Start.o
 .debug_ranges  0x000001e0       0x48 .\CortexM3\ARM_GCC_493\Debug\gnome_psoc5.a(cyfitter_cfg.o)
 .debug_ranges  0x00000228       0x70 .\CortexM3\ARM_GCC_493\Debug\gnome_psoc5.a(ISR.o)
 .debug_ranges  0x00000298       0x70 .\CortexM3\ARM_GCC_493\Debug\gnome_psoc5.a(CyFlash.o)
 .debug_ranges  0x00000308      0x288 .\CortexM3\ARM_GCC_493\Debug\gnome_psoc5.a(CyLib.o)
 .debug_ranges  0x00000590       0x88 .\CortexM3\ARM_GCC_493\Debug\gnome_psoc5.a(cyPm.o)
 .debug_ranges  0x00000618       0x68 .\CortexM3\ARM_GCC_493\Debug\gnome_psoc5.a(CySpc.o)
 .debug_ranges  0x00000680       0x68 .\CortexM3\ARM_GCC_493\Debug\gnome_psoc5.a(EEPROM.o)
 .debug_ranges  0x000006e8       0x28 .\CortexM3\ARM_GCC_493\Debug\gnome_psoc5.a(I2C.o)
 .debug_ranges  0x00000710       0x10 .\CortexM3\ARM_GCC_493\Debug\gnome_psoc5.a(I2C_INT.o)
 .debug_ranges  0x00000720       0x28 .\CortexM3\ARM_GCC_493\Debug\gnome_psoc5.a(I2C_PM.o)
 .debug_ranges  0x00000748       0x70 .\CortexM3\ARM_GCC_493\Debug\gnome_psoc5.a(I2C_MASTER.o)

.comment        0x00000000       0x70
 .comment       0x00000000       0x70 .\CortexM3\ARM_GCC_493\Debug\main.o
                                 0x71 (size before relaxing)
 .comment       0x00000000       0x71 .\CortexM3\ARM_GCC_493\Debug\gnome.o
 .comment       0x00000000       0x71 .\CortexM3\ARM_GCC_493\Debug\gnome_execute.o
 .comment       0x00000000       0x71 .\CortexM3\ARM_GCC_493\Debug\gnome_inst_decoder.o
 .comment       0x00000000       0x71 .\CortexM3\ARM_GCC_493\Debug\gnome_memory.o
 .comment       0x00000000       0x71 .\CortexM3\ARM_GCC_493\Debug\i2cLCD.o
 .comment       0x00000000       0x71 .\CortexM3\ARM_GCC_493\Debug\gnome_lcd.o
 .comment       0x00000000       0x71 .\CortexM3\ARM_GCC_493\Debug\cymetadata.o
 .comment       0x00000000       0x71 .\CortexM3\ARM_GCC_493\Debug\Cm3Start.o
 .comment       0x00000000       0x71 .\CortexM3\ARM_GCC_493\Debug\gnome_psoc5.a(cyfitter_cfg.o)
 .comment       0x00000000       0x71 .\CortexM3\ARM_GCC_493\Debug\gnome_psoc5.a(ISR.o)
 .comment       0x00000000       0x71 .\CortexM3\ARM_GCC_493\Debug\gnome_psoc5.a(CyFlash.o)
 .comment       0x00000000       0x71 .\CortexM3\ARM_GCC_493\Debug\gnome_psoc5.a(CyLib.o)
 .comment       0x00000000       0x71 .\CortexM3\ARM_GCC_493\Debug\gnome_psoc5.a(cyPm.o)
 .comment       0x00000000       0x71 .\CortexM3\ARM_GCC_493\Debug\gnome_psoc5.a(CySpc.o)
 .comment       0x00000000       0x71 .\CortexM3\ARM_GCC_493\Debug\gnome_psoc5.a(EEPROM.o)
 .comment       0x00000000       0x71 .\CortexM3\ARM_GCC_493\Debug\gnome_psoc5.a(I2C.o)
 .comment       0x00000000       0x71 .\CortexM3\ARM_GCC_493\Debug\gnome_psoc5.a(I2C_INT.o)
 .comment       0x00000000       0x71 .\CortexM3\ARM_GCC_493\Debug\gnome_psoc5.a(I2C_PM.o)
 .comment       0x00000000       0x71 .\CortexM3\ARM_GCC_493\Debug\gnome_psoc5.a(I2C_MASTER.o)

.debug_weaknames
 *(.debug_weaknames)

.debug_funcnames
 *(.debug_funcnames)

.debug_typenames
 *(.debug_typenames)

.debug_varnames
 *(.debug_varnames)

.note.gnu.arm.ident
 *(.note.gnu.arm.ident)

.ARM.attributes
                0x00000000       0x29
 *(.ARM.attributes)
 .ARM.attributes
                0x00000000       0x1d c:/program files (x86)/cypress/psoc creator/3.3/psoc creator/import/gnu/arm/4.9.3/bin/../lib/gcc/arm-none-eabi/4.9.3/armv7-m/crti.o
 .ARM.attributes
                0x0000001d       0x2d c:/program files (x86)/cypress/psoc creator/3.3/psoc creator/import/gnu/arm/4.9.3/bin/../lib/gcc/arm-none-eabi/4.9.3/armv7-m/crtbegin.o
 .ARM.attributes
                0x0000004a       0x1b c:/program files (x86)/cypress/psoc creator/3.3/psoc creator/import/gnu/arm/4.9.3/bin/../lib/gcc/arm-none-eabi/4.9.3/../../../../arm-none-eabi/lib/armv7-m/crt0.o
 .ARM.attributes
                0x00000065       0x33 .\CortexM3\ARM_GCC_493\Debug\main.o
 .ARM.attributes
                0x00000098       0x33 .\CortexM3\ARM_GCC_493\Debug\gnome.o
 .ARM.attributes
                0x000000cb       0x33 .\CortexM3\ARM_GCC_493\Debug\gnome_execute.o
 .ARM.attributes
                0x000000fe       0x33 .\CortexM3\ARM_GCC_493\Debug\gnome_inst_decoder.o
 .ARM.attributes
                0x00000131       0x33 .\CortexM3\ARM_GCC_493\Debug\gnome_memory.o
 .ARM.attributes
                0x00000164       0x33 .\CortexM3\ARM_GCC_493\Debug\i2cLCD.o
 .ARM.attributes
                0x00000197       0x33 .\CortexM3\ARM_GCC_493\Debug\gnome_lcd.o
 .ARM.attributes
                0x000001ca       0x33 .\CortexM3\ARM_GCC_493\Debug\cymetadata.o
 .ARM.attributes
                0x000001fd       0x33 .\CortexM3\ARM_GCC_493\Debug\Cm3Start.o
 .ARM.attributes
                0x00000230       0x33 .\CortexM3\ARM_GCC_493\Debug\gnome_psoc5.a(cyfitter_cfg.o)
 .ARM.attributes
                0x00000263       0x33 .\CortexM3\ARM_GCC_493\Debug\gnome_psoc5.a(ISR.o)
 .ARM.attributes
                0x00000296       0x21 .\CortexM3\ARM_GCC_493\Debug\gnome_psoc5.a(CyBootAsmGnu.o)
 .ARM.attributes
                0x000002b7       0x33 .\CortexM3\ARM_GCC_493\Debug\gnome_psoc5.a(CyFlash.o)
 .ARM.attributes
                0x000002ea       0x33 .\CortexM3\ARM_GCC_493\Debug\gnome_psoc5.a(CyLib.o)
 .ARM.attributes
                0x0000031d       0x33 .\CortexM3\ARM_GCC_493\Debug\gnome_psoc5.a(cyPm.o)
 .ARM.attributes
                0x00000350       0x33 .\CortexM3\ARM_GCC_493\Debug\gnome_psoc5.a(CySpc.o)
 .ARM.attributes
                0x00000383       0x33 .\CortexM3\ARM_GCC_493\Debug\gnome_psoc5.a(EEPROM.o)
 .ARM.attributes
                0x000003b6       0x33 .\CortexM3\ARM_GCC_493\Debug\gnome_psoc5.a(I2C.o)
 .ARM.attributes
                0x000003e9       0x33 .\CortexM3\ARM_GCC_493\Debug\gnome_psoc5.a(I2C_INT.o)
 .ARM.attributes
                0x0000041c       0x33 .\CortexM3\ARM_GCC_493\Debug\gnome_psoc5.a(I2C_PM.o)
 .ARM.attributes
                0x0000044f       0x33 .\CortexM3\ARM_GCC_493\Debug\gnome_psoc5.a(I2C_MASTER.o)
 .ARM.attributes
                0x00000482       0x2d c:/program files (x86)/cypress/psoc creator/3.3/psoc creator/import/gnu/arm/4.9.3/bin/../lib/gcc/arm-none-eabi/4.9.3/../../../../arm-none-eabi/lib/armv7-m\libg_nano.a(lib_a-errno.o)
 .ARM.attributes
                0x000004af       0x2d c:/program files (x86)/cypress/psoc creator/3.3/psoc creator/import/gnu/arm/4.9.3/bin/../lib/gcc/arm-none-eabi/4.9.3/../../../../arm-none-eabi/lib/armv7-m\libg_nano.a(lib_a-exit.o)
 .ARM.attributes
                0x000004dc       0x2d c:/program files (x86)/cypress/psoc creator/3.3/psoc creator/import/gnu/arm/4.9.3/bin/../lib/gcc/arm-none-eabi/4.9.3/../../../../arm-none-eabi/lib/armv7-m\libg_nano.a(lib_a-impure.o)
 .ARM.attributes
                0x00000509       0x2d c:/program files (x86)/cypress/psoc creator/3.3/psoc creator/import/gnu/arm/4.9.3/bin/../lib/gcc/arm-none-eabi/4.9.3/../../../../arm-none-eabi/lib/armv7-m\libg_nano.a(lib_a-init.o)
 .ARM.attributes
                0x00000536       0x2d c:/program files (x86)/cypress/psoc creator/3.3/psoc creator/import/gnu/arm/4.9.3/bin/../lib/gcc/arm-none-eabi/4.9.3/../../../../arm-none-eabi/lib/armv7-m\libg_nano.a(lib_a-memcpy.o)
 .ARM.attributes
                0x00000563       0x2d c:/program files (x86)/cypress/psoc creator/3.3/psoc creator/import/gnu/arm/4.9.3/bin/../lib/gcc/arm-none-eabi/4.9.3/../../../../arm-none-eabi/lib/armv7-m\libg_nano.a(lib_a-memset.o)
 .ARM.attributes
                0x00000590       0x2d c:/program files (x86)/cypress/psoc creator/3.3/psoc creator/import/gnu/arm/4.9.3/bin/../lib/gcc/arm-none-eabi/4.9.3/../../../../arm-none-eabi/lib/armv7-m\libg_nano.a(lib_a-sprintf.o)
 .ARM.attributes
                0x000005bd       0x1b c:/program files (x86)/cypress/psoc creator/3.3/psoc creator/import/gnu/arm/4.9.3/bin/../lib/gcc/arm-none-eabi/4.9.3/../../../../arm-none-eabi/lib/armv7-m\libg_nano.a(lib_a-strcmp.o)
 .ARM.attributes
                0x000005d8       0x2d c:/program files (x86)/cypress/psoc creator/3.3/psoc creator/import/gnu/arm/4.9.3/bin/../lib/gcc/arm-none-eabi/4.9.3/../../../../arm-none-eabi/lib/armv7-m\libg_nano.a(lib_a-strcpy.o)
 .ARM.attributes
                0x00000605       0x2d c:/program files (x86)/cypress/psoc creator/3.3/psoc creator/import/gnu/arm/4.9.3/bin/../lib/gcc/arm-none-eabi/4.9.3/../../../../arm-none-eabi/lib/armv7-m\libg_nano.a(lib_a-strlen.o)
 .ARM.attributes
                0x00000632       0x2d c:/program files (x86)/cypress/psoc creator/3.3/psoc creator/import/gnu/arm/4.9.3/bin/../lib/gcc/arm-none-eabi/4.9.3/../../../../arm-none-eabi/lib/armv7-m\libg_nano.a(lib_a-nano-svfprintf.o)
 .ARM.attributes
                0x0000065f       0x2d c:/program files (x86)/cypress/psoc creator/3.3/psoc creator/import/gnu/arm/4.9.3/bin/../lib/gcc/arm-none-eabi/4.9.3/../../../../arm-none-eabi/lib/armv7-m\libg_nano.a(lib_a-nano-vfprintf_i.o)
 .ARM.attributes
                0x0000068c       0x2d c:/program files (x86)/cypress/psoc creator/3.3/psoc creator/import/gnu/arm/4.9.3/bin/../lib/gcc/arm-none-eabi/4.9.3/../../../../arm-none-eabi/lib/armv7-m\libg_nano.a(lib_a-memchr.o)
 .ARM.attributes
                0x000006b9       0x2d c:/program files (x86)/cypress/psoc creator/3.3/psoc creator/import/gnu/arm/4.9.3/bin/../lib/gcc/arm-none-eabi/4.9.3/../../../../arm-none-eabi/lib/armv7-m\libg_nano.a(lib_a-memmove.o)
 .ARM.attributes
                0x000006e6       0x2d c:/program files (x86)/cypress/psoc creator/3.3/psoc creator/import/gnu/arm/4.9.3/bin/../lib/gcc/arm-none-eabi/4.9.3/../../../../arm-none-eabi/lib/armv7-m\libg_nano.a(lib_a-nano-freer.o)
 .ARM.attributes
                0x00000713       0x2d c:/program files (x86)/cypress/psoc creator/3.3/psoc creator/import/gnu/arm/4.9.3/bin/../lib/gcc/arm-none-eabi/4.9.3/../../../../arm-none-eabi/lib/armv7-m\libg_nano.a(lib_a-nano-mallocr.o)
 .ARM.attributes
                0x00000740       0x2d c:/program files (x86)/cypress/psoc creator/3.3/psoc creator/import/gnu/arm/4.9.3/bin/../lib/gcc/arm-none-eabi/4.9.3/../../../../arm-none-eabi/lib/armv7-m\libg_nano.a(lib_a-nano-reallocr.o)
 .ARM.attributes
                0x0000076d       0x2d c:/program files (x86)/cypress/psoc creator/3.3/psoc creator/import/gnu/arm/4.9.3/bin/../lib/gcc/arm-none-eabi/4.9.3/../../../../arm-none-eabi/lib/armv7-m\libg_nano.a(lib_a-sbrkr.o)
 .ARM.attributes
                0x0000079a       0x2d c:/program files (x86)/cypress/psoc creator/3.3/psoc creator/import/gnu/arm/4.9.3/bin/../lib/gcc/arm-none-eabi/4.9.3/../../../../arm-none-eabi/lib/armv7-m\libg_nano.a(lib_a-nano-msizer.o)
 .ARM.attributes
                0x000007c7       0x2d c:/program files (x86)/cypress/psoc creator/3.3/psoc creator/import/gnu/arm/4.9.3/bin/../lib/gcc/arm-none-eabi/4.9.3/../../../../arm-none-eabi/lib/armv7-m\libg_nano.a(lib_a-reent.o)
 .ARM.attributes
                0x000007f4       0x2d c:/program files (x86)/cypress/psoc creator/3.3/psoc creator/import/gnu/arm/4.9.3/bin/../lib/gcc/arm-none-eabi/4.9.3/armv7-m/crtend.o
 .ARM.attributes
                0x00000821       0x1d c:/program files (x86)/cypress/psoc creator/3.3/psoc creator/import/gnu/arm/4.9.3/bin/../lib/gcc/arm-none-eabi/4.9.3/armv7-m/crtn.o

/DISCARD/
 *(.note.GNU-stack)
OUTPUT(.\CortexM3\ARM_GCC_493\Debug\gnome_psoc5.elf elf32-littlearm)
