Archive member included because of file (symbol)

.\CortexM3\ARM_GCC_493\Debug\gnome_cajas.a(cyfitter_cfg.o)
                              .\CortexM3\ARM_GCC_493\Debug\Cm3Start.o (cyfitter_cfg)
.\CortexM3\ARM_GCC_493\Debug\gnome_cajas.a(CyBootAsmGnu.o)
                              .\CortexM3\ARM_GCC_493\Debug\gnome_cajas.a(cyfitter_cfg.o) (CyDelayCycles)
.\CortexM3\ARM_GCC_493\Debug\gnome_cajas.a(CyFlash.o)
                              .\CortexM3\ARM_GCC_493\Debug\gnome_cajas.a(cyfitter_cfg.o) (CyEEPROM_Start)
.\CortexM3\ARM_GCC_493\Debug\gnome_cajas.a(CyLib.o)
                              .\CortexM3\ARM_GCC_493\Debug\Cm3Start.o (CyHalt)
.\CortexM3\ARM_GCC_493\Debug\gnome_cajas.a(cyPm.o)
                              .\CortexM3\ARM_GCC_493\Debug\gnome_cajas.a(CyLib.o) (CyPmReadStatus)
.\CortexM3\ARM_GCC_493\Debug\gnome_cajas.a(CySpc.o)
                              .\CortexM3\ARM_GCC_493\Debug\gnome_cajas.a(CyFlash.o) (CySpcStart)
.\CortexM3\ARM_GCC_493\Debug\gnome_cajas.a(EEPROM.o)
                              .\CortexM3\ARM_GCC_493\Debug\gnome.o (EEPROM_Start)
.\CortexM3\ARM_GCC_493\Debug\gnome_cajas.a(UART.o)
                              .\CortexM3\ARM_GCC_493\Debug\gnome_debug.o (UART_Start)
.\CortexM3\ARM_GCC_493\Debug\gnome_cajas.a(UART_IntClock.o)
                              .\CortexM3\ARM_GCC_493\Debug\gnome_cajas.a(UART.o) (UART_IntClock_Start)
.\CortexM3\ARM_GCC_493\Debug\gnome_cajas.a(I2C.o)
                              .\CortexM3\ARM_GCC_493\Debug\gnome_lcd.o (I2C_Start)
.\CortexM3\ARM_GCC_493\Debug\gnome_cajas.a(I2C_INT.o)
                              .\CortexM3\ARM_GCC_493\Debug\gnome_cajas.a(I2C.o) (I2C_ISR)
.\CortexM3\ARM_GCC_493\Debug\gnome_cajas.a(I2C_PM.o)
                              .\CortexM3\ARM_GCC_493\Debug\gnome_cajas.a(I2C.o) (I2C_backup)
.\CortexM3\ARM_GCC_493\Debug\gnome_cajas.a(I2C_MASTER.o)
                              .\CortexM3\ARM_GCC_493\Debug\i2cLCD.o (I2C_MasterWriteBuf)
.\CortexM3\ARM_GCC_493\Debug\gnome_cajas.a(UART_RX_IT.o)
                              .\CortexM3\ARM_GCC_493\Debug\gnome_debug.o (UART_RX_IT_StartEx)
c:/program files (x86)/cypress/psoc creator/3.3/psoc creator/import/gnu/arm/4.9.3/bin/../lib/gcc/arm-none-eabi/4.9.3/../../../../arm-none-eabi/lib/armv7-m\libg_nano.a(lib_a-errno.o)
                              .\CortexM3\ARM_GCC_493\Debug\Cm3Start.o (__errno)
c:/program files (x86)/cypress/psoc creator/3.3/psoc creator/import/gnu/arm/4.9.3/bin/../lib/gcc/arm-none-eabi/4.9.3/../../../../arm-none-eabi/lib/armv7-m\libg_nano.a(lib_a-exit.o)
                              c:/program files (x86)/cypress/psoc creator/3.3/psoc creator/import/gnu/arm/4.9.3/bin/../lib/gcc/arm-none-eabi/4.9.3/../../../../arm-none-eabi/lib/armv7-m/crt0.o (exit)
c:/program files (x86)/cypress/psoc creator/3.3/psoc creator/import/gnu/arm/4.9.3/bin/../lib/gcc/arm-none-eabi/4.9.3/../../../../arm-none-eabi/lib/armv7-m\libg_nano.a(lib_a-impure.o)
                              c:/program files (x86)/cypress/psoc creator/3.3/psoc creator/import/gnu/arm/4.9.3/bin/../lib/gcc/arm-none-eabi/4.9.3/../../../../arm-none-eabi/lib/armv7-m\libg_nano.a(lib_a-exit.o) (_global_impure_ptr)
c:/program files (x86)/cypress/psoc creator/3.3/psoc creator/import/gnu/arm/4.9.3/bin/../lib/gcc/arm-none-eabi/4.9.3/../../../../arm-none-eabi/lib/armv7-m\libg_nano.a(lib_a-init.o)
                              c:/program files (x86)/cypress/psoc creator/3.3/psoc creator/import/gnu/arm/4.9.3/bin/../lib/gcc/arm-none-eabi/4.9.3/../../../../arm-none-eabi/lib/armv7-m/crt0.o (__libc_init_array)
c:/program files (x86)/cypress/psoc creator/3.3/psoc creator/import/gnu/arm/4.9.3/bin/../lib/gcc/arm-none-eabi/4.9.3/../../../../arm-none-eabi/lib/armv7-m\libg_nano.a(lib_a-memcpy.o)
                              .\CortexM3\ARM_GCC_493\Debug\gnome_cajas.a(cyfitter_cfg.o) (memcpy)
c:/program files (x86)/cypress/psoc creator/3.3/psoc creator/import/gnu/arm/4.9.3/bin/../lib/gcc/arm-none-eabi/4.9.3/../../../../arm-none-eabi/lib/armv7-m\libg_nano.a(lib_a-memset.o)
                              c:/program files (x86)/cypress/psoc creator/3.3/psoc creator/import/gnu/arm/4.9.3/bin/../lib/gcc/arm-none-eabi/4.9.3/../../../../arm-none-eabi/lib/armv7-m/crt0.o (memset)
c:/program files (x86)/cypress/psoc creator/3.3/psoc creator/import/gnu/arm/4.9.3/bin/../lib/gcc/arm-none-eabi/4.9.3/../../../../arm-none-eabi/lib/armv7-m\libg_nano.a(lib_a-sprintf.o)
                              .\CortexM3\ARM_GCC_493\Debug\gnome_lcd.o (sprintf)
c:/program files (x86)/cypress/psoc creator/3.3/psoc creator/import/gnu/arm/4.9.3/bin/../lib/gcc/arm-none-eabi/4.9.3/../../../../arm-none-eabi/lib/armv7-m\libg_nano.a(lib_a-strcmp.o)
                              .\CortexM3\ARM_GCC_493\Debug\i2cLCD.o (strcmp)
c:/program files (x86)/cypress/psoc creator/3.3/psoc creator/import/gnu/arm/4.9.3/bin/../lib/gcc/arm-none-eabi/4.9.3/../../../../arm-none-eabi/lib/armv7-m\libg_nano.a(lib_a-strcpy.o)
[...]
Memory Configuration

Name             Origin             Length             Attributes
rom              0x00000000         0x00040000         xr
ram              0x1fff8000         0x00010000         xrw
*default*        0x00000000         0xffffffff

Linker script and memory map

LOAD c:/program files (x86)/cypress/psoc creator/3.3/psoc creator/import/gnu/arm/4.9.3/bin/../lib/gcc/arm-none-eabi/4.9.3/armv7-m/crti.o
LOAD c:/program files (x86)/cypress/psoc creator/3.3/psoc creator/import/gnu/arm/4.9.3/bin/../lib/gcc/arm-none-eabi/4.9.3/armv7-m/crtbegin.o
LOAD c:/program files (x86)/cypress/psoc creator/3.3/psoc creator/import/gnu/arm/4.9.3/bin/../lib/gcc/arm-none-eabi/4.9.3/../../../../arm-none-eabi/lib/armv7-m/crt0.o
START GROUP
LOAD .\CortexM3\ARM_GCC_493\Debug\main.o
LOAD .\CortexM3\ARM_GCC_493\Debug\gnome.o
LOAD .\CortexM3\ARM_GCC_493\Debug\gnome_execute.o
LOAD .\CortexM3\ARM_GCC_493\Debug\gnome_inst_decoder.o
LOAD .\CortexM3\ARM_GCC_493\Debug\gnome_memory.o
LOAD .\CortexM3\ARM_GCC_493\Debug\i2cLCD.o
LOAD .\CortexM3\ARM_GCC_493\Debug\gnome_lcd.o
LOAD .\CortexM3\ARM_GCC_493\Debug\gnome_debug.o
LOAD .\CortexM3\ARM_GCC_493\Debug\gnome_it.o
LOAD .\CortexM3\ARM_GCC_493\Debug\cymetadata.o
LOAD .\CortexM3\ARM_GCC_493\Debug\Cm3Start.o
LOAD .\CortexM3\ARM_GCC_493\Debug\gnome_cajas.a
LOAD C:\Program Files (x86)\Cypress\PSoC Creator\3.3\PSoC Creator\psoc\content\cycomponentlibrary\CyComponentLibrary.cylib\CortexM3\ARM_GCC_493\Debug\CyComponentLibrary.a
END GROUP
START GROUP
LOAD c:/program files (x86)/cypress/psoc creator/3.3/psoc creator/import/gnu/arm/4.9.3/bin/../lib/gcc/arm-none-eabi/4.9.3/armv7-m\libgcc.a
LOAD c:/program files (x86)/cypress/psoc creator/3.3/psoc creator/import/gnu/arm/4.9.3/bin/../lib/gcc/arm-none-eabi/4.9.3/../../../../arm-none-eabi/lib/armv7-m\libg_nano.a
LOAD c:/program files (x86)/cypress/psoc creator/3.3/psoc creator/import/gnu/arm/4.9.3/bin/../lib/gcc/arm-none-eabi/4.9.3/../../../../arm-none-eabi/lib/armv7-m\libc_nano.a
END GROUP
START GROUP
LOAD c:/program files (x86)/cypress/psoc creator/3.3/psoc creator/import/gnu/arm/4.9.3/bin/../lib/gcc/arm-none-eabi/4.9.3/armv7-m\libgcc.a
LOAD c:/program files (x86)/cypress/psoc creator/3.3/psoc creator/import/gnu/arm/4.9.3/bin/../lib/gcc/arm-none-eabi/4.9.3/../../../../arm-none-eabi/lib/armv7-m\libc_nano.a
END GROUP
LOAD c:/program files (x86)/cypress/psoc creator/3.3/psoc creator/import/gnu/arm/4.9.3/bin/../lib/gcc/arm-none-eabi/4.9.3/armv7-m/crtend.o
LOAD c:/program files (x86)/cypress/psoc creator/3.3/psoc creator/import/gnu/arm/4.9.3/bin/../lib/gcc/arm-none-eabi/4.9.3/armv7-m/crtn.o
START GROUP
LOAD c:/program files (x86)/cypress/psoc creator/3.3/psoc creator/import/gnu/arm/4.9.3/bin/../lib/gcc/arm-none-eabi/4.9.3/armv7-m\libgcc.a
LOAD c:/program files (x86)/cypress/psoc creator/3.3/psoc creator/import/gnu/arm/4.9.3/bin/../lib/gcc/arm-none-eabi/4.9.3/../../../../arm-none-eabi/lib/armv7-m\libc.a
LOAD c:/program files (x86)/cypress/psoc creator/3.3/psoc creator/import/gnu/arm/4.9.3/bin/../lib/gcc/arm-none-eabi/4.9.3/../../../../arm-none-eabi/lib/armv7-m\libnosys.a
END GROUP
                0x00000000                CY_APPL_ORIGIN = 0x0
                0x00000100                CY_FLASH_ROW_SIZE = 0x100
                0x00000020                CY_ECC_ROW_SIZE = 0x20
                0x00000000                CY_EE_IN_BTLDR = 0x0
                0x00000000                CY_APPL_LOADABLE = 0x0
                0x00000800                CY_EE_SIZE = 0x800
                0x00000001                CY_APPL_NUM = 0x1
                0x00000001                CY_APPL_MAX = 0x1
                0x00000040                CY_METADATA_SIZE = 0x40
                0x00000000                CY_APPL_LOADABLE = 0x0
                0x00000000                CY_CHECKSUM_EXCLUDE_SIZE = ALIGN (0x0, CY_FLASH_ROW_SIZE)
                0x1fff83c8                PROVIDE (__cy_heap_start, _end)
                0x00000001                PROVIDE (__cy_region_num, ((__cy_regions_end - __cy_regions) / 0x10))
                0x20008000                PROVIDE (__cy_stack, (ORIGIN (ram) + 0x10000))
                0x20007800                PROVIDE (__cy_heap_end, (__cy_stack - 0x800))

.cybootloader   0x00000000        0x0
 *(.cybootloader)
                0x00000000                appl1_start = CY_APPL_ORIGIN?CY_APPL_ORIGIN:ALIGN (CY_FLASH_ROW_SIZE)
                0x0001ff00                appl2_start = (appl1_start + ALIGN ((((0x40000 - appl1_start) - (0x2 * CY_FLASH_ROW_SIZE)) / 0x2), CY_FLASH_ROW_SIZE))
                0x00000000                appl_start = (CY_APPL_NUM == 0x1)?appl1_start:appl2_start
                0x00000000                ecc_offset = ((appl_start / CY_FLASH_ROW_SIZE) * CY_ECC_ROW_SIZE)
                0x00000000                ee_offset = (CY_APPL_LOADABLE && ! (CY_EE_IN_BTLDR))?((CY_EE_SIZE / CY_APPL_MAX) * (CY_APPL_NUM - 0x1)):0x0
                0x00000800                ee_size = (CY_APPL_LOADABLE && ! (CY_EE_IN_BTLDR))?(CY_EE_SIZE / CY_APPL_MAX):CY_EE_SIZE
                0x00000000                PROVIDE (CY_ECC_OFFSET, ecc_offset)

.text           0x00000000     0x2544
 CREATE_OBJECT_SYMBOLS
                0x00000000                PROVIDE (__cy_interrupt_vector, RomVectors)
 *(.romvectors)
 .romvectors    0x00000000       0x10 .\CortexM3\ARM_GCC_493\Debug\Cm3Start.o
                0x00000000                RomVectors
                0x00000001                ASSERT ((. != __cy_interrupt_vector), No interrupt vector)
                0x00000001                ASSERT (CY_APPL_ORIGIN?(SIZEOF (.cybootloader) <= CY_APPL_ORIGIN):0x1, Wrong image location)
                0x00000010                PROVIDE (__cy_reset, Reset)
 *(.text.Reset)
 .text.Reset    0x00000010       0x18 .\CortexM3\ARM_GCC_493\Debug\Cm3Start.o
                0x00000010                Reset
                0x00000001                ASSERT ((. != __cy_reset), No reset code)
 *(.dma_init)
                0x00000001                ASSERT ((((appl_start + .) <= 0x10000) || 0x1), DMA Init must be within the first 64k of flash)
 *(.text .text.* .gnu.linkonce.t.*)
 .text          0x00000028       0x5c c:/program files (x86)/cypress/psoc creator/3.3/psoc creator/import/gnu/arm/4.9.3/bin/../lib/gcc/arm-none-eabi/4.9.3/armv7-m/crtbegin.o
 .text.main     0x00000084        0xc .\CortexM3\ARM_GCC_493\Debug\main.o
                0x00000084                main
 .text.gnome_assert_reset
                0x00000090       0x18 .\CortexM3\ARM_GCC_493\Debug\gnome.o
                0x00000090                gnome_assert_reset
 .text.gnome_power_on_reset
                0x000000a8       0x88 .\CortexM3\ARM_GCC_493\Debug\gnome.o
                0x000000a8                gnome_power_on_reset
 .text.gnome_start
                0x00000130       0x50 .\CortexM3\ARM_GCC_493\Debug\gnome.o
                0x00000130                gnome_start
 .text.clear_c_inst
                0x00000180       0x10 .\CortexM3\ARM_GCC_493\Debug\gnome_execute.o
                0x00000180                clear_c_inst
 .text.set_c_inst
                0x00000190       0x10 .\CortexM3\ARM_GCC_493\Debug\gnome_execute.o
                0x00000190                set_c_inst
 .text.skip_c_inst
                0x000001a0       0x14 .\CortexM3\ARM_GCC_493\Debug\gnome_execute.o
                0x000001a0                skip_c_inst
 .text.skip_z_inst
                0x000001b4       0x14 .\CortexM3\ARM_GCC_493\Debug\gnome_execute.o
                0x000001b4                skip_z_inst
 .text.push_inst
                0x000001c8       0x34 .\CortexM3\ARM_GCC_493\Debug\gnome_execute.o
                0x000001c8                push_inst
 .text.rts_inst
                0x000001fc       0x24 .\CortexM3\ARM_GCC_493\Debug\gnome_execute.o
                0x000001fc                rts_inst
 .text.jsr_inst
                0x00000220       0x28 .\CortexM3\ARM_GCC_493\Debug\gnome_execute.o
                0x00000220                jsr_inst
 .text.rti_inst
                0x00000248       0x10 .\CortexM3\ARM_GCC_493\Debug\gnome_execute.o
                0x00000248                rti_inst
 .text.branch_inst
                0x00000258       0x10 .\CortexM3\ARM_GCC_493\Debug\gnome_execute.o
                0x00000258                branch_inst
 .text.ror_inst
                0x00000268       0x38 .\CortexM3\ARM_GCC_493\Debug\gnome_execute.o
                0x00000268                ror_inst
 .text.rol_inst
                0x000002a0       0x3c .\CortexM3\ARM_GCC_493\Debug\gnome_execute.o
                0x000002a0                rol_inst
 .text.load_d_inst
                0x000002dc       0x1c .\CortexM3\ARM_GCC_493\Debug\gnome_execute.o
                0x000002dc                load_d_inst
 .text.add_d_inst
                0x000002f8       0x50 .\CortexM3\ARM_GCC_493\Debug\gnome_execute.o
                0x000002f8                add_d_inst
 .text.store_rd_inst
                0x00000348        0x8 .\CortexM3\ARM_GCC_493\Debug\gnome_execute.o
                0x00000348                store_rd_inst
 .text.load_rd_inst
                0x00000350       0x20 .\CortexM3\ARM_GCC_493\Debug\gnome_execute.o
                0x00000350                load_rd_inst
 .text.add_rd_inst
                0x00000370       0x50 .\CortexM3\ARM_GCC_493\Debug\gnome_execute.o
                0x00000370                add_rd_inst
 .text.xor_rd_inst
                0x000003c0       0x24 .\CortexM3\ARM_GCC_493\Debug\gnome_execute.o
                0x000003c0                xor_rd_inst
 .text.and_rd_inst
                0x000003e4       0x24 .\CortexM3\ARM_GCC_493\Debug\gnome_execute.o
                0x000003e4                and_rd_inst
 .text.jmp_add_inst
                0x00000408        0xc .\CortexM3\ARM_GCC_493\Debug\gnome_execute.o
                0x00000408                jmp_add_inst
 .text.exectute
                0x00000414       0xb0 .\CortexM3\ARM_GCC_493\Debug\gnome_execute.o
                0x00000414                exectute
 .text.decodeInstruction
                0x000004c4       0x90 .\CortexM3\ARM_GCC_493\Debug\gnome_inst_decoder.o
                0x000004c4                decodeInstruction
 .text.gnome_store_reg
                0x00000554       0xf4 .\CortexM3\ARM_GCC_493\Debug\gnome_memory.o
                0x00000554                gnome_store_reg
 .text.gnome_load_reg
                0x00000648       0x7c .\CortexM3\ARM_GCC_493\Debug\gnome_memory.o
                0x00000648                gnome_load_reg
 .text.gnome_debug_load_reg
                0x000006c4       0x44 .\CortexM3\ARM_GCC_493\Debug\gnome_memory.o
                0x000006c4                gnome_debug_load_reg
 .text.i2cTransmission
                0x00000708       0x2c .\CortexM3\ARM_GCC_493\Debug\i2cLCD.o
                0x00000708                i2cTransmission
 .text.send4bitCommand
                0x00000734       0x24 .\CortexM3\ARM_GCC_493\Debug\i2cLCD.o
                0x00000734                send4bitCommand
 .text.i2cLCD_SendCommand
                0x00000758       0x1c .\CortexM3\ARM_GCC_493\Debug\i2cLCD.o
                0x00000758                i2cLCD_SendCommand
 .text.set4bitModeLCD
                0x00000774       0x48 .\CortexM3\ARM_GCC_493\Debug\i2cLCD.o
                0x00000774                set4bitModeLCD
 .text.setDisplayControl
                0x000007bc       0x18 .\CortexM3\ARM_GCC_493\Debug\i2cLCD.o
                0x000007bc                setDisplayControl
 .text.i2cLCD_WriteRAM
                0x000007d4       0x2c .\CortexM3\ARM_GCC_493\Debug\i2cLCD.o
                0x000007d4                i2cLCD_WriteRAM
 .text.i2cLCD_Print
                0x00000800       0x24 .\CortexM3\ARM_GCC_493\Debug\i2cLCD.o
                0x00000800                i2cLCD_Print
 .text.i2cLCD_SetPosition
                0x00000824       0x14 .\CortexM3\ARM_GCC_493\Debug\i2cLCD.o
                0x00000824                i2cLCD_SetPosition
 .text.i2cLCD_ClearDisplay
                0x00000838        0xc .\CortexM3\ARM_GCC_493\Debug\i2cLCD.o
                0x00000838                i2cLCD_ClearDisplay
 .text.i2cLCD_Init
                0x00000844       0x28 .\CortexM3\ARM_GCC_493\Debug\i2cLCD.o
                0x00000844                i2cLCD_Init
 .text.i2cLCD_SetBlink
                0x0000086c        0xc .\CortexM3\ARM_GCC_493\Debug\i2cLCD.o
                0x0000086c                i2cLCD_SetBlink
 .text.update_lcd_it
                0x00000878       0x1c .\CortexM3\ARM_GCC_493\Debug\gnome_lcd.o
                0x00000878                update_lcd_it
 .text.setup_lcd
                0x00000894       0x68 .\CortexM3\ARM_GCC_493\Debug\gnome_lcd.o
                0x00000894                setup_lcd
 .text.update_lcd
                0x000008fc       0x74 .\CortexM3\ARM_GCC_493\Debug\gnome_lcd.o
                0x000008fc                update_lcd
 .text.gnome_debug_init
                0x00000970       0x64 .\CortexM3\ARM_GCC_493\Debug\gnome_debug.o
                0x00000970                gnome_debug_init
 .text.gnome_debug_print_state
                0x000009d4      0x128 .\CortexM3\ARM_GCC_493\Debug\gnome_debug.o
                0x000009d4                gnome_debug_print_state
 .text.gnome_debug_loop
                0x00000afc       0x78 .\CortexM3\ARM_GCC_493\Debug\gnome_debug.o
                0x00000afc                gnome_debug_loop
 .text.gnome_debug_toggle_breakpoint
                0x00000b74       0x70 .\CortexM3\ARM_GCC_493\Debug\gnome_debug.o
                0x00000b74                gnome_debug_toggle_breakpoint
 .text.gnome_tx_uart_it
                0x00000be4      0x144 .\CortexM3\ARM_GCC_493\Debug\gnome_debug.o
                0x00000be4                gnome_tx_uart_it
 .text.gnome_it_init
                0x00000d28        0x4 .\CortexM3\ARM_GCC_493\Debug\gnome_it.o
                0x00000d28                gnome_it_init
 .text.IntDefaultHandler
                0x00000d2c        0x4 .\CortexM3\ARM_GCC_493\Debug\Cm3Start.o
                0x00000d2c                IntDefaultHandler
 .text._sbrk    0x00000d30       0x30 .\CortexM3\ARM_GCC_493\Debug\Cm3Start.o
                0x00000d30                _sbrk
 .text.Start_c  0x00000d60       0x4c .\CortexM3\ARM_GCC_493\Debug\Cm3Start.o
                0x00000d60                Start_c
 .text.initialize_psoc
                0x00000dac       0x74 .\CortexM3\ARM_GCC_493\Debug\Cm3Start.o
                0x00000dac                initialize_psoc
 .text.CyClockStartupError
                0x00000e20        0x4 .\CortexM3\ARM_GCC_493\Debug\gnome_cajas.a(cyfitter_cfg.o)
 .text.cfg_write_bytes32
                0x00000e24       0x34 .\CortexM3\ARM_GCC_493\Debug\gnome_cajas.a(cyfitter_cfg.o)
 .text.AnalogSetDefault
                0x00000e58       0x28 .\CortexM3\ARM_GCC_493\Debug\gnome_cajas.a(cyfitter_cfg.o)
 .text.CYMEMZERO
                0x00000e80        0xc .\CortexM3\ARM_GCC_493\Debug\gnome_cajas.a(cyfitter_cfg.o)
 .text.ClockSetup
                0x00000e8c       0xc0 .\CortexM3\ARM_GCC_493\Debug\gnome_cajas.a(cyfitter_cfg.o)
 .text.CYCONFIGCPY
                0x00000f4c        0x8 .\CortexM3\ARM_GCC_493\Debug\gnome_cajas.a(cyfitter_cfg.o)
 .text.cyfitter_cfg
                0x00000f54      0x138 .\CortexM3\ARM_GCC_493\Debug\gnome_cajas.a(cyfitter_cfg.o)
                0x00000f54                cyfitter_cfg
 *fill*         0x0000108c        0x4 
 .text          0x00001090       0x20 .\CortexM3\ARM_GCC_493\Debug\gnome_cajas.a(CyBootAsmGnu.o)
                0x00001090                CyDelayCycles
                0x000010a0                CyEnterCriticalSection
                0x000010a8                CyExitCriticalSection
 .text.CyFlashGetSpcAlgorithm
                0x000010b0       0x4c .\CortexM3\ARM_GCC_493\Debug\gnome_cajas.a(CyFlash.o)
 .text.CySetTempInt
                0x000010fc       0x60 .\CortexM3\ARM_GCC_493\Debug\gnome_cajas.a(CyFlash.o)
 .text.CySetTemp
                0x0000115c       0x14 .\CortexM3\ARM_GCC_493\Debug\gnome_cajas.a(CyFlash.o)
                0x0000115c                CySetTemp
 .text.CyEEPROM_Start
                0x00001170       0x54 .\CortexM3\ARM_GCC_493\Debug\gnome_cajas.a(CyFlash.o)
                0x00001170                CyEEPROM_Start
 .text.CyEEPROM_ReadReserve
                0x000011c4       0x1c .\CortexM3\ARM_GCC_493\Debug\gnome_cajas.a(CyFlash.o)
                0x000011c4                CyEEPROM_ReadReserve
 .text.CyEEPROM_ReadRelease
                0x000011e0       0x10 .\CortexM3\ARM_GCC_493\Debug\gnome_cajas.a(CyFlash.o)
                0x000011e0                CyEEPROM_ReadRelease
 .text.CyHalt   0x000011f0        0x4 .\CortexM3\ARM_GCC_493\Debug\gnome_cajas.a(CyLib.o)
                0x000011f0                CyHalt
 .text.CyDelay  0x000011f4       0x2c .\CortexM3\ARM_GCC_493\Debug\gnome_cajas.a(CyLib.o)
                0x000011f4                CyDelay
 .text.CyDelayUs
                0x00001220       0x14 .\CortexM3\ARM_GCC_493\Debug\gnome_cajas.a(CyLib.o)
                0x00001220                CyDelayUs
 .text.CyIntSetSysVector
                0x00001234       0x28 .\CortexM3\ARM_GCC_493\Debug\gnome_cajas.a(CyLib.o)
                0x00001234                CyIntSetSysVector
 .text.CyIntSetVector
                0x0000125c       0x28 .\CortexM3\ARM_GCC_493\Debug\gnome_cajas.a(CyLib.o)
                0x0000125c                CyIntSetVector
 .text.CyIntSetPriority
                0x00001284       0x30 .\CortexM3\ARM_GCC_493\Debug\gnome_cajas.a(CyLib.o)
                0x00001284                CyIntSetPriority
 .text.CySysTickEnableInterrupt
                0x000012b4       0x10 .\CortexM3\ARM_GCC_493\Debug\gnome_cajas.a(CyLib.o)
                0x000012b4                CySysTickEnableInterrupt
 .text.CySysTickEnable
                0x000012c4       0x18 .\CortexM3\ARM_GCC_493\Debug\gnome_cajas.a(CyLib.o)
                0x000012c4                CySysTickEnable
 .text.CySysTickSetReload
                0x000012dc       0x10 .\CortexM3\ARM_GCC_493\Debug\gnome_cajas.a(CyLib.o)
                0x000012dc                CySysTickSetReload
 .text.CySysTickGetValue
                0x000012ec       0x10 .\CortexM3\ARM_GCC_493\Debug\gnome_cajas.a(CyLib.o)
                0x000012ec                CySysTickGetValue
 .text.CySysTickSetClockSource
                0x000012fc       0x20 .\CortexM3\ARM_GCC_493\Debug\gnome_cajas.a(CyLib.o)
                0x000012fc                CySysTickSetClockSource
 .text.CySysTickGetCountFlag
                0x0000131c       0x10 .\CortexM3\ARM_GCC_493\Debug\gnome_cajas.a(CyLib.o)
                0x0000131c                CySysTickGetCountFlag
 .text.CySysTickServiceCallbacks
                0x0000132c       0x28 .\CortexM3\ARM_GCC_493\Debug\gnome_cajas.a(CyLib.o)
 .text.CySysTickClear
                0x00001354        0xc .\CortexM3\ARM_GCC_493\Debug\gnome_cajas.a(CyLib.o)
                0x00001354                CySysTickClear
 .text.CySysTickInit
                0x00001360       0x58 .\CortexM3\ARM_GCC_493\Debug\gnome_cajas.a(CyLib.o)
                0x00001360                CySysTickInit
 .text.CySysTickStart
                0x000013b8       0x1c .\CortexM3\ARM_GCC_493\Debug\gnome_cajas.a(CyLib.o)
                0x000013b8                CySysTickStart
 .text.CySysTickSetCallback
                0x000013d4       0x10 .\CortexM3\ARM_GCC_493\Debug\gnome_cajas.a(CyLib.o)
                0x000013d4                CySysTickSetCallback
 .text.CySpcStart
                0x000013e4       0x24 .\CortexM3\ARM_GCC_493\Debug\gnome_cajas.a(CySpc.o)
                0x000013e4                CySpcStart
 .text.CySpcReadData
                0x00001408       0x34 .\CortexM3\ARM_GCC_493\Debug\gnome_cajas.a(CySpc.o)
                0x00001408                CySpcReadData
 .text.CySpcGetTemp
                0x0000143c       0x3c .\CortexM3\ARM_GCC_493\Debug\gnome_cajas.a(CySpc.o)
                0x0000143c                CySpcGetTemp
 .text.CySpcLock
                0x00001478       0x4c .\CortexM3\ARM_GCC_493\Debug\gnome_cajas.a(CySpc.o)
                0x00001478                CySpcLock
 .text.CySpcUnlock
                0x000014c4       0x38 .\CortexM3\ARM_GCC_493\Debug\gnome_cajas.a(CySpc.o)
                0x000014c4                CySpcUnlock
 .text.CySpcGetAlgorithm
                0x000014fc       0x28 .\CortexM3\ARM_GCC_493\Debug\gnome_cajas.a(CySpc.o)
                0x000014fc                CySpcGetAlgorithm
 .text.EEPROM_Enable
                0x00001524        0xc .\CortexM3\ARM_GCC_493\Debug\gnome_cajas.a(EEPROM.o)
                0x00001524                EEPROM_Enable
 .text.EEPROM_Start
                0x00001530        0x8 .\CortexM3\ARM_GCC_493\Debug\gnome_cajas.a(EEPROM.o)
                0x00001530                EEPROM_Start
 .text.EEPROM_ReadByte
                0x00001538       0x28 .\CortexM3\ARM_GCC_493\Debug\gnome_cajas.a(EEPROM.o)
                0x00001538                EEPROM_ReadByte
 .text.UART_Init
                0x00001560       0x28 .\CortexM3\ARM_GCC_493\Debug\gnome_cajas.a(UART.o)
                0x00001560                UART_Init
 .text.UART_Enable
                0x00001588       0x38 .\CortexM3\ARM_GCC_493\Debug\gnome_cajas.a(UART.o)
                0x00001588                UART_Enable
 .text.UART_Start
                0x000015c0       0x1c .\CortexM3\ARM_GCC_493\Debug\gnome_cajas.a(UART.o)
                0x000015c0                UART_Start
 .text.UART_ReadRxData
                0x000015dc        0xc .\CortexM3\ARM_GCC_493\Debug\gnome_cajas.a(UART.o)
                0x000015dc                UART_ReadRxData
 .text.UART_ReadRxStatus
                0x000015e8       0x10 .\CortexM3\ARM_GCC_493\Debug\gnome_cajas.a(UART.o)
                0x000015e8                UART_ReadRxStatus
 .text.UART_PutChar
                0x000015f8       0x18 .\CortexM3\ARM_GCC_493\Debug\gnome_cajas.a(UART.o)
                0x000015f8                UART_PutChar
 .text.UART_PutString
                0x00001610       0x24 .\CortexM3\ARM_GCC_493\Debug\gnome_cajas.a(UART.o)
                0x00001610                UART_PutString
 .text.UART_IntClock_Start
                0x00001634       0x1c .\CortexM3\ARM_GCC_493\Debug\gnome_cajas.a(UART_IntClock.o)
                0x00001634                UART_IntClock_Start
 .text.I2C_Init
                0x00001650       0x68 .\CortexM3\ARM_GCC_493\Debug\gnome_cajas.a(I2C.o)
                0x00001650                I2C_Init
 .text.I2C_Enable
                0x000016b8       0x24 .\CortexM3\ARM_GCC_493\Debug\gnome_cajas.a(I2C.o)
                0x000016b8                I2C_Enable
 .text.I2C_Start
                0x000016dc       0x28 .\CortexM3\ARM_GCC_493\Debug\gnome_cajas.a(I2C.o)
                0x000016dc                I2C_Start
 .text.I2C_ISR  0x00001704      0x2cc .\CortexM3\ARM_GCC_493\Debug\gnome_cajas.a(I2C_INT.o)
                0x00001704                I2C_ISR
 .text.I2C_MasterWriteBuf
                0x000019d0       0xcc .\CortexM3\ARM_GCC_493\Debug\gnome_cajas.a(I2C_MASTER.o)
                0x000019d0                I2C_MasterWriteBuf
 .text.I2C_MasterStatus
                0x00001a9c       0x38 .\CortexM3\ARM_GCC_493\Debug\gnome_cajas.a(I2C_MASTER.o)
                0x00001a9c                I2C_MasterStatus
 .text.I2C_MasterClearStatus
                0x00001ad4       0x24 .\CortexM3\ARM_GCC_493\Debug\gnome_cajas.a(I2C_MASTER.o)
                0x00001ad4                I2C_MasterClearStatus
 .text.UART_RX_IT_SetVector
                0x00001af8        0xc .\CortexM3\ARM_GCC_493\Debug\gnome_cajas.a(UART_RX_IT.o)
                0x00001af8                UART_RX_IT_SetVector
 .text.UART_RX_IT_SetPriority
                0x00001b04       0x10 .\CortexM3\ARM_GCC_493\Debug\gnome_cajas.a(UART_RX_IT.o)
                0x00001b04                UART_RX_IT_SetPriority
 .text.UART_RX_IT_Enable
                0x00001b14        0xc .\CortexM3\ARM_GCC_493\Debug\gnome_cajas.a(UART_RX_IT.o)
                0x00001b14                UART_RX_IT_Enable
 .text.UART_RX_IT_Disable
                0x00001b20        0xc .\CortexM3\ARM_GCC_493\Debug\gnome_cajas.a(UART_RX_IT.o)
                0x00001b20                UART_RX_IT_Disable
 .text.UART_RX_IT_StartEx
                0x00001b2c       0x1c .\CortexM3\ARM_GCC_493\Debug\gnome_cajas.a(UART_RX_IT.o)
                0x00001b2c                UART_RX_IT_StartEx
 .text.__errno  0x00001b48        0xc c:/program files (x86)/cypress/psoc creator/3.3/psoc creator/import/gnu/arm/4.9.3/bin/../lib/gcc/arm-none-eabi/4.9.3/../../../../arm-none-eabi/lib/armv7-m\libg_nano.a(lib_a-errno.o)
                0x00001b48                __errno
 .text.__libc_init_array
                0x00001b54       0x4c c:/program files (x86)/cypress/psoc creator/3.3/psoc creator/import/gnu/arm/4.9.3/bin/../lib/gcc/arm-none-eabi/4.9.3/../../../../arm-none-eabi/lib/armv7-m\libg_nano.a(lib_a-init.o)
                0x00001b54                __libc_init_array
 .text.memcpy   0x00001ba0       0x16 c:/program files (x86)/cypress/psoc creator/3.3/psoc creator/import/gnu/arm/4.9.3/bin/../lib/gcc/arm-none-eabi/4.9.3/../../../../arm-none-eabi/lib/armv7-m\libg_nano.a(lib_a-memcpy.o)
                0x00001ba0                memcpy
 .text.memset   0x00001bb6       0x10 c:/program files (x86)/cypress/psoc creator/3.3/psoc creator/import/gnu/arm/4.9.3/bin/../lib/gcc/arm-none-eabi/4.9.3/../../../../arm-none-eabi/lib/armv7-m\libg_nano.a(lib_a-memset.o)
                0x00001bb6                memset
 *fill*         0x00001bc6        0x2 
 .text.sprintf  0x00001bc8       0x48 c:/program files (x86)/cypress/psoc creator/3.3/psoc creator/import/gnu/arm/4.9.3/bin/../lib/gcc/arm-none-eabi/4.9.3/../../../../arm-none-eabi/lib/armv7-m\libg_nano.a(lib_a-sprintf.o)
                0x00001bc8                siprintf
                0x00001bc8                sprintf
 .text.strlen   0x00001c10       0x10 c:/program files (x86)/cypress/psoc creator/3.3/psoc creator/import/gnu/arm/4.9.3/bin/../lib/gcc/arm-none-eabi/4.9.3/../../../../arm-none-eabi/lib/armv7-m\libg_nano.a(lib_a-strlen.o)
                0x00001c10                strlen
 .text.strstr   0x00001c20       0x30 c:/program files (x86)/cypress/psoc creator/3.3/psoc creator/import/gnu/arm/4.9.3/bin/../lib/gcc/arm-none-eabi/4.9.3/../../../../arm-none-eabi/lib/armv7-m\libg_nano.a(lib_a-strstr.o)
                0x00001c20                strstr
 .text._strtol_r
                0x00001c50      0x10c c:/program files (x86)/cypress/psoc creator/3.3/psoc creator/import/gnu/arm/4.9.3/bin/../lib/gcc/arm-none-eabi/4.9.3/../../../../arm-none-eabi/lib/armv7-m\libg_nano.a(lib_a-strtol.o)
                0x00001c50                _strtol_r
 .text.strtol   0x00001d5c       0x1c c:/program files (x86)/cypress/psoc creator/3.3/psoc creator/import/gnu/arm/4.9.3/bin/../lib/gcc/arm-none-eabi/4.9.3/../../../../arm-none-eabi/lib/armv7-m\libg_nano.a(lib_a-strtol.o)
                0x00001d5c                strtol
 .text.__ssputs_r
                0x00001d78       0xb2 c:/program files (x86)/cypress/psoc creator/3.3/psoc creator/import/gnu/arm/4.9.3/bin/../lib/gcc/arm-none-eabi/4.9.3/../../../../arm-none-eabi/lib/armv7-m\libg_nano.a(lib_a-nano-svfprintf.o)
                0x00001d78                __ssputs_r
 *fill*         0x00001e2a        0x2 
 .text._svfprintf_r
                0x00001e2c      0x1e4 c:/program files (x86)/cypress/psoc creator/3.3/psoc creator/import/gnu/arm/4.9.3/bin/../lib/gcc/arm-none-eabi/4.9.3/../../../../arm-none-eabi/lib/armv7-m\libg_nano.a(lib_a-nano-svfprintf.o)
                0x00001e2c                _svfiprintf_r
                0x00001e2c                _svfprintf_r
 .text._printf_common
                0x00002010       0xea c:/program files (x86)/cypress/psoc creator/3.3/psoc creator/import/gnu/arm/4.9.3/bin/../lib/gcc/arm-none-eabi/4.9.3/../../../../arm-none-eabi/lib/armv7-m\libg_nano.a(lib_a-nano-vfprintf_i.o)
                0x00002010                _printf_common
 *fill*         0x000020fa        0x2 
 .text._printf_i
                0x000020fc      0x240 c:/program files (x86)/cypress/psoc creator/3.3/psoc creator/import/gnu/arm/4.9.3/bin/../lib/gcc/arm-none-eabi/4.9.3/../../../../arm-none-eabi/lib/armv7-m\libg_nano.a(lib_a-nano-vfprintf_i.o)
                0x000020fc                _printf_i
 .text.memchr   0x0000233c       0x1c c:/program files (x86)/cypress/psoc creator/3.3/psoc creator/import/gnu/arm/4.9.3/bin/../lib/gcc/arm-none-eabi/4.9.3/../../../../arm-none-eabi/lib/armv7-m\libg_nano.a(lib_a-memchr.o)
                0x0000233c                memchr
 .text.memmove  0x00002358       0x36 c:/program files (x86)/cypress/psoc creator/3.3/psoc creator/import/gnu/arm/4.9.3/bin/../lib/gcc/arm-none-eabi/4.9.3/../../../../arm-none-eabi/lib/armv7-m\libg_nano.a(lib_a-memmove.o)
                0x00002358                memmove
 *fill*         0x0000238e        0x2 
 .text._free_r  0x00002390       0x88 c:/program files (x86)/cypress/psoc creator/3.3/psoc creator/import/gnu/arm/4.9.3/bin/../lib/gcc/arm-none-eabi/4.9.3/../../../../arm-none-eabi/lib/armv7-m\libg_nano.a(lib_a-nano-freer.o)
                0x00002390                _free_r
 .text._malloc_r
                0x00002418       0xac c:/program files (x86)/cypress/psoc creator/3.3/psoc creator/import/gnu/arm/4.9.3/bin/../lib/gcc/arm-none-eabi/4.9.3/../../../../arm-none-eabi/lib/armv7-m\libg_nano.a(lib_a-nano-mallocr.o)
                0x00002418                _malloc_r
 .text._realloc_r
                0x000024c4       0x4c c:/program files (x86)/cypress/psoc creator/3.3/psoc creator/import/gnu/arm/4.9.3/bin/../lib/gcc/arm-none-eabi/4.9.3/../../../../arm-none-eabi/lib/armv7-m\libg_nano.a(lib_a-nano-reallocr.o)
                0x000024c4                _realloc_r
 .text._sbrk_r  0x00002510       0x20 c:/program files (x86)/cypress/psoc creator/3.3/psoc creator/import/gnu/arm/4.9.3/bin/../lib/gcc/arm-none-eabi/4.9.3/../../../../arm-none-eabi/lib/armv7-m\libg_nano.a(lib_a-sbrkr.o)
                0x00002510                _sbrk_r
 .text._malloc_usable_size_r
                0x00002530       0x14 c:/program files (x86)/cypress/psoc creator/3.3/psoc creator/import/gnu/arm/4.9.3/bin/../lib/gcc/arm-none-eabi/4.9.3/../../../../arm-none-eabi/lib/armv7-m\libg_nano.a(lib_a-nano-msizer.o)
                0x00002530                _malloc_usable_size_r
 *(.plt)
 *(.gnu.warning)
 *(.glue_7t)
 .glue_7t       0x00000000        0x0 linker stubs
 *(.glue_7)
 .glue_7        0x00000000        0x0 linker stubs
 *(.vfp11_veneer)
 .vfp11_veneer  0x00000000        0x0 linker stubs
 *(.bootloader)
 *(.ARM.extab* .gnu.linkonce.armextab.*)
 *(.gcc_except_table)

.v4_bx          0x00002544        0x0
 .v4_bx         0x00000000        0x0 linker stubs

.iplt           0x00002544        0x0
 .iplt          0x00000000        0x0 c:/program files (x86)/cypress/psoc creator/3.3/psoc creator/import/gnu/arm/4.9.3/bin/../lib/gcc/arm-none-eabi/4.9.3/armv7-m/crtbegin.o

.eh_frame_hdr
 *(.eh_frame_hdr)

.eh_frame       0x00002544        0x4
 *(.eh_frame)
 .eh_frame      0x00002544        0x0 c:/program files (x86)/cypress/psoc creator/3.3/psoc creator/import/gnu/arm/4.9.3/bin/../lib/gcc/arm-none-eabi/4.9.3/armv7-m/crtbegin.o
 .eh_frame      0x00002544        0x0 c:/program files (x86)/cypress/psoc creator/3.3/psoc creator/import/gnu/arm/4.9.3/bin/../lib/gcc/arm-none-eabi/4.9.3/../../../../arm-none-eabi/lib/armv7-m\libg_nano.a(lib_a-strcmp.o)
                                 0x28 (size before relaxing)
 .eh_frame      0x00002544        0x4 c:/program files (x86)/cypress/psoc creator/3.3/psoc creator/import/gnu/arm/4.9.3/bin/../lib/gcc/arm-none-eabi/4.9.3/armv7-m/crtend.o
                0x00002548                PROVIDE (__exidx_start, .)

.ARM.exidx
 *(.ARM.exidx* .gnu.linkonce.armexidx.*)
                0x00002548                __exidx_end = .

.rodata         0x00002548      0x3c8
 *(.rodata .rodata.* .gnu.linkonce.r.*)
 .rodata.str1.4
                0x00002548       0x15 .\CortexM3\ARM_GCC_493\Debug\gnome_lcd.o
                                 0x18 (size before relaxing)
 *fill*         0x0000255d        0x3 
 .rodata.str1.4
                0x00002560      0x200 .\CortexM3\ARM_GCC_493\Debug\gnome_debug.o
                                0x20c (size before relaxing)
 .rodata        0x00002760       0x44 .\CortexM3\ARM_GCC_493\Debug\gnome_cajas.a(cyfitter_cfg.o)
 .rodata.str1.1
                0x000027a4        0x2 c:/program files (x86)/cypress/psoc creator/3.3/psoc creator/import/gnu/arm/4.9.3/bin/../lib/gcc/arm-none-eabi/4.9.3/../../../../arm-none-eabi/lib/armv7-m\libg_nano.a(lib_a-impure.o)
 .rodata._ctype_
                0x000027a6      0x101 c:/program files (x86)/cypress/psoc creator/3.3/psoc creator/import/gnu/arm/4.9.3/bin/../lib/gcc/arm-none-eabi/4.9.3/../../../../arm-none-eabi/lib/armv7-m\libg_nano.a(lib_a-ctype_.o)
                0x000027a6                _ctype_
 .rodata.str1.1
                0x000028a7       0x11 c:/program files (x86)/cypress/psoc creator/3.3/psoc creator/import/gnu/arm/4.9.3/bin/../lib/gcc/arm-none-eabi/4.9.3/../../../../arm-none-eabi/lib/armv7-m\libg_nano.a(lib_a-nano-svfprintf.o)
 .rodata.str1.1
                0x000028b8       0x22 c:/program files (x86)/cypress/psoc creator/3.3/psoc creator/import/gnu/arm/4.9.3/bin/../lib/gcc/arm-none-eabi/4.9.3/../../../../arm-none-eabi/lib/armv7-m\libg_nano.a(lib_a-nano-vfprintf_i.o)
                0x000028dc                . = ALIGN (0x4)
 *fill*         0x000028da        0x2 
 *(.init)
 .init          0x000028dc        0x4 c:/program files (x86)/cypress/psoc creator/3.3/psoc creator/import/gnu/arm/4.9.3/bin/../lib/gcc/arm-none-eabi/4.9.3/armv7-m/crti.o
                0x000028dc                _init
 .init          0x000028e0        0x8 c:/program files (x86)/cypress/psoc creator/3.3/psoc creator/import/gnu/arm/4.9.3/bin/../lib/gcc/arm-none-eabi/4.9.3/armv7-m/crtn.o
                0x000028e8                . = ALIGN (0x4)
                0x000028e8                __preinit_array_start = .
 *(.preinit_array)
                0x000028e8                __preinit_array_end = .
                0x000028e8                . = ALIGN (0x4)
                0x000028e8                __init_array_start = .
 *(SORT(.init_array.*))
 *(.init_array)
 .init_array    0x000028e8        0x4 c:/program files (x86)/cypress/psoc creator/3.3/psoc creator/import/gnu/arm/4.9.3/bin/../lib/gcc/arm-none-eabi/4.9.3/armv7-m/crtbegin.o
 .init_array    0x000028ec        0x4 .\CortexM3\ARM_GCC_493\Debug\Cm3Start.o
                0x000028f0                __init_array_end = .
                0x000028f0                . = ALIGN (0x4)
 *(.fini)
 .fini          0x000028f0        0x4 c:/program files (x86)/cypress/psoc creator/3.3/psoc creator/import/gnu/arm/4.9.3/bin/../lib/gcc/arm-none-eabi/4.9.3/armv7-m/crti.o
                0x000028f0                _fini
 .fini          0x000028f4        0x8 c:/program files (x86)/cypress/psoc creator/3.3/psoc creator/import/gnu/arm/4.9.3/bin/../lib/gcc/arm-none-eabi/4.9.3/armv7-m/crtn.o
                0x000028fc                . = ALIGN (0x4)
                0x000028fc                __fini_array_start = .
 *(.fini_array)
 .fini_array    0x000028fc        0x4 c:/program files (x86)/cypress/psoc creator/3.3/psoc creator/import/gnu/arm/4.9.3/bin/../lib/gcc/arm-none-eabi/4.9.3/armv7-m/crtbegin.o
 *(SORT(.fini_array.*))
                0x00002900                __fini_array_end = .
                0x00002900                . = ALIGN (0x4)
 *crtbegin.o(.ctors)
 *(EXCLUDE_FILE(*crtend.o) .ctors)
 *(SORT(.ctors.*))
 *crtend.o(.ctors)
                0x00002900                . = ALIGN (0x4)
 *crtbegin.o(.dtors)
 *(EXCLUDE_FILE(*crtend.o) .dtors)
 *(SORT(.dtors.*))
 *crtend.o(.dtors)
                0x00002900                . = ALIGN (0x4)
                0x00002900                __cy_regions = .
                0x00002900        0x4 LONG 0x2910 __cy_region_init_ram
                0x00002904        0x4 LONG 0x1fff8108 __cy_region_start_data
                0x00002908        0x4 LONG 0x80 __cy_region_init_size_ram
                0x0000290c        0x4 LONG 0x240 __cy_region_zero_size_ram
                0x00002910                __cy_regions_end = .
                0x00002910                . = ALIGN (0x8)
                0x00002910                _etext = .

.cy_checksum_exclude
                0x00002910        0x0
 *(.cy_checksum_exclude)

.ramvectors     0x1fff8000      0x100
                0x1fff8000                __cy_region_start_ram = .
 *(.ramvectors)
 .ramvectors    0x1fff8000      0x100 .\CortexM3\ARM_GCC_493\Debug\Cm3Start.o
                0x1fff8000                CyRamVectors

.noinit         0x1fff8100        0x5
 *(.noinit)
 .noinit        0x1fff8100        0x4 .\CortexM3\ARM_GCC_493\Debug\Cm3Start.o
 .noinit        0x1fff8104        0x1 .\CortexM3\ARM_GCC_493\Debug\gnome_cajas.a(CyLib.o)
                0x1fff8104                CyResetStatus

.data           0x1fff8108       0x80 load address 0x00002910
                0x1fff8108                __cy_region_start_data = .
 *(.jcr)
 .jcr           0x1fff8108        0x0 c:/program files (x86)/cypress/psoc creator/3.3/psoc creator/import/gnu/arm/4.9.3/bin/../lib/gcc/arm-none-eabi/4.9.3/armv7-m/crtbegin.o
 .jcr           0x1fff8108        0x4 c:/program files (x86)/cypress/psoc creator/3.3/psoc creator/import/gnu/arm/4.9.3/bin/../lib/gcc/arm-none-eabi/4.9.3/armv7-m/crtend.o
 *(.got.plt)
 *(.got)
 *(.shdata)
 *(.data .data.* .gnu.linkonce.d.*)
 .data          0x1fff810c        0x4 .\CortexM3\ARM_GCC_493\Debug\Cm3Start.o
 .data          0x1fff8110       0x10 .\CortexM3\ARM_GCC_493\Debug\gnome_cajas.a(CyLib.o)
                0x1fff8110                cydelay_32k_ms
                0x1fff8114                cydelay_freq_khz
                0x1fff8118                cydelay_freq_mhz
                0x1fff811c                cydelay_freq_hz
 .data.impure_data
                0x1fff8120       0x60 c:/program files (x86)/cypress/psoc creator/3.3/psoc creator/import/gnu/arm/4.9.3/bin/../lib/gcc/arm-none-eabi/4.9.3/../../../../arm-none-eabi/lib/armv7-m\libg_nano.a(lib_a-impure.o)
 .data._impure_ptr
                0x1fff8180        0x4 c:/program files (x86)/cypress/psoc creator/3.3/psoc creator/import/gnu/arm/4.9.3/bin/../lib/gcc/arm-none-eabi/4.9.3/../../../../arm-none-eabi/lib/armv7-m\libg_nano.a(lib_a-impure.o)
                0x1fff8180                _impure_ptr
 .data.__ctype_ptr__
                0x1fff8184        0x4 c:/program files (x86)/cypress/psoc creator/3.3/psoc creator/import/gnu/arm/4.9.3/bin/../lib/gcc/arm-none-eabi/4.9.3/../../../../arm-none-eabi/lib/armv7-m\libg_nano.a(lib_a-ctype_.o)
                0x1fff8184                __ctype_ptr__
                0x1fff8188                . = ALIGN (0x8)
 *(.ram)
                0x1fff8188                _edata = .

.igot.plt       0x1fff8188        0x0 load address 0x00002990
 .igot.plt      0x00000000        0x0 c:/program files (x86)/cypress/psoc creator/3.3/psoc creator/import/gnu/arm/4.9.3/bin/../lib/gcc/arm-none-eabi/4.9.3/armv7-m/crtbegin.o

.bss            0x1fff8188      0x240 load address 0x00002990
                0x1fff8188                PROVIDE (__bss_start__, .)
 *(.shbss)
 *(.bss .bss.* .gnu.linkonce.b.*)
 .bss           0x1fff8188       0x1c c:/program files (x86)/cypress/psoc creator/3.3/psoc creator/import/gnu/arm/4.9.3/bin/../lib/gcc/arm-none-eabi/4.9.3/armv7-m/crtbegin.o
 .bss           0x1fff81a4       0x1c .\CortexM3\ARM_GCC_493\Debug\gnome_cajas.a(CyLib.o)
                0x1fff81bc                CySysTickInitVar
 .bss           0x1fff81c0        0x8 .\CortexM3\ARM_GCC_493\Debug\gnome_cajas.a(CySpc.o)
                0x1fff81c0                SpcLockState
 .bss           0x1fff81c8        0x2 .\CortexM3\ARM_GCC_493\Debug\gnome_cajas.a(UART.o)
                0x1fff81c8                UART_initVar
 .bss           0x1fff81ca        0x1 .\CortexM3\ARM_GCC_493\Debug\gnome_cajas.a(I2C.o)
                0x1fff81ca                I2C_initVar
 *fill*         0x1fff81cb        0x1 
 .bss.__malloc_sbrk_start
                0x1fff81cc        0x4 c:/program files (x86)/cypress/psoc creator/3.3/psoc creator/import/gnu/arm/4.9.3/bin/../lib/gcc/arm-none-eabi/4.9.3/../../../../arm-none-eabi/lib/armv7-m\libg_nano.a(lib_a-nano-mallocr.o)
                0x1fff81cc                __malloc_sbrk_start
 .bss.__malloc_free_list
                0x1fff81d0        0x4 c:/program files (x86)/cypress/psoc creator/3.3/psoc creator/import/gnu/arm/4.9.3/bin/../lib/gcc/arm-none-eabi/4.9.3/../../../../arm-none-eabi/lib/armv7-m\libg_nano.a(lib_a-nano-mallocr.o)
                0x1fff81d0                __malloc_free_list
 *(COMMON)
 COMMON         0x1fff81d4      0x12b .\CortexM3\ARM_GCC_493\Debug\main.o
                0x1fff81d4                rom
                0x1fff82d4                it_context
                0x1fff82e0                registers
                0x1fff82f0                current_context
                0x1fff82f4                normal_context
 *fill*         0x1fff82ff        0x1 
 COMMON         0x1fff8300       0xb0 .\CortexM3\ARM_GCC_493\Debug\gnome.o
                0x1fff8300                lcd
                0x1fff8386                lcd_update
                0x1fff8388                via_state
                0x1fff838c                gnome_debug_state
                0x1fff83a0                gnome_console
 COMMON         0x1fff83b0        0x2 .\CortexM3\ARM_GCC_493\Debug\gnome_cajas.a(CyFlash.o)
                0x1fff83b0                dieTemperature
 COMMON         0x1fff83b2        0x1 .\CortexM3\ARM_GCC_493\Debug\gnome_cajas.a(I2C.o)
                0x1fff83b2                I2C_state
 *fill*         0x1fff83b3        0x1 
 COMMON         0x1fff83b4       0x10 .\CortexM3\ARM_GCC_493\Debug\gnome_cajas.a(I2C_MASTER.o)
                0x1fff83b4                I2C_mstrWrBufIndex
                0x1fff83b5                I2C_mstrWrBufSize
                0x1fff83b6                I2C_mstrStatus
                0x1fff83b8                I2C_mstrRdBufPtr
                0x1fff83bc                I2C_mstrControl
                0x1fff83bd                I2C_mstrRdBufSize
                0x1fff83be                I2C_mstrRdBufIndex
                0x1fff83c0                I2C_mstrWrBufPtr
 COMMON         0x1fff83c4        0x4 c:/program files (x86)/cypress/psoc creator/3.3/psoc creator/import/gnu/arm/4.9.3/bin/../lib/gcc/arm-none-eabi/4.9.3/../../../../arm-none-eabi/lib/armv7-m\libg_nano.a(lib_a-reent.o)
                0x1fff83c4                errno
                0x1fff83c8                . = ALIGN (0x8)
 *(.ram.b)
                0x1fff83c8                _end = .
                0x1fff83c8                __end = .
                0x1fff83c8                PROVIDE (end, .)
                0x1fff83c8                PROVIDE (__bss_end__, .)
                0x00002910                __cy_region_init_ram = LOADADDR (.data)
                0x00000080                __cy_region_init_size_ram = (_edata - ADDR (.data))
                0x00000240                __cy_region_zero_size_ram = (_end - _edata)

.heap           0x1fff83c8       0x80 load address 0x00002990
                0x1fff83c8                . = _end
                0x1fff8448                . = (. + 0x80)
 *fill*         0x1fff83c8       0x80 
                0x1fff8448                __cy_heap_limit = .

.stack          0x20007800      0x800
                0x20007800                __cy_stack_limit = .
                0x20008000                . = (. + 0x800)
 *fill*         0x20007800      0x800 
                0x00000001                ASSERT ((__cy_stack_limit >= __cy_heap_limit), region RAM overflowed with stack)
                0x00000000                cy_checksum_exclude_size = (CY_APPL_LOADABLE == 0x1)?SIZEOF (.cy_checksum_exclude):0x0
                0x00000001                ASSERT ((cy_checksum_exclude_size <= CY_CHECKSUM_EXCLUDE_SIZE), CY_BOOT: Section .cy_checksum_exclude size exceedes specified limit.)

.cyloadermeta
 *(.cyloadermeta)

.cyloadablemeta
 *(.cyloadablemeta)

.cyconfigecc    0x80000000      0x888
 *(.cyconfigecc)
 .cyconfigecc   0x80000000      0x888 .\CortexM3\ARM_GCC_493\Debug\cymetadata.o
                0x80000000                cy_meta_configecc

.cycustnvl      0x90000000        0x4
 *(.cycustnvl)
 .cycustnvl     0x90000000        0x4 .\CortexM3\ARM_GCC_493\Debug\cymetadata.o
                0x90000000                cy_meta_custnvl

.cywolatch      0x90100000        0x4
 *(.cywolatch)
 .cywolatch     0x90100000        0x4 .\CortexM3\ARM_GCC_493\Debug\cymetadata.o
                0x90100000                cy_meta_wonvl

.cyeeprom       0x90200000      0x800
 *(.cyeeprom)
 .cyeeprom      0x90200000      0x800 .\CortexM3\ARM_GCC_493\Debug\cymetadata.o
                0x90200000                cy_eeprom
                0x00000001                ASSERT ((. <= ((0x90200000 + ee_offset) + ee_size)), .cyeeprom data will not fit in EEPROM)

.cyflashprotect
                0x90400000      0x100
 *(.cyflashprotect)
 .cyflashprotect
                0x90400000      0x100 .\CortexM3\ARM_GCC_493\Debug\cymetadata.o
                0x90400000                cy_meta_flashprotect

.cymeta         0x90500000        0xc
 *(.cymeta)
 .cymeta        0x90500000        0xc .\CortexM3\ARM_GCC_493\Debug\cymetadata.o
                0x90500000                cy_metadata

.rel.dyn        0x00002990        0x0 load address 0x9050000c
 .rel.iplt      0x00000000        0x0 c:/program files (x86)/cypress/psoc creator/3.3/psoc creator/import/gnu/arm/4.9.3/bin/../lib/gcc/arm-none-eabi/4.9.3/armv7-m/crtbegin.o

.stab
 *(.stab)

.stabstr
 *(.stabstr)

.debug
 *(.debug)

.line
 *(.line)

.debug_srcinfo
 *(.debug_srcinfo)

.debug_sfnames
 *(.debug_sfnames)

.debug_aranges  0x00000000      0xaf0
 *(.debug_aranges)
 .debug_aranges
                0x00000000       0x20 .\CortexM3\ARM_GCC_493\Debug\main.o
 .debug_aranges
                0x00000020       0x38 .\CortexM3\ARM_GCC_493\Debug\gnome.o
 .debug_aranges
                0x00000058       0xb8 .\CortexM3\ARM_GCC_493\Debug\gnome_execute.o
 .debug_aranges
                0x00000110       0x20 .\CortexM3\ARM_GCC_493\Debug\gnome_inst_decoder.o
 .debug_aranges
                0x00000130       0x30 .\CortexM3\ARM_GCC_493\Debug\gnome_memory.o
 .debug_aranges
                0x00000160       0x90 .\CortexM3\ARM_GCC_493\Debug\i2cLCD.o
 .debug_aranges
                0x000001f0       0x30 .\CortexM3\ARM_GCC_493\Debug\gnome_lcd.o
 .debug_aranges
                0x00000220       0x40 .\CortexM3\ARM_GCC_493\Debug\gnome_debug.o
 .debug_aranges
                0x00000260       0x28 .\CortexM3\ARM_GCC_493\Debug\gnome_it.o
 .debug_aranges
                0x00000288       0x18 .\CortexM3\ARM_GCC_493\Debug\cymetadata.o
 .debug_aranges
                0x000002a0       0x48 .\CortexM3\ARM_GCC_493\Debug\Cm3Start.o
 .debug_aranges
                0x000002e8       0x58 .\CortexM3\ARM_GCC_493\Debug\gnome_cajas.a(cyfitter_cfg.o)
 .debug_aranges
                0x00000340       0x20 .\CortexM3\ARM_GCC_493\Debug\gnome_cajas.a(CyBootAsmGnu.o)
 .debug_aranges
                0x00000360       0x80 .\CortexM3\ARM_GCC_493\Debug\gnome_cajas.a(CyFlash.o)
 .debug_aranges
                0x000003e0      0x298 .\CortexM3\ARM_GCC_493\Debug\gnome_cajas.a(CyLib.o)
 .debug_aranges
                0x00000678       0x98 .\CortexM3\ARM_GCC_493\Debug\gnome_cajas.a(cyPm.o)
 .debug_aranges
                0x00000710       0x78 .\CortexM3\ARM_GCC_493\Debug\gnome_cajas.a(CySpc.o)
 .debug_aranges
                0x00000788       0x78 .\CortexM3\ARM_GCC_493\Debug\gnome_cajas.a(EEPROM.o)
 .debug_aranges
                0x00000800       0xf0 .\CortexM3\ARM_GCC_493\Debug\gnome_cajas.a(UART.o)
 .debug_aranges
                0x000008f0       0x70 .\CortexM3\ARM_GCC_493\Debug\gnome_cajas.a(UART_IntClock.o)
 .debug_aranges
                0x00000960       0x38 .\CortexM3\ARM_GCC_493\Debug\gnome_cajas.a(I2C.o)
 .debug_aranges
                0x00000998       0x20 .\CortexM3\ARM_GCC_493\Debug\gnome_cajas.a(I2C_INT.o)
 .debug_aranges
                0x000009b8       0x38 .\CortexM3\ARM_GCC_493\Debug\gnome_cajas.a(I2C_PM.o)
 .debug_aranges
                0x000009f0       0x80 .\CortexM3\ARM_GCC_493\Debug\gnome_cajas.a(I2C_MASTER.o)
 .debug_aranges
                0x00000a70       0x80 .\CortexM3\ARM_GCC_493\Debug\gnome_cajas.a(UART_RX_IT.o)

.debug_pubnames
 *(.debug_pubnames)

.debug_info     0x00000000     0x7f21
 *(.debug_info .gnu.linkonce.wi.*)
 .debug_info    0x00000000      0x24b .\CortexM3\ARM_GCC_493\Debug\main.o
 .debug_info    0x0000024b      0x68f .\CortexM3\ARM_GCC_493\Debug\gnome.o
 .debug_info    0x000008da      0x629 .\CortexM3\ARM_GCC_493\Debug\gnome_execute.o
 .debug_info    0x00000f03      0x2d4 .\CortexM3\ARM_GCC_493\Debug\gnome_inst_decoder.o
 .debug_info    0x000011d7      0x37a .\CortexM3\ARM_GCC_493\Debug\gnome_memory.o
 .debug_info    0x00001551      0x8be .\CortexM3\ARM_GCC_493\Debug\i2cLCD.o
 .debug_info    0x00001e0f      0x489 .\CortexM3\ARM_GCC_493\Debug\gnome_lcd.o
 .debug_info    0x00002298      0x9f7 .\CortexM3\ARM_GCC_493\Debug\gnome_debug.o
 .debug_info    0x00002c8f      0x241 .\CortexM3\ARM_GCC_493\Debug\gnome_it.o
 .debug_info    0x00002ed0      0x167 .\CortexM3\ARM_GCC_493\Debug\cymetadata.o
 .debug_info    0x00003037      0x3a5 .\CortexM3\ARM_GCC_493\Debug\Cm3Start.o
 .debug_info    0x000033dc      0x5d8 .\CortexM3\ARM_GCC_493\Debug\gnome_cajas.a(cyfitter_cfg.o)
 .debug_info    0x000039b4       0x99 .\CortexM3\ARM_GCC_493\Debug\gnome_cajas.a(CyBootAsmGnu.o)
 .debug_info    0x00003a4d      0x60a .\CortexM3\ARM_GCC_493\Debug\gnome_cajas.a(CyFlash.o)
 .debug_info    0x00004057     0x1371 .\CortexM3\ARM_GCC_493\Debug\gnome_cajas.a(CyLib.o)
 .debug_info    0x000053c8      0xa58 .\CortexM3\ARM_GCC_493\Debug\gnome_cajas.a(cyPm.o)
 .debug_info    0x00005e20      0x4f0 .\CortexM3\ARM_GCC_493\Debug\gnome_cajas.a(CySpc.o)
 .debug_info    0x00006310      0x668 .\CortexM3\ARM_GCC_493\Debug\gnome_cajas.a(EEPROM.o)
 .debug_info    0x00006978      0x603 .\CortexM3\ARM_GCC_493\Debug\gnome_cajas.a(UART.o)
 .debug_info    0x00006f7b      0x283 .\CortexM3\ARM_GCC_493\Debug\gnome_cajas.a(UART_IntClock.o)
 .debug_info    0x000071fe      0x2db .\CortexM3\ARM_GCC_493\Debug\gnome_cajas.a(I2C.o)
 .debug_info    0x000074d9      0x17f .\CortexM3\ARM_GCC_493\Debug\gnome_cajas.a(I2C_INT.o)
 .debug_info    0x00007658      0x1fe .\CortexM3\ARM_GCC_493\Debug\gnome_cajas.a(I2C_PM.o)
 .debug_info    0x00007856      0x400 .\CortexM3\ARM_GCC_493\Debug\gnome_cajas.a(I2C_MASTER.o)
 .debug_info    0x00007c56      0x2cb .\CortexM3\ARM_GCC_493\Debug\gnome_cajas.a(UART_RX_IT.o)

.debug_abbrev   0x00000000     0x23d5
 *(.debug_abbrev)
 .debug_abbrev  0x00000000       0xf0 .\CortexM3\ARM_GCC_493\Debug\main.o
 .debug_abbrev  0x000000f0      0x1dd .\CortexM3\ARM_GCC_493\Debug\gnome.o
 .debug_abbrev  0x000002cd      0x192 .\CortexM3\ARM_GCC_493\Debug\gnome_execute.o
 .debug_abbrev  0x0000045f      0x101 .\CortexM3\ARM_GCC_493\Debug\gnome_inst_decoder.o
 .debug_abbrev  0x00000560      0x121 .\CortexM3\ARM_GCC_493\Debug\gnome_memory.o
 .debug_abbrev  0x00000681      0x192 .\CortexM3\ARM_GCC_493\Debug\i2cLCD.o
 .debug_abbrev  0x00000813      0x19c .\CortexM3\ARM_GCC_493\Debug\gnome_lcd.o
 .debug_abbrev  0x000009af      0x20f .\CortexM3\ARM_GCC_493\Debug\gnome_debug.o
 .debug_abbrev  0x00000bbe       0xe5 .\CortexM3\ARM_GCC_493\Debug\gnome_it.o
 .debug_abbrev  0x00000ca3       0x77 .\CortexM3\ARM_GCC_493\Debug\cymetadata.o
 .debug_abbrev  0x00000d1a      0x20f .\CortexM3\ARM_GCC_493\Debug\Cm3Start.o
 .debug_abbrev  0x00000f29      0x212 .\CortexM3\ARM_GCC_493\Debug\gnome_cajas.a(cyfitter_cfg.o)
 .debug_abbrev  0x0000113b       0x14 .\CortexM3\ARM_GCC_493\Debug\gnome_cajas.a(CyBootAsmGnu.o)
 .debug_abbrev  0x0000114f      0x1d1 .\CortexM3\ARM_GCC_493\Debug\gnome_cajas.a(CyFlash.o)
 .debug_abbrev  0x00001320      0x296 .\CortexM3\ARM_GCC_493\Debug\gnome_cajas.a(CyLib.o)
 .debug_abbrev  0x000015b6      0x1ed .\CortexM3\ARM_GCC_493\Debug\gnome_cajas.a(cyPm.o)
 .debug_abbrev  0x000017a3      0x1c1 .\CortexM3\ARM_GCC_493\Debug\gnome_cajas.a(CySpc.o)
 .debug_abbrev  0x00001964      0x1a3 .\CortexM3\ARM_GCC_493\Debug\gnome_cajas.a(EEPROM.o)
 .debug_abbrev  0x00001b07      0x1a2 .\CortexM3\ARM_GCC_493\Debug\gnome_cajas.a(UART.o)
 .debug_abbrev  0x00001ca9      0x139 .\CortexM3\ARM_GCC_493\Debug\gnome_cajas.a(UART_IntClock.o)
 .debug_abbrev  0x00001de2      0x15c .\CortexM3\ARM_GCC_493\Debug\gnome_cajas.a(I2C.o)
 .debug_abbrev  0x00001f3e       0xbd .\CortexM3\ARM_GCC_493\Debug\gnome_cajas.a(I2C_INT.o)
 .debug_abbrev  0x00001ffb      0x12b .\CortexM3\ARM_GCC_493\Debug\gnome_cajas.a(I2C_PM.o)
 .debug_abbrev  0x00002126      0x13c .\CortexM3\ARM_GCC_493\Debug\gnome_cajas.a(I2C_MASTER.o)
 .debug_abbrev  0x00002262      0x173 .\CortexM3\ARM_GCC_493\Debug\gnome_cajas.a(UART_RX_IT.o)

.debug_line     0x00000000     0x362e
 *(.debug_line)
 .debug_line    0x00000000      0x180 .\CortexM3\ARM_GCC_493\Debug\main.o
 .debug_line    0x00000180      0x2c3 .\CortexM3\ARM_GCC_493\Debug\gnome.o
 .debug_line    0x00000443      0x32e .\CortexM3\ARM_GCC_493\Debug\gnome_execute.o
 .debug_line    0x00000771      0x19b .\CortexM3\ARM_GCC_493\Debug\gnome_inst_decoder.o
 .debug_line    0x0000090c      0x1e2 .\CortexM3\ARM_GCC_493\Debug\gnome_memory.o
 .debug_line    0x00000aee      0x355 .\CortexM3\ARM_GCC_493\Debug\i2cLCD.o
 .debug_line    0x00000e43      0x1da .\CortexM3\ARM_GCC_493\Debug\gnome_lcd.o
 .debug_line    0x0000101d      0x331 .\CortexM3\ARM_GCC_493\Debug\gnome_debug.o
 .debug_line    0x0000134e      0x182 .\CortexM3\ARM_GCC_493\Debug\gnome_it.o
 .debug_line    0x000014d0       0x53 .\CortexM3\ARM_GCC_493\Debug\cymetadata.o
 .debug_line    0x00001523      0x249 .\CortexM3\ARM_GCC_493\Debug\Cm3Start.o
 .debug_line    0x0000176c      0x20e .\CortexM3\ARM_GCC_493\Debug\gnome_cajas.a(cyfitter_cfg.o)
 .debug_line    0x0000197a       0x68 .\CortexM3\ARM_GCC_493\Debug\gnome_cajas.a(CyBootAsmGnu.o)
 .debug_line    0x000019e2      0x1ec .\CortexM3\ARM_GCC_493\Debug\gnome_cajas.a(CyFlash.o)
 .debug_line    0x00001bce      0x806 .\CortexM3\ARM_GCC_493\Debug\gnome_cajas.a(CyLib.o)
 .debug_line    0x000023d4      0x366 .\CortexM3\ARM_GCC_493\Debug\gnome_cajas.a(cyPm.o)
 .debug_line    0x0000273a      0x23e .\CortexM3\ARM_GCC_493\Debug\gnome_cajas.a(CySpc.o)
 .debug_line    0x00002978      0x266 .\CortexM3\ARM_GCC_493\Debug\gnome_cajas.a(EEPROM.o)
 .debug_line    0x00002bde      0x2be .\CortexM3\ARM_GCC_493\Debug\gnome_cajas.a(UART.o)
 .debug_line    0x00002e9c      0x195 .\CortexM3\ARM_GCC_493\Debug\gnome_cajas.a(UART_IntClock.o)
 .debug_line    0x00003031       0xdb .\CortexM3\ARM_GCC_493\Debug\gnome_cajas.a(I2C.o)
 .debug_line    0x0000310c      0x116 .\CortexM3\ARM_GCC_493\Debug\gnome_cajas.a(I2C_INT.o)
 .debug_line    0x00003222       0xbd .\CortexM3\ARM_GCC_493\Debug\gnome_cajas.a(I2C_PM.o)
 .debug_line    0x000032df      0x1ff .\CortexM3\ARM_GCC_493\Debug\gnome_cajas.a(I2C_MASTER.o)
 .debug_line    0x000034de      0x150 .\CortexM3\ARM_GCC_493\Debug\gnome_cajas.a(UART_RX_IT.o)

.debug_frame    0x00000000     0x1ff4
 *(.debug_frame)
 .debug_frame   0x00000000       0x2c .\CortexM3\ARM_GCC_493\Debug\main.o
 .debug_frame   0x0000002c       0x74 .\CortexM3\ARM_GCC_493\Debug\gnome.o
 .debug_frame   0x000000a0      0x1b8 .\CortexM3\ARM_GCC_493\Debug\gnome_execute.o
 .debug_frame   0x00000258       0x20 .\CortexM3\ARM_GCC_493\Debug\gnome_inst_decoder.o
 .debug_frame   0x00000278       0x40 .\CortexM3\ARM_GCC_493\Debug\gnome_memory.o
 .debug_frame   0x000002b8      0x1dc .\CortexM3\ARM_GCC_493\Debug\i2cLCD.o
 .debug_frame   0x00000494       0x74 .\CortexM3\ARM_GCC_493\Debug\gnome_lcd.o
 .debug_frame   0x00000508       0xbc .\CortexM3\ARM_GCC_493\Debug\gnome_debug.o
 .debug_frame   0x000005c4       0x30 .\CortexM3\ARM_GCC_493\Debug\gnome_it.o
 .debug_frame   0x000005f4       0xac .\CortexM3\ARM_GCC_493\Debug\Cm3Start.o
 .debug_frame   0x000006a0       0xe4 .\CortexM3\ARM_GCC_493\Debug\gnome_cajas.a(cyfitter_cfg.o)
 .debug_frame   0x00000784      0x174 .\CortexM3\ARM_GCC_493\Debug\gnome_cajas.a(CyFlash.o)
 .debug_frame   0x000008f8      0x728 .\CortexM3\ARM_GCC_493\Debug\gnome_cajas.a(CyLib.o)
 .debug_frame   0x00001020      0x1f8 .\CortexM3\ARM_GCC_493\Debug\gnome_cajas.a(cyPm.o)
 .debug_frame   0x00001218      0x160 .\CortexM3\ARM_GCC_493\Debug\gnome_cajas.a(CySpc.o)
 .debug_frame   0x00001378      0x17c .\CortexM3\ARM_GCC_493\Debug\gnome_cajas.a(EEPROM.o)
 .debug_frame   0x000014f4      0x250 .\CortexM3\ARM_GCC_493\Debug\gnome_cajas.a(UART.o)
 .debug_frame   0x00001744       0xe0 .\CortexM3\ARM_GCC_493\Debug\gnome_cajas.a(UART_IntClock.o)
 .debug_frame   0x00001824       0x94 .\CortexM3\ARM_GCC_493\Debug\gnome_cajas.a(I2C.o)
 .debug_frame   0x000018b8       0x30 .\CortexM3\ARM_GCC_493\Debug\gnome_cajas.a(I2C_INT.o)
 .debug_frame   0x000018e8       0x74 .\CortexM3\ARM_GCC_493\Debug\gnome_cajas.a(I2C_PM.o)
 .debug_frame   0x0000195c      0x138 .\CortexM3\ARM_GCC_493\Debug\gnome_cajas.a(I2C_MASTER.o)
 .debug_frame   0x00001a94      0x104 .\CortexM3\ARM_GCC_493\Debug\gnome_cajas.a(UART_RX_IT.o)
 .debug_frame   0x00001b98       0x20 c:/program files (x86)/cypress/psoc creator/3.3/psoc creator/import/gnu/arm/4.9.3/bin/../lib/gcc/arm-none-eabi/4.9.3/../../../../arm-none-eabi/lib/armv7-m\libg_nano.a(lib_a-errno.o)
 .debug_frame   0x00001bb8       0x28 c:/program files (x86)/cypress/psoc creator/3.3/psoc creator/import/gnu/arm/4.9.3/bin/../lib/gcc/arm-none-eabi/4.9.3/../../../../arm-none-eabi/lib/armv7-m\libg_nano.a(lib_a-exit.o)
 .debug_frame   0x00001be0       0x2c c:/program files (x86)/cypress/psoc creator/3.3/psoc creator/import/gnu/arm/4.9.3/bin/../lib/gcc/arm-none-eabi/4.9.3/../../../../arm-none-eabi/lib/armv7-m\libg_nano.a(lib_a-init.o)
 .debug_frame   0x00001c0c       0x28 c:/program files (x86)/cypress/psoc creator/3.3/psoc creator/import/gnu/arm/4.9.3/bin/../lib/gcc/arm-none-eabi/4.9.3/../../../../arm-none-eabi/lib/armv7-m\libg_nano.a(lib_a-memcpy.o)
 .debug_frame   0x00001c34       0x20 c:/program files (x86)/cypress/psoc creator/3.3/psoc creator/import/gnu/arm/4.9.3/bin/../lib/gcc/arm-none-eabi/4.9.3/../../../../arm-none-eabi/lib/armv7-m\libg_nano.a(lib_a-memset.o)
 .debug_frame   0x00001c54       0x70 c:/program files (x86)/cypress/psoc creator/3.3/psoc creator/import/gnu/arm/4.9.3/bin/../lib/gcc/arm-none-eabi/4.9.3/../../../../arm-none-eabi/lib/armv7-m\libg_nano.a(lib_a-sprintf.o)
 .debug_frame   0x00001cc4       0x20 c:/program files (x86)/cypress/psoc creator/3.3/psoc creator/import/gnu/arm/4.9.3/bin/../lib/gcc/arm-none-eabi/4.9.3/../../../../arm-none-eabi/lib/armv7-m\libg_nano.a(lib_a-strcpy.o)
 .debug_frame   0x00001ce4       0x20 c:/program files (x86)/cypress/psoc creator/3.3/psoc creator/import/gnu/arm/4.9.3/bin/../lib/gcc/arm-none-eabi/4.9.3/../../../../arm-none-eabi/lib/armv7-m\libg_nano.a(lib_a-strlen.o)
 .debug_frame   0x00001d04       0x2c c:/program files (x86)/cypress/psoc creator/3.3/psoc creator/import/gnu/arm/4.9.3/bin/../lib/gcc/arm-none-eabi/4.9.3/../../../../arm-none-eabi/lib/armv7-m\libg_nano.a(lib_a-strstr.o)
 .debug_frame   0x00001d30       0x54 c:/program files (x86)/cypress/psoc creator/3.3/psoc creator/import/gnu/arm/4.9.3/bin/../lib/gcc/arm-none-eabi/4.9.3/../../../../arm-none-eabi/lib/armv7-m\libg_nano.a(lib_a-strtol.o)
 .debug_frame   0x00001d84       0x8c c:/program files (x86)/cypress/psoc creator/3.3/psoc creator/import/gnu/arm/4.9.3/bin/../lib/gcc/arm-none-eabi/4.9.3/../../../../arm-none-eabi/lib/armv7-m\libg_nano.a(lib_a-nano-svfprintf.o)
 .debug_frame   0x00001e10       0x58 c:/program files (x86)/cypress/psoc creator/3.3/psoc creator/import/gnu/arm/4.9.3/bin/../lib/gcc/arm-none-eabi/4.9.3/../../../../arm-none-eabi/lib/armv7-m\libg_nano.a(lib_a-nano-vfprintf_i.o)
 .debug_frame   0x00001e68       0x28 c:/program files (x86)/cypress/psoc creator/3.3/psoc creator/import/gnu/arm/4.9.3/bin/../lib/gcc/arm-none-eabi/4.9.3/../../../../arm-none-eabi/lib/armv7-m\libg_nano.a(lib_a-memchr.o)
 .debug_frame   0x00001e90       0x28 c:/program files (x86)/cypress/psoc creator/3.3/psoc creator/import/gnu/arm/4.9.3/bin/../lib/gcc/arm-none-eabi/4.9.3/../../../../arm-none-eabi/lib/armv7-m\libg_nano.a(lib_a-memmove.o)
 .debug_frame   0x00001eb8       0x2c c:/program files (x86)/cypress/psoc creator/3.3/psoc creator/import/gnu/arm/4.9.3/bin/../lib/gcc/arm-none-eabi/4.9.3/../../../../arm-none-eabi/lib/armv7-m\libg_nano.a(lib_a-nano-freer.o)
 .debug_frame   0x00001ee4       0x2c c:/program files (x86)/cypress/psoc creator/3.3/psoc creator/import/gnu/arm/4.9.3/bin/../lib/gcc/arm-none-eabi/4.9.3/../../../../arm-none-eabi/lib/armv7-m\libg_nano.a(lib_a-nano-mallocr.o)
 .debug_frame   0x00001f10       0x3c c:/program files (x86)/cypress/psoc creator/3.3/psoc creator/import/gnu/arm/4.9.3/bin/../lib/gcc/arm-none-eabi/4.9.3/../../../../arm-none-eabi/lib/armv7-m\libg_nano.a(lib_a-nano-reallocr.o)
 .debug_frame   0x00001f4c       0x2c c:/program files (x86)/cypress/psoc creator/3.3/psoc creator/import/gnu/arm/4.9.3/bin/../lib/gcc/arm-none-eabi/4.9.3/../../../../arm-none-eabi/lib/armv7-m\libg_nano.a(lib_a-sbrkr.o)
 .debug_frame   0x00001f78       0x20 c:/program files (x86)/cypress/psoc creator/3.3/psoc creator/import/gnu/arm/4.9.3/bin/../lib/gcc/arm-none-eabi/4.9.3/../../../../arm-none-eabi/lib/armv7-m\libg_nano.a(lib_a-nano-msizer.o)
 .debug_frame   0x00001f98       0x5c c:/program files (x86)/cypress/psoc creator/3.3/psoc creator/import/gnu/arm/4.9.3/bin/../lib/gcc/arm-none-eabi/4.9.3/../../../../arm-none-eabi/lib/armv7-m\libg_nano.a(lib_a-reent.o)

.debug_str      0x00000000     0x22a9
 *(.debug_str)
 .debug_str     0x00000000      0x1fa .\CortexM3\ARM_GCC_493\Debug\main.o
                                0x248 (size before relaxing)
 .debug_str     0x000001fa      0x272 .\CortexM3\ARM_GCC_493\Debug\gnome.o
                                0x4be (size before relaxing)
 .debug_str     0x0000046c      0x11e .\CortexM3\ARM_GCC_493\Debug\gnome_execute.o
                                0x402 (size before relaxing)
 .debug_str     0x0000058a       0x17 .\CortexM3\ARM_GCC_493\Debug\gnome_inst_decoder.o
                                0x2c9 (size before relaxing)
 .debug_str     0x000005a1       0x4e .\CortexM3\ARM_GCC_493\Debug\gnome_memory.o
                                0x2e3 (size before relaxing)
 .debug_str     0x000005ef      0x1bb .\CortexM3\ARM_GCC_493\Debug\i2cLCD.o
                                0x402 (size before relaxing)
 .debug_str     0x000007aa       0x76 .\CortexM3\ARM_GCC_493\Debug\gnome_lcd.o
                                0x30e (size before relaxing)
 .debug_str     0x00000820       0xd9 .\CortexM3\ARM_GCC_493\Debug\gnome_debug.o
                                0x409 (size before relaxing)
 .debug_str     0x000008f9       0x1e .\CortexM3\ARM_GCC_493\Debug\gnome_it.o
                                0x25a (size before relaxing)
 .debug_str     0x00000917       0x81 .\CortexM3\ARM_GCC_493\Debug\cymetadata.o
                                0x1fd (size before relaxing)
 .debug_str     0x00000998      0x147 .\CortexM3\ARM_GCC_493\Debug\Cm3Start.o
                                0x307 (size before relaxing)
 .debug_str     0x00000adf      0x19a .\CortexM3\ARM_GCC_493\Debug\gnome_cajas.a(cyfitter_cfg.o)
                                0x350 (size before relaxing)
 .debug_str     0x00000c79      0x1f2 .\CortexM3\ARM_GCC_493\Debug\gnome_cajas.a(CyFlash.o)
                                0x39e (size before relaxing)
 .debug_str     0x00000e6b      0x782 .\CortexM3\ARM_GCC_493\Debug\gnome_cajas.a(CyLib.o)
                                0xa2c (size before relaxing)
 .debug_str     0x000015ed      0x345 .\CortexM3\ARM_GCC_493\Debug\gnome_cajas.a(cyPm.o)
                                0x724 (size before relaxing)
 .debug_str     0x00001932       0xae .\CortexM3\ARM_GCC_493\Debug\gnome_cajas.a(CySpc.o)
                                0x327 (size before relaxing)
 .debug_str     0x000019e0       0xdb .\CortexM3\ARM_GCC_493\Debug\gnome_cajas.a(EEPROM.o)
                                0x3bf (size before relaxing)
 .debug_str     0x00001abb      0x260 .\CortexM3\ARM_GCC_493\Debug\gnome_cajas.a(UART.o)
                                0x472 (size before relaxing)
 .debug_str     0x00001d1b      0x185 .\CortexM3\ARM_GCC_493\Debug\gnome_cajas.a(UART_IntClock.o)
                                0x33f (size before relaxing)
 .debug_str     0x00001ea0       0xd6 .\CortexM3\ARM_GCC_493\Debug\gnome_cajas.a(I2C.o)
                                0x2eb (size before relaxing)
 .debug_str     0x00001f76       0x88 .\CortexM3\ARM_GCC_493\Debug\gnome_cajas.a(I2C_INT.o)
                                0x25c (size before relaxing)
 .debug_str     0x00001ffe       0x58 .\CortexM3\ARM_GCC_493\Debug\gnome_cajas.a(I2C_PM.o)
                                0x27a (size before relaxing)
 .debug_str     0x00002056      0x138 .\CortexM3\ARM_GCC_493\Debug\gnome_cajas.a(I2C_MASTER.o)
                                0x3a1 (size before relaxing)
 .debug_str     0x0000218e      0x11b .\CortexM3\ARM_GCC_493\Debug\gnome_cajas.a(UART_RX_IT.o)
                                0x2e9 (size before relaxing)

.debug_loc      0x00000000     0x35e8
 *(.debug_loc)
 .debug_loc     0x00000000       0x7f .\CortexM3\ARM_GCC_493\Debug\gnome.o
 .debug_loc     0x0000007f      0x4c0 .\CortexM3\ARM_GCC_493\Debug\gnome_execute.o
 .debug_loc     0x0000053f       0x53 .\CortexM3\ARM_GCC_493\Debug\gnome_inst_decoder.o
 .debug_loc     0x00000592      0x1c8 .\CortexM3\ARM_GCC_493\Debug\gnome_memory.o
 .debug_loc     0x0000075a      0x4db .\CortexM3\ARM_GCC_493\Debug\i2cLCD.o
 .debug_loc     0x00000c35       0x30 .\CortexM3\ARM_GCC_493\Debug\gnome_lcd.o
 .debug_loc     0x00000c65      0x286 .\CortexM3\ARM_GCC_493\Debug\gnome_debug.o
 .debug_loc     0x00000eeb      0x144 .\CortexM3\ARM_GCC_493\Debug\Cm3Start.o
 .debug_loc     0x0000102f      0x25a .\CortexM3\ARM_GCC_493\Debug\gnome_cajas.a(cyfitter_cfg.o)
 .debug_loc     0x00001289      0x300 .\CortexM3\ARM_GCC_493\Debug\gnome_cajas.a(CyFlash.o)
 .debug_loc     0x00001589      0xa11 .\CortexM3\ARM_GCC_493\Debug\gnome_cajas.a(CyLib.o)
 .debug_loc     0x00001f9a      0x1e4 .\CortexM3\ARM_GCC_493\Debug\gnome_cajas.a(cyPm.o)
 .debug_loc     0x0000217e      0x64d .\CortexM3\ARM_GCC_493\Debug\gnome_cajas.a(CySpc.o)
 .debug_loc     0x000027cb      0x49f .\CortexM3\ARM_GCC_493\Debug\gnome_cajas.a(EEPROM.o)
 .debug_loc     0x00002c6a      0x258 .\CortexM3\ARM_GCC_493\Debug\gnome_cajas.a(UART.o)
 .debug_loc     0x00002ec2      0x12c .\CortexM3\ARM_GCC_493\Debug\gnome_cajas.a(UART_IntClock.o)
 .debug_loc     0x00002fee       0x39 .\CortexM3\ARM_GCC_493\Debug\gnome_cajas.a(I2C.o)
 .debug_loc     0x00003027       0x29 .\CortexM3\ARM_GCC_493\Debug\gnome_cajas.a(I2C_INT.o)
 .debug_loc     0x00003050       0x13 .\CortexM3\ARM_GCC_493\Debug\gnome_cajas.a(I2C_PM.o)
 .debug_loc     0x00003063      0x52f .\CortexM3\ARM_GCC_493\Debug\gnome_cajas.a(I2C_MASTER.o)
 .debug_loc     0x00003592       0x56 .\CortexM3\ARM_GCC_493\Debug\gnome_cajas.a(UART_RX_IT.o)

.debug_macinfo
 *(.debug_macinfo)

.debug_ranges   0x00000000      0x960
 *(.debug_ranges)
 .debug_ranges  0x00000000       0x10 .\CortexM3\ARM_GCC_493\Debug\main.o
 .debug_ranges  0x00000010       0x28 .\CortexM3\ARM_GCC_493\Debug\gnome.o
 .debug_ranges  0x00000038       0xa8 .\CortexM3\ARM_GCC_493\Debug\gnome_execute.o
 .debug_ranges  0x000000e0       0x10 .\CortexM3\ARM_GCC_493\Debug\gnome_inst_decoder.o
 .debug_ranges  0x000000f0       0x20 .\CortexM3\ARM_GCC_493\Debug\gnome_memory.o
 .debug_ranges  0x00000110       0x80 .\CortexM3\ARM_GCC_493\Debug\i2cLCD.o
 .debug_ranges  0x00000190       0x20 .\CortexM3\ARM_GCC_493\Debug\gnome_lcd.o
 .debug_ranges  0x000001b0       0x48 .\CortexM3\ARM_GCC_493\Debug\gnome_debug.o
 .debug_ranges  0x000001f8       0x18 .\CortexM3\ARM_GCC_493\Debug\gnome_it.o
 .debug_ranges  0x00000210       0x38 .\CortexM3\ARM_GCC_493\Debug\Cm3Start.o
 .debug_ranges  0x00000248       0x48 .\CortexM3\ARM_GCC_493\Debug\gnome_cajas.a(cyfitter_cfg.o)
 .debug_ranges  0x00000290       0x70 .\CortexM3\ARM_GCC_493\Debug\gnome_cajas.a(CyFlash.o)
 .debug_ranges  0x00000300      0x288 .\CortexM3\ARM_GCC_493\Debug\gnome_cajas.a(CyLib.o)
 .debug_ranges  0x00000588       0x88 .\CortexM3\ARM_GCC_493\Debug\gnome_cajas.a(cyPm.o)
 .debug_ranges  0x00000610       0x68 .\CortexM3\ARM_GCC_493\Debug\gnome_cajas.a(CySpc.o)
 .debug_ranges  0x00000678       0x68 .\CortexM3\ARM_GCC_493\Debug\gnome_cajas.a(EEPROM.o)
 .debug_ranges  0x000006e0       0xe0 .\CortexM3\ARM_GCC_493\Debug\gnome_cajas.a(UART.o)
 .debug_ranges  0x000007c0       0x60 .\CortexM3\ARM_GCC_493\Debug\gnome_cajas.a(UART_IntClock.o)
 .debug_ranges  0x00000820       0x28 .\CortexM3\ARM_GCC_493\Debug\gnome_cajas.a(I2C.o)
 .debug_ranges  0x00000848       0x10 .\CortexM3\ARM_GCC_493\Debug\gnome_cajas.a(I2C_INT.o)
 .debug_ranges  0x00000858       0x28 .\CortexM3\ARM_GCC_493\Debug\gnome_cajas.a(I2C_PM.o)
 .debug_ranges  0x00000880       0x70 .\CortexM3\ARM_GCC_493\Debug\gnome_cajas.a(I2C_MASTER.o)
 .debug_ranges  0x000008f0       0x70 .\CortexM3\ARM_GCC_493\Debug\gnome_cajas.a(UART_RX_IT.o)

.comment        0x00000000       0x70
 .comment       0x00000000       0x70 .\CortexM3\ARM_GCC_493\Debug\main.o
                                 0x71 (size before relaxing)
 .comment       0x00000000       0x71 .\CortexM3\ARM_GCC_493\Debug\gnome.o
 .comment       0x00000000       0x71 .\CortexM3\ARM_GCC_493\Debug\gnome_execute.o
 .comment       0x00000000       0x71 .\CortexM3\ARM_GCC_493\Debug\gnome_inst_decoder.o
 .comment       0x00000000       0x71 .\CortexM3\ARM_GCC_493\Debug\gnome_memory.o
 .comment       0x00000000       0x71 .\CortexM3\ARM_GCC_493\Debug\i2cLCD.o
 .comment       0x00000000       0x71 .\CortexM3\ARM_GCC_493\Debug\gnome_lcd.o
 .comment       0x00000000       0x71 .\CortexM3\ARM_GCC_493\Debug\gnome_debug.o
 .comment       0x00000000       0x71 .\CortexM3\ARM_GCC_493\Debug\gnome_it.o
 .comment       0x00000000       0x71 .\CortexM3\ARM_GCC_493\Debug\cymetadata.o
 .comment       0x00000000       0x71 .\CortexM3\ARM_GCC_493\Debug\Cm3Start.o
 .comment       0x00000000       0x71 .\CortexM3\ARM_GCC_493\Debug\gnome_cajas.a(cyfitter_cfg.o)
 .comment       0x00000000       0x71 .\CortexM3\ARM_GCC_493\Debug\gnome_cajas.a(CyFlash.o)
 .comment       0x00000000       0x71 .\CortexM3\ARM_GCC_493\Debug\gnome_cajas.a(CyLib.o)
 .comment       0x00000000       0x71 .\CortexM3\ARM_GCC_493\Debug\gnome_cajas.a(cyPm.o)
 .comment       0x00000000       0x71 .\CortexM3\ARM_GCC_493\Debug\gnome_cajas.a(CySpc.o)
 .comment       0x00000000       0x71 .\CortexM3\ARM_GCC_493\Debug\gnome_cajas.a(EEPROM.o)
 .comment       0x00000000       0x71 .\CortexM3\ARM_GCC_493\Debug\gnome_cajas.a(UART.o)
 .comment       0x00000000       0x71 .\CortexM3\ARM_GCC_493\Debug\gnome_cajas.a(UART_IntClock.o)
 .comment       0x00000000       0x71 .\CortexM3\ARM_GCC_493\Debug\gnome_cajas.a(I2C.o)
 .comment       0x00000000       0x71 .\CortexM3\ARM_GCC_493\Debug\gnome_cajas.a(I2C_INT.o)
 .comment       0x00000000       0x71 .\CortexM3\ARM_GCC_493\Debug\gnome_cajas.a(I2C_PM.o)
 .comment       0x00000000       0x71 .\CortexM3\ARM_GCC_493\Debug\gnome_cajas.a(I2C_MASTER.o)
 .comment       0x00000000       0x71 .\CortexM3\ARM_GCC_493\Debug\gnome_cajas.a(UART_RX_IT.o)

.debug_weaknames
 *(.debug_weaknames)

.debug_funcnames
 *(.debug_funcnames)

.debug_typenames
 *(.debug_typenames)

.debug_varnames
 *(.debug_varnames)

.note.gnu.arm.ident
 *(.note.gnu.arm.ident)

.ARM.attributes
                0x00000000       0x29
 *(.ARM.attributes)
 .ARM.attributes
                0x00000000       0x1d c:/program files (x86)/cypress/psoc creator/3.3/psoc creator/import/gnu/arm/4.9.3/bin/../lib/gcc/arm-none-eabi/4.9.3/armv7-m/crti.o
 .ARM.attributes
                0x0000001d       0x2d c:/program files (x86)/cypress/psoc creator/3.3/psoc creator/import/gnu/arm/4.9.3/bin/../lib/gcc/arm-none-eabi/4.9.3/armv7-m/crtbegin.o
 .ARM.attributes
                0x0000004a       0x1b c:/program files (x86)/cypress/psoc creator/3.3/psoc creator/import/gnu/arm/4.9.3/bin/../lib/gcc/arm-none-eabi/4.9.3/../../../../arm-none-eabi/lib/armv7-m/crt0.o
 .ARM.attributes
                0x00000065       0x33 .\CortexM3\ARM_GCC_493\Debug\main.o
 .ARM.attributes
                0x00000098       0x33 .\CortexM3\ARM_GCC_493\Debug\gnome.o
 .ARM.attributes
                0x000000cb       0x33 .\CortexM3\ARM_GCC_493\Debug\gnome_execute.o
 .ARM.attributes
                0x000000fe       0x33 .\CortexM3\ARM_GCC_493\Debug\gnome_inst_decoder.o
 .ARM.attributes
                0x00000131       0x33 .\CortexM3\ARM_GCC_493\Debug\gnome_memory.o
 .ARM.attributes
                0x00000164       0x33 .\CortexM3\ARM_GCC_493\Debug\i2cLCD.o
 .ARM.attributes
                0x00000197       0x33 .\CortexM3\ARM_GCC_493\Debug\gnome_lcd.o
 .ARM.attributes
                0x000001ca       0x33 .\CortexM3\ARM_GCC_493\Debug\gnome_debug.o
 .ARM.attributes
                0x000001fd       0x33 .\CortexM3\ARM_GCC_493\Debug\gnome_it.o
 .ARM.attributes
                0x00000230       0x33 .\CortexM3\ARM_GCC_493\Debug\cymetadata.o
 .ARM.attributes
                0x00000263       0x33 .\CortexM3\ARM_GCC_493\Debug\Cm3Start.o
 .ARM.attributes
                0x00000296       0x33 .\CortexM3\ARM_GCC_493\Debug\gnome_cajas.a(cyfitter_cfg.o)
 .ARM.attributes
                0x000002c9       0x21 .\CortexM3\ARM_GCC_493\Debug\gnome_cajas.a(CyBootAsmGnu.o)
 .ARM.attributes
                0x000002ea       0x33 .\CortexM3\ARM_GCC_493\Debug\gnome_cajas.a(CyFlash.o)
 .ARM.attributes
                0x0000031d       0x33 .\CortexM3\ARM_GCC_493\Debug\gnome_cajas.a(CyLib.o)
 .ARM.attributes
                0x00000350       0x33 .\CortexM3\ARM_GCC_493\Debug\gnome_cajas.a(cyPm.o)
 .ARM.attributes
                0x00000383       0x33 .\CortexM3\ARM_GCC_493\Debug\gnome_cajas.a(CySpc.o)
 .ARM.attributes
                0x000003b6       0x33 .\CortexM3\ARM_GCC_493\Debug\gnome_cajas.a(EEPROM.o)
 .ARM.attributes
                0x000003e9       0x33 .\CortexM3\ARM_GCC_493\Debug\gnome_cajas.a(UART.o)
 .ARM.attributes
                0x0000041c       0x33 .\CortexM3\ARM_GCC_493\Debug\gnome_cajas.a(UART_IntClock.o)
 .ARM.attributes
                0x0000044f       0x33 .\CortexM3\ARM_GCC_493\Debug\gnome_cajas.a(I2C.o)
 .ARM.attributes
                0x00000482       0x33 .\CortexM3\ARM_GCC_493\Debug\gnome_cajas.a(I2C_INT.o)
 .ARM.attributes
                0x000004b5       0x33 .\CortexM3\ARM_GCC_493\Debug\gnome_cajas.a(I2C_PM.o)
 .ARM.attributes
                0x000004e8       0x33 .\CortexM3\ARM_GCC_493\Debug\gnome_cajas.a(I2C_MASTER.o)
 .ARM.attributes
                0x0000051b       0x33 .\CortexM3\ARM_GCC_493\Debug\gnome_cajas.a(UART_RX_IT.o)
 .ARM.attributes
                0x0000054e       0x2d c:/program files (x86)/cypress/psoc creator/3.3/psoc creator/import/gnu/arm/4.9.3/bin/../lib/gcc/arm-none-eabi/4.9.3/../../../../arm-none-eabi/lib/armv7-m\libg_nano.a(lib_a-errno.o)
 .ARM.attributes
                0x0000057b       0x2d c:/program files (x86)/cypress/psoc creator/3.3/psoc creator/import/gnu/arm/4.9.3/bin/../lib/gcc/arm-none-eabi/4.9.3/../../../../arm-none-eabi/lib/armv7-m\libg_nano.a(lib_a-exit.o)
 .ARM.attributes
                0x000005a8       0x2d c:/program files (x86)/cypress/psoc creator/3.3/psoc creator/import/gnu/arm/4.9.3/bin/../lib/gcc/arm-none-eabi/4.9.3/../../../../arm-none-eabi/lib/armv7-m\libg_nano.a(lib_a-impure.o)
 .ARM.attributes
                0x000005d5       0x2d c:/program files (x86)/cypress/psoc creator/3.3/psoc creator/import/gnu/arm/4.9.3/bin/../lib/gcc/arm-none-eabi/4.9.3/../../../../arm-none-eabi/lib/armv7-m\libg_nano.a(lib_a-init.o)
 .ARM.attributes
                0x00000602       0x2d c:/program files (x86)/cypress/psoc creator/3.3/psoc creator/import/gnu/arm/4.9.3/bin/../lib/gcc/arm-none-eabi/4.9.3/../../../../arm-none-eabi/lib/armv7-m\libg_nano.a(lib_a-memcpy.o)
 .ARM.attributes
                0x0000062f       0x2d c:/program files (x86)/cypress/psoc creator/3.3/psoc creator/import/gnu/arm/4.9.3/bin/../lib/gcc/arm-none-eabi/4.9.3/../../../../arm-none-eabi/lib/armv7-m\libg_nano.a(lib_a-memset.o)
 .ARM.attributes
                0x0000065c       0x2d c:/program files (x86)/cypress/psoc creator/3.3/psoc creator/import/gnu/arm/4.9.3/bin/../lib/gcc/arm-none-eabi/4.9.3/../../../../arm-none-eabi/lib/armv7-m\libg_nano.a(lib_a-sprintf.o)
 .ARM.attributes
                0x00000689       0x1b c:/program files (x86)/cypress/psoc creator/3.3/psoc creator/import/gnu/arm/4.9.3/bin/../lib/gcc/arm-none-eabi/4.9.3/../../../../arm-none-eabi/lib/armv7-m\libg_nano.a(lib_a-strcmp.o)
 .ARM.attributes
                0x000006a4       0x2d c:/program files (x86)/cypress/psoc creator/3.3/psoc creator/import/gnu/arm/4.9.3/bin/../lib/gcc/arm-none-eabi/4.9.3/../../../../arm-none-eabi/lib/armv7-m\libg_nano.a(lib_a-strcpy.o)
 .ARM.attributes
                0x000006d1       0x2d c:/program files (x86)/cypress/psoc creator/3.3/psoc creator/import/gnu/arm/4.9.3/bin/../lib/gcc/arm-none-eabi/4.9.3/../../../../arm-none-eabi/lib/armv7-m\libg_nano.a(lib_a-strlen.o)
 .ARM.attributes
                0x000006fe       0x2d c:/program files (x86)/cypress/psoc creator/3.3/psoc creator/import/gnu/arm/4.9.3/bin/../lib/gcc/arm-none-eabi/4.9.3/../../../../arm-none-eabi/lib/armv7-m\libg_nano.a(lib_a-strstr.o)
 .ARM.attributes
                0x0000072b       0x2d c:/program files (x86)/cypress/psoc creator/3.3/psoc creator/import/gnu/arm/4.9.3/bin/../lib/gcc/arm-none-eabi/4.9.3/../../../../arm-none-eabi/lib/armv7-m\libg_nano.a(lib_a-strtol.o)
 .ARM.attributes
                0x00000758       0x2d c:/program files (x86)/cypress/psoc creator/3.3/psoc creator/import/gnu/arm/4.9.3/bin/../lib/gcc/arm-none-eabi/4.9.3/../../../../arm-none-eabi/lib/armv7-m\libg_nano.a(lib_a-ctype_.o)
 .ARM.attributes
                0x00000785       0x2d c:/program files (x86)/cypress/psoc creator/3.3/psoc creator/import/gnu/arm/4.9.3/bin/../lib/gcc/arm-none-eabi/4.9.3/../../../../arm-none-eabi/lib/armv7-m\libg_nano.a(lib_a-nano-svfprintf.o)
 .ARM.attributes
                0x000007b2       0x2d c:/program files (x86)/cypress/psoc creator/3.3/psoc creator/import/gnu/arm/4.9.3/bin/../lib/gcc/arm-none-eabi/4.9.3/../../../../arm-none-eabi/lib/armv7-m\libg_nano.a(lib_a-nano-vfprintf_i.o)
 .ARM.attributes
                0x000007df       0x2d c:/program files (x86)/cypress/psoc creator/3.3/psoc creator/import/gnu/arm/4.9.3/bin/../lib/gcc/arm-none-eabi/4.9.3/../../../../arm-none-eabi/lib/armv7-m\libg_nano.a(lib_a-memchr.o)
 .ARM.attributes
                0x0000080c       0x2d c:/program files (x86)/cypress/psoc creator/3.3/psoc creator/import/gnu/arm/4.9.3/bin/../lib/gcc/arm-none-eabi/4.9.3/../../../../arm-none-eabi/lib/armv7-m\libg_nano.a(lib_a-memmove.o)
 .ARM.attributes
                0x00000839       0x2d c:/program files (x86)/cypress/psoc creator/3.3/psoc creator/import/gnu/arm/4.9.3/bin/../lib/gcc/arm-none-eabi/4.9.3/../../../../arm-none-eabi/lib/armv7-m\libg_nano.a(lib_a-nano-freer.o)
 .ARM.attributes
                0x00000866       0x2d c:/program files (x86)/cypress/psoc creator/3.3/psoc creator/import/gnu/arm/4.9.3/bin/../lib/gcc/arm-none-eabi/4.9.3/../../../../arm-none-eabi/lib/armv7-m\libg_nano.a(lib_a-nano-mallocr.o)
 .ARM.attributes
                0x00000893       0x2d c:/program files (x86)/cypress/psoc creator/3.3/psoc creator/import/gnu/arm/4.9.3/bin/../lib/gcc/arm-none-eabi/4.9.3/../../../../arm-none-eabi/lib/armv7-m\libg_nano.a(lib_a-nano-reallocr.o)
 .ARM.attributes
                0x000008c0       0x2d c:/program files (x86)/cypress/psoc creator/3.3/psoc creator/import/gnu/arm/4.9.3/bin/../lib/gcc/arm-none-eabi/4.9.3/../../../../arm-none-eabi/lib/armv7-m\libg_nano.a(lib_a-sbrkr.o)
 .ARM.attributes
                0x000008ed       0x2d c:/program files (x86)/cypress/psoc creator/3.3/psoc creator/import/gnu/arm/4.9.3/bin/../lib/gcc/arm-none-eabi/4.9.3/../../../../arm-none-eabi/lib/armv7-m\libg_nano.a(lib_a-nano-msizer.o)
 .ARM.attributes
                0x0000091a       0x2d c:/program files (x86)/cypress/psoc creator/3.3/psoc creator/import/gnu/arm/4.9.3/bin/../lib/gcc/arm-none-eabi/4.9.3/../../../../arm-none-eabi/lib/armv7-m\libg_nano.a(lib_a-reent.o)
 .ARM.attributes
                0x00000947       0x2d c:/program files (x86)/cypress/psoc creator/3.3/psoc creator/import/gnu/arm/4.9.3/bin/../lib/gcc/arm-none-eabi/4.9.3/armv7-m/crtend.o
 .ARM.attributes
                0x00000974       0x1d c:/program files (x86)/cypress/psoc creator/3.3/psoc creator/import/gnu/arm/4.9.3/bin/../lib/gcc/arm-none-eabi/4.9.3/armv7-m/crtn.o

/DISCARD/
 *(.note.GNU-stack)
OUTPUT(.\CortexM3\ARM_GCC_493\Debug\gnome_cajas.elf elf32-littlearm)
