Archive member included because of file (symbol)

.\CortexM3\ARM_GCC_493\Debug\gnome_template.a(cyfitter_cfg.o)
                              .\CortexM3\ARM_GCC_493\Debug\Cm3Start.o (cyfitter_cfg)
.\CortexM3\ARM_GCC_493\Debug\gnome_template.a(CyBootAsmGnu.o)
                              .\CortexM3\ARM_GCC_493\Debug\gnome_template.a(cyfitter_cfg.o) (CyDelayCycles)
.\CortexM3\ARM_GCC_493\Debug\gnome_template.a(CyFlash.o)
                              .\CortexM3\ARM_GCC_493\Debug\gnome_template.a(cyfitter_cfg.o) (CyEEPROM_Start)
.\CortexM3\ARM_GCC_493\Debug\gnome_template.a(CyLib.o)
                              .\CortexM3\ARM_GCC_493\Debug\Cm3Start.o (CyHalt)
.\CortexM3\ARM_GCC_493\Debug\gnome_template.a(cyPm.o)
                              .\CortexM3\ARM_GCC_493\Debug\gnome_template.a(CyLib.o) (CyPmReadStatus)
.\CortexM3\ARM_GCC_493\Debug\gnome_template.a(CySpc.o)
                              .\CortexM3\ARM_GCC_493\Debug\gnome_template.a(CyFlash.o) (CySpcStart)
.\CortexM3\ARM_GCC_493\Debug\gnome_template.a(EEPROM.o)
                              .\CortexM3\ARM_GCC_493\Debug\gnome.o (EEPROM_Start)
c:/program files (x86)/cypress/psoc creator/3.3/psoc creator/import/gnu/arm/4.9.3/bin/../lib/gcc/arm-none-eabi/4.9.3/../../../../arm-none-eabi/lib/armv7-m\libg_nano.a(lib_a-errno.o)
                              .\CortexM3\ARM_GCC_493\Debug\Cm3Start.o (__errno)
c:/program files (x86)/cypress/psoc creator/3.3/psoc creator/import/gnu/arm/4.9.3/bin/../lib/gcc/arm-none-eabi/4.9.3/../../../../arm-none-eabi/lib/armv7-m\libg_nano.a(lib_a-exit.o)
                              c:/program files (x86)/cypress/psoc creator/3.3/psoc creator/import/gnu/arm/4.9.3/bin/../lib/gcc/arm-none-eabi/4.9.3/../../../../arm-none-eabi/lib/armv7-m/crt0.o (exit)
c:/program files (x86)/cypress/psoc creator/3.3/psoc creator/import/gnu/arm/4.9.3/bin/../lib/gcc/arm-none-eabi/4.9.3/../../../../arm-none-eabi/lib/armv7-m\libg_nano.a(lib_a-impure.o)
                              c:/program files (x86)/cypress/psoc creator/3.3/psoc creator/import/gnu/arm/4.9.3/bin/../lib/gcc/arm-none-eabi/4.9.3/../../../../arm-none-eabi/lib/armv7-m\libg_nano.a(lib_a-exit.o) (_global_impure_ptr)
c:/program files (x86)/cypress/psoc creator/3.3/psoc creator/import/gnu/arm/4.9.3/bin/../lib/gcc/arm-none-eabi/4.9.3/../../../../arm-none-eabi/lib/armv7-m\libg_nano.a(lib_a-init.o)
                              c:/program files (x86)/cypress/psoc creator/3.3/psoc creator/import/gnu/arm/4.9.3/bin/../lib/gcc/arm-none-eabi/4.9.3/../../../../arm-none-eabi/lib/armv7-m/crt0.o (__libc_init_array)
c:/program files (x86)/cypress/psoc creator/3.3/psoc creator/import/gnu/arm/4.9.3/bin/../lib/gcc/arm-none-eabi/4.9.3/../../../../arm-none-eabi/lib/armv7-m\libg_nano.a(lib_a-memcpy.o)
                              .\CortexM3\ARM_GCC_493\Debug\gnome_template.a(cyfitter_cfg.o) (memcpy)
c:/program files (x86)/cypress/psoc creator/3.3/psoc creator/import/gnu/arm/4.9.3/bin/../lib/gcc/arm-none-eabi/4.9.3/../../../../arm-none-eabi/lib/armv7-m\libg_nano.a(lib_a-memset.o)
                              c:/program files (x86)/cypress/psoc creator/3.3/psoc creator/import/gnu/arm/4.9.3/bin/../lib/gcc/arm-none-eabi/4.9.3/../../../../arm-none-eabi/lib/armv7-m/crt0.o (memset)

Allocating common symbols
Common symbol       size              file

lcd                 0x86              .\CortexM3\ARM_GCC_493\Debug\gnome.o
rom                 0x100             .\CortexM3\ARM_GCC_493\Debug\main.o
lcd_update          0x1               .\CortexM3\ARM_GCC_493\Debug\gnome.o
it_context          0xb               .\CortexM3\ARM_GCC_493\Debug\main.o
registers           0x10              .\CortexM3\ARM_GCC_493\Debug\main.o
via_state           0x3               .\CortexM3\ARM_GCC_493\Debug\gnome.o
current_context     0x4               .\CortexM3\ARM_GCC_493\Debug\main.o
gnome_debug_state   0x12              .\CortexM3\ARM_GCC_493\Debug\gnome.o
normal_context      0xb               .\CortexM3\ARM_GCC_493\Debug\main.o
gnome_console       0x10              .\CortexM3\ARM_GCC_493\Debug\gnome.o
dieTemperature      0x2               .\CortexM3\ARM_GCC_493\Debug\gnome_template.a(CyFlash.o)

Discarded input sections

 .text          0x00000000        0x0 c:/program files (x86)/cypress/psoc creator/3.3/psoc creator/import/gnu/arm/4.9.3/bin/../lib/gcc/arm-none-eabi/4.9.3/armv7-m/crti.o
 .data          0x00000000        0x0 c:/program files (x86)/cypress/psoc creator/3.3/psoc creator/import/gnu/arm/4.9.3/bin/../lib/gcc/arm-none-eabi/4.9.3/armv7-m/crti.o
 .bss           0x00000000        0x0 c:/program files (x86)/cypress/psoc creator/3.3/psoc creator/import/gnu/arm/4.9.3/bin/../lib/gcc/arm-none-eabi/4.9.3/armv7-m/crti.o
 .data          0x00000000        0x4 c:/program files (x86)/cypress/psoc creator/3.3/psoc creator/import/gnu/arm/4.9.3/bin/../lib/gcc/arm-none-eabi/4.9.3/armv7-m/crtbegin.o
 .text          0x00000000       0x74 c:/program files (x86)/cypress/psoc creator/3.3/psoc creator/import/gnu/arm/4.9.3/bin/../lib/gcc/arm-none-eabi/4.9.3/../../../../arm-none-eabi/lib/armv7-m/crt0.o
 .data          0x00000000        0x0 c:/program files (x86)/cypress/psoc creator/3.3/psoc creator/import/gnu/arm/4.9.3/bin/../lib/gcc/arm-none-eabi/4.9.3/../../../../arm-none-eabi/lib/armv7-m/crt0.o
 .bss           0x00000000        0x0 c:/program files (x86)/cypress/psoc creator/3.3/psoc creator/import/gnu/arm/4.9.3/bin/../lib/gcc/arm-none-eabi/4.9.3/../../../../arm-none-eabi/lib/armv7-m/crt0.o
 .ARM.extab     0x00000000        0x0 c:/program files (x86)/cypress/psoc creator/3.3/psoc creator/import/gnu/arm/4.9.3/bin/../lib/gcc/arm-none-eabi/4.9.3/../../../../arm-none-eabi/lib/armv7-m/crt0.o
 .ARM.exidx     0x00000000        0x8 c:/program files (x86)/cypress/psoc creator/3.3/psoc creator/import/gnu/arm/4.9.3/bin/../lib/gcc/arm-none-eabi/4.9.3/../../../../arm-none-eabi/lib/armv7-m/crt0.o
 .text          0x00000000        0x0 .\CortexM3\ARM_GCC_493\Debug\main.o
 .data          0x00000000        0x0 .\CortexM3\ARM_GCC_493\Debug\main.o
 .bss           0x00000000        0x0 .\CortexM3\ARM_GCC_493\Debug\main.o
 .text          0x00000000        0x0 .\CortexM3\ARM_GCC_493\Debug\gnome.o
 .data          0x00000000        0x0 .\CortexM3\ARM_GCC_493\Debug\gnome.o
 .bss           0x00000000        0x0 .\CortexM3\ARM_GCC_493\Debug\gnome.o
 .text.gnome_switch_clk
                0x00000000        0x4 .\CortexM3\ARM_GCC_493\Debug\gnome.o
 .text.gnome_assert_reset
                0x00000000        0x4 .\CortexM3\ARM_GCC_493\Debug\gnome.o
 .text          0x00000000        0x0 .\CortexM3\ARM_GCC_493\Debug\gnome_execute.o
 .data          0x00000000        0x0 .\CortexM3\ARM_GCC_493\Debug\gnome_execute.o
 .bss           0x00000000        0x0 .\CortexM3\ARM_GCC_493\Debug\gnome_execute.o
 .text          0x00000000        0x0 .\CortexM3\ARM_GCC_493\Debug\gnome_inst_decoder.o
 .data          0x00000000        0x0 .\CortexM3\ARM_GCC_493\Debug\gnome_inst_decoder.o
 .bss           0x00000000        0x0 .\CortexM3\ARM_GCC_493\Debug\gnome_inst_decoder.o
 .text          0x00000000        0x0 .\CortexM3\ARM_GCC_493\Debug\gnome_memory.o
 .data          0x00000000        0x0 .\CortexM3\ARM_GCC_493\Debug\gnome_memory.o
 .bss           0x00000000        0x0 .\CortexM3\ARM_GCC_493\Debug\gnome_memory.o
 .text.gnome_debug_load_reg
                0x00000000       0x6c .\CortexM3\ARM_GCC_493\Debug\gnome_memory.o
 .text          0x00000000        0x0 .\CortexM3\ARM_GCC_493\Debug\i2cLCD.o
 .data          0x00000000        0x0 .\CortexM3\ARM_GCC_493\Debug\i2cLCD.o
 .bss           0x00000000        0x0 .\CortexM3\ARM_GCC_493\Debug\i2cLCD.o
 .text          0x00000000        0x0 .\CortexM3\ARM_GCC_493\Debug\gnome_lcd.o
 .data          0x00000000        0x0 .\CortexM3\ARM_GCC_493\Debug\gnome_lcd.o
 .bss           0x00000000        0x0 .\CortexM3\ARM_GCC_493\Debug\gnome_lcd.o
 .text.update_lcd_it
                0x00000000       0x1c .\CortexM3\ARM_GCC_493\Debug\gnome_lcd.o
 .text          0x00000000        0x0 .\CortexM3\ARM_GCC_493\Debug\gnome_debug.o
 .data          0x00000000        0x0 .\CortexM3\ARM_GCC_493\Debug\gnome_debug.o
 .bss           0x00000000        0x0 .\CortexM3\ARM_GCC_493\Debug\gnome_debug.o
 .text.gnome_debug_print_state
                0x00000000        0x4 .\CortexM3\ARM_GCC_493\Debug\gnome_debug.o
 .text.gnome_tx_uart_it
                0x00000000        0x4 .\CortexM3\ARM_GCC_493\Debug\gnome_debug.o
 .text          0x00000000        0x0 .\CortexM3\ARM_GCC_493\Debug\gnome_it.o
 .data          0x00000000        0x0 .\CortexM3\ARM_GCC_493\Debug\gnome_it.o
 .bss           0x00000000        0x0 .\CortexM3\ARM_GCC_493\Debug\gnome_it.o
 .text.gnome_process_it
                0x00000000       0x1c .\CortexM3\ARM_GCC_493\Debug\gnome_it.o
 .text          0x00000000        0x0 .\CortexM3\ARM_GCC_493\Debug\cymetadata.o
 .data          0x00000000        0x0 .\CortexM3\ARM_GCC_493\Debug\cymetadata.o
 .bss           0x00000000        0x0 .\CortexM3\ARM_GCC_493\Debug\cymetadata.o
 .text          0x00000000        0x0 .\CortexM3\ARM_GCC_493\Debug\Cm3Start.o
 .data          0x00000000        0x4 .\CortexM3\ARM_GCC_493\Debug\Cm3Start.o
 .bss           0x00000000        0x0 .\CortexM3\ARM_GCC_493\Debug\Cm3Start.o
 .text._exit    0x00000000        0xc .\CortexM3\ARM_GCC_493\Debug\Cm3Start.o
 .text._sbrk    0x00000000       0x30 .\CortexM3\ARM_GCC_493\Debug\Cm3Start.o
 .text          0x00000000        0x0 .\CortexM3\ARM_GCC_493\Debug\gnome_template.a(cyfitter_cfg.o)
 .data          0x00000000        0x0 .\CortexM3\ARM_GCC_493\Debug\gnome_template.a(cyfitter_cfg.o)
 .bss           0x00000000        0x0 .\CortexM3\ARM_GCC_493\Debug\gnome_template.a(cyfitter_cfg.o)
 .text.SetAnalogRoutingPumps
                0x00000000       0x10 .\CortexM3\ARM_GCC_493\Debug\gnome_template.a(cyfitter_cfg.o)
 .data          0x00000000        0x0 .\CortexM3\ARM_GCC_493\Debug\gnome_template.a(CyBootAsmGnu.o)
 .bss           0x00000000        0x0 .\CortexM3\ARM_GCC_493\Debug\gnome_template.a(CyBootAsmGnu.o)
 .text          0x00000000        0x0 .\CortexM3\ARM_GCC_493\Debug\gnome_template.a(CyFlash.o)
 .data          0x00000000        0x0 .\CortexM3\ARM_GCC_493\Debug\gnome_template.a(CyFlash.o)
 .bss           0x00000000        0x4 .\CortexM3\ARM_GCC_493\Debug\gnome_template.a(CyFlash.o)
 .text.CyFlash_Start
                0x00000000       0x54 .\CortexM3\ARM_GCC_493\Debug\gnome_template.a(CyFlash.o)
 .text.CyFlash_Stop
                0x00000000       0x24 .\CortexM3\ARM_GCC_493\Debug\gnome_template.a(CyFlash.o)
 .text.CySetFlashEEBuffer
                0x00000000       0x28 .\CortexM3\ARM_GCC_493\Debug\gnome_template.a(CyFlash.o)
 .text.CyWriteRowFull
                0x00000000       0xf8 .\CortexM3\ARM_GCC_493\Debug\gnome_template.a(CyFlash.o)
 .text.CyWriteRowData
                0x00000000       0x14 .\CortexM3\ARM_GCC_493\Debug\gnome_template.a(CyFlash.o)
 .text.CyFlash_SetWaitCycles
                0x00000000       0x7c .\CortexM3\ARM_GCC_493\Debug\gnome_template.a(CyFlash.o)
 .text.CyEEPROM_Stop
                0x00000000       0x24 .\CortexM3\ARM_GCC_493\Debug\gnome_template.a(CyFlash.o)
 .text          0x00000000        0x0 .\CortexM3\ARM_GCC_493\Debug\gnome_template.a(CyLib.o)
 .bss           0x00000000       0x1c .\CortexM3\ARM_GCC_493\Debug\gnome_template.a(CyLib.o)
 .text.CyUSB_PowerOnCheck
                0x00000000       0x48 .\CortexM3\ARM_GCC_493\Debug\gnome_template.a(CyLib.o)
 .text.CyBusClk_Internal_SetDivider
                0x00000000       0x48 .\CortexM3\ARM_GCC_493\Debug\gnome_template.a(CyLib.o)
 .text.CyPLL_OUT_Stop
                0x00000000       0x10 .\CortexM3\ARM_GCC_493\Debug\gnome_template.a(CyLib.o)
 .text.CyIMO_Stop
                0x00000000       0x1c .\CortexM3\ARM_GCC_493\Debug\gnome_template.a(CyLib.o)
 .text.CyIMO_EnableDoubler
                0x00000000       0x10 .\CortexM3\ARM_GCC_493\Debug\gnome_template.a(CyLib.o)
 .text.CyIMO_DisableDoubler
                0x00000000       0x10 .\CortexM3\ARM_GCC_493\Debug\gnome_template.a(CyLib.o)
 .text.CyMasterClk_SetSource
                0x00000000       0x18 .\CortexM3\ARM_GCC_493\Debug\gnome_template.a(CyLib.o)
 .text.CyMasterClk_SetDivider
                0x00000000        0xc .\CortexM3\ARM_GCC_493\Debug\gnome_template.a(CyLib.o)
 .text.CyBusClk_SetDivider
                0x00000000       0x70 .\CortexM3\ARM_GCC_493\Debug\gnome_template.a(CyLib.o)
 .text.CyUsbClk_SetSource
                0x00000000       0x18 .\CortexM3\ARM_GCC_493\Debug\gnome_template.a(CyLib.o)
 .text.CyILO_Start1K
                0x00000000       0x10 .\CortexM3\ARM_GCC_493\Debug\gnome_template.a(CyLib.o)
 .text.CyILO_Stop1K
                0x00000000       0x10 .\CortexM3\ARM_GCC_493\Debug\gnome_template.a(CyLib.o)
 .text.CyILO_Start100K
                0x00000000       0x10 .\CortexM3\ARM_GCC_493\Debug\gnome_template.a(CyLib.o)
 .text.CyILO_Stop100K
                0x00000000       0x10 .\CortexM3\ARM_GCC_493\Debug\gnome_template.a(CyLib.o)
 .text.CyPLL_OUT_Start
                0x00000000       0x78 .\CortexM3\ARM_GCC_493\Debug\gnome_template.a(CyLib.o)
 .text.CyIMO_Start
                0x00000000       0x60 .\CortexM3\ARM_GCC_493\Debug\gnome_template.a(CyLib.o)
 .text.CyILO_Enable33K
                0x00000000       0x10 .\CortexM3\ARM_GCC_493\Debug\gnome_template.a(CyLib.o)
 .text.CyILO_Disable33K
                0x00000000       0x10 .\CortexM3\ARM_GCC_493\Debug\gnome_template.a(CyLib.o)
 .text.CyILO_SetSource
                0x00000000       0x18 .\CortexM3\ARM_GCC_493\Debug\gnome_template.a(CyLib.o)
 .text.CyILO_SetPowerMode
                0x00000000       0x24 .\CortexM3\ARM_GCC_493\Debug\gnome_template.a(CyLib.o)
 .text.CyXTAL_32KHZ_Stop
                0x00000000       0x30 .\CortexM3\ARM_GCC_493\Debug\gnome_template.a(CyLib.o)
 .text.CyXTAL_32KHZ_ReadStatus
                0x00000000       0x10 .\CortexM3\ARM_GCC_493\Debug\gnome_template.a(CyLib.o)
 .text.CyXTAL_Start
                0x00000000       0xac .\CortexM3\ARM_GCC_493\Debug\gnome_template.a(CyLib.o)
 .text.CyXTAL_Stop
                0x00000000       0x10 .\CortexM3\ARM_GCC_493\Debug\gnome_template.a(CyLib.o)
 .text.CyXTAL_EnableErrStatus
                0x00000000       0x10 .\CortexM3\ARM_GCC_493\Debug\gnome_template.a(CyLib.o)
 .text.CyXTAL_DisableErrStatus
                0x00000000       0x10 .\CortexM3\ARM_GCC_493\Debug\gnome_template.a(CyLib.o)
 .text.CyXTAL_ReadStatus
                0x00000000       0x18 .\CortexM3\ARM_GCC_493\Debug\gnome_template.a(CyLib.o)
 .text.CyXTAL_EnableFaultRecovery
                0x00000000       0x10 .\CortexM3\ARM_GCC_493\Debug\gnome_template.a(CyLib.o)
 .text.CyXTAL_DisableFaultRecovery
                0x00000000       0x10 .\CortexM3\ARM_GCC_493\Debug\gnome_template.a(CyLib.o)
 .text.CyXTAL_SetStartup
                0x00000000       0x18 .\CortexM3\ARM_GCC_493\Debug\gnome_template.a(CyLib.o)
 .text.CyXTAL_SetFbVoltage
                0x00000000       0x18 .\CortexM3\ARM_GCC_493\Debug\gnome_template.a(CyLib.o)
 .text.CyXTAL_SetWdVoltage
                0x00000000       0x18 .\CortexM3\ARM_GCC_493\Debug\gnome_template.a(CyLib.o)
 .text.CyHalt   0x00000000        0x4 .\CortexM3\ARM_GCC_493\Debug\gnome_template.a(CyLib.o)
 .text.CyPLL_OUT_SetPQ
                0x00000000       0x60 .\CortexM3\ARM_GCC_493\Debug\gnome_template.a(CyLib.o)
 .text.CyPLL_OUT_SetSource
                0x00000000       0x34 .\CortexM3\ARM_GCC_493\Debug\gnome_template.a(CyLib.o)
 .text.CyIMO_SetTrimValue
                0x00000000       0xcc .\CortexM3\ARM_GCC_493\Debug\gnome_template.a(CyLib.o)
 .text.CyIMO_SetFreq
                0x00000000       0xf4 .\CortexM3\ARM_GCC_493\Debug\gnome_template.a(CyLib.o)
 .text.CyIMO_SetSource
                0x00000000       0x58 .\CortexM3\ARM_GCC_493\Debug\gnome_template.a(CyLib.o)
 .text.CySoftwareReset
                0x00000000       0x10 .\CortexM3\ARM_GCC_493\Debug\gnome_template.a(CyLib.o)
 .text.CyDelay  0x00000000       0x2c .\CortexM3\ARM_GCC_493\Debug\gnome_template.a(CyLib.o)
 .text.CyXTAL_32KHZ_SetPowerMode
                0x00000000       0x84 .\CortexM3\ARM_GCC_493\Debug\gnome_template.a(CyLib.o)
 .text.CyXTAL_32KHZ_Start
                0x00000000       0x70 .\CortexM3\ARM_GCC_493\Debug\gnome_template.a(CyLib.o)
 .text.CyDelayFreq
                0x00000000       0x4c .\CortexM3\ARM_GCC_493\Debug\gnome_template.a(CyLib.o)
 .text.CyWdtStart
                0x00000000       0x40 .\CortexM3\ARM_GCC_493\Debug\gnome_template.a(CyLib.o)
 .text.CyWdtClear
                0x00000000        0xc .\CortexM3\ARM_GCC_493\Debug\gnome_template.a(CyLib.o)
 .text.CyVdStickyStatus
                0x00000000       0x2c .\CortexM3\ARM_GCC_493\Debug\gnome_template.a(CyLib.o)
 .text.CyVdLvDigitEnable
                0x00000000       0x84 .\CortexM3\ARM_GCC_493\Debug\gnome_template.a(CyLib.o)
 .text.CyVdLvAnalogEnable
                0x00000000       0x80 .\CortexM3\ARM_GCC_493\Debug\gnome_template.a(CyLib.o)
 .text.CyVdLvDigitDisable
                0x00000000       0x30 .\CortexM3\ARM_GCC_493\Debug\gnome_template.a(CyLib.o)
 .text.CyVdLvAnalogDisable
                0x00000000       0x28 .\CortexM3\ARM_GCC_493\Debug\gnome_template.a(CyLib.o)
 .text.CyVdHvAnalogEnable
                0x00000000       0x54 .\CortexM3\ARM_GCC_493\Debug\gnome_template.a(CyLib.o)
 .text.CyVdHvAnalogDisable
                0x00000000       0x20 .\CortexM3\ARM_GCC_493\Debug\gnome_template.a(CyLib.o)
 .text.CyVdRealTimeStatus
                0x00000000       0x1c .\CortexM3\ARM_GCC_493\Debug\gnome_template.a(CyLib.o)
 .text.CyDisableInts
                0x00000000       0x1c .\CortexM3\ARM_GCC_493\Debug\gnome_template.a(CyLib.o)
 .text.CyEnableInts
                0x00000000       0x18 .\CortexM3\ARM_GCC_493\Debug\gnome_template.a(CyLib.o)
 .text.CyFlushCache
                0x00000000       0x44 .\CortexM3\ARM_GCC_493\Debug\gnome_template.a(CyLib.o)
 .text.CyIntSetSysVector
                0x00000000       0x28 .\CortexM3\ARM_GCC_493\Debug\gnome_template.a(CyLib.o)
 .text.CyIntGetSysVector
                0x00000000       0x20 .\CortexM3\ARM_GCC_493\Debug\gnome_template.a(CyLib.o)
 .text.CyIntSetVector
                0x00000000       0x28 .\CortexM3\ARM_GCC_493\Debug\gnome_template.a(CyLib.o)
 .text.CyIntGetVector
                0x00000000       0x24 .\CortexM3\ARM_GCC_493\Debug\gnome_template.a(CyLib.o)
 .text.CyIntSetPriority
                0x00000000       0x30 .\CortexM3\ARM_GCC_493\Debug\gnome_template.a(CyLib.o)
 .text.CyIntGetPriority
                0x00000000       0x20 .\CortexM3\ARM_GCC_493\Debug\gnome_template.a(CyLib.o)
 .text.CyIntGetState
                0x00000000       0x24 .\CortexM3\ARM_GCC_493\Debug\gnome_template.a(CyLib.o)
 .text.CySysTickStop
                0x00000000       0x10 .\CortexM3\ARM_GCC_493\Debug\gnome_template.a(CyLib.o)
 .text.CySysTickEnableInterrupt
                0x00000000       0x10 .\CortexM3\ARM_GCC_493\Debug\gnome_template.a(CyLib.o)
 .text.CySysTickEnable
                0x00000000       0x18 .\CortexM3\ARM_GCC_493\Debug\gnome_template.a(CyLib.o)
 .text.CySysTickDisableInterrupt
                0x00000000       0x10 .\CortexM3\ARM_GCC_493\Debug\gnome_template.a(CyLib.o)
 .text.CySysTickSetReload
                0x00000000       0x10 .\CortexM3\ARM_GCC_493\Debug\gnome_template.a(CyLib.o)
 .text.CySysTickGetReload
                0x00000000       0x10 .\CortexM3\ARM_GCC_493\Debug\gnome_template.a(CyLib.o)
 .text.CySysTickGetValue
                0x00000000       0x10 .\CortexM3\ARM_GCC_493\Debug\gnome_template.a(CyLib.o)
 .text.CySysTickSetClockSource
                0x00000000       0x20 .\CortexM3\ARM_GCC_493\Debug\gnome_template.a(CyLib.o)
 .text.CySysTickGetCountFlag
                0x00000000       0x10 .\CortexM3\ARM_GCC_493\Debug\gnome_template.a(CyLib.o)
 .text.CySysTickServiceCallbacks
                0x00000000       0x28 .\CortexM3\ARM_GCC_493\Debug\gnome_template.a(CyLib.o)
 .text.CySysTickClear
                0x00000000        0xc .\CortexM3\ARM_GCC_493\Debug\gnome_template.a(CyLib.o)
 .text.CySysTickInit
                0x00000000       0x58 .\CortexM3\ARM_GCC_493\Debug\gnome_template.a(CyLib.o)
 .text.CySysTickStart
                0x00000000       0x1c .\CortexM3\ARM_GCC_493\Debug\gnome_template.a(CyLib.o)
 .text.CySysTickSetCallback
                0x00000000       0x10 .\CortexM3\ARM_GCC_493\Debug\gnome_template.a(CyLib.o)
 .text.CySysTickGetCallback
                0x00000000       0x10 .\CortexM3\ARM_GCC_493\Debug\gnome_template.a(CyLib.o)
 .text.CyGetUniqueId
                0x00000000       0x70 .\CortexM3\ARM_GCC_493\Debug\gnome_template.a(CyLib.o)
 .text          0x00000000        0x0 .\CortexM3\ARM_GCC_493\Debug\gnome_template.a(cyPm.o)
 .data          0x00000000        0x0 .\CortexM3\ARM_GCC_493\Debug\gnome_template.a(cyPm.o)
 .bss           0x00000000       0x44 .\CortexM3\ARM_GCC_493\Debug\gnome_template.a(cyPm.o)
 .text.CyPmHibSlpSaveSet
                0x00000000      0x1dc .\CortexM3\ARM_GCC_493\Debug\gnome_template.a(cyPm.o)
 .text.CyPmHibSlpRestore
                0x00000000       0xd4 .\CortexM3\ARM_GCC_493\Debug\gnome_template.a(cyPm.o)
 .text.CyPmHviLviSaveDisable
                0x00000000       0xa0 .\CortexM3\ARM_GCC_493\Debug\gnome_template.a(cyPm.o)
 .text.CyPmHibSaveSet
                0x00000000       0x8c .\CortexM3\ARM_GCC_493\Debug\gnome_template.a(cyPm.o)
 .text.CyPmHviLviRestore
                0x00000000       0x48 .\CortexM3\ARM_GCC_493\Debug\gnome_template.a(cyPm.o)
 .text.CyPmHibRestore
                0x00000000       0x58 .\CortexM3\ARM_GCC_493\Debug\gnome_template.a(cyPm.o)
 .text.CyPmSaveClocks
                0x00000000      0x218 .\CortexM3\ARM_GCC_493\Debug\gnome_template.a(cyPm.o)
 .text.CyPmRestoreClocks
                0x00000000      0x24c .\CortexM3\ARM_GCC_493\Debug\gnome_template.a(cyPm.o)
 .text.CyPmAltAct
                0x00000000       0x6c .\CortexM3\ARM_GCC_493\Debug\gnome_template.a(cyPm.o)
 .text.CyPmSleep
                0x00000000       0xf4 .\CortexM3\ARM_GCC_493\Debug\gnome_template.a(cyPm.o)
 .text.CyPmHibernateEx
                0x00000000       0xf4 .\CortexM3\ARM_GCC_493\Debug\gnome_template.a(cyPm.o)
 .text.CyPmHibernate
                0x00000000        0xc .\CortexM3\ARM_GCC_493\Debug\gnome_template.a(cyPm.o)
 .text.CyPmReadStatus
                0x00000000       0x30 .\CortexM3\ARM_GCC_493\Debug\gnome_template.a(cyPm.o)
 .text.CyPmCtwSetInterval
                0x00000000       0x5c .\CortexM3\ARM_GCC_493\Debug\gnome_template.a(cyPm.o)
 .text.CyPmOppsSet
                0x00000000       0x2c .\CortexM3\ARM_GCC_493\Debug\gnome_template.a(cyPm.o)
 .text.CyPmFtwSetInterval
                0x00000000       0x5c .\CortexM3\ARM_GCC_493\Debug\gnome_template.a(cyPm.o)
 .rodata        0x00000000       0x10 .\CortexM3\ARM_GCC_493\Debug\gnome_template.a(cyPm.o)
 .text          0x00000000        0x0 .\CortexM3\ARM_GCC_493\Debug\gnome_template.a(CySpc.o)
 .data          0x00000000        0x0 .\CortexM3\ARM_GCC_493\Debug\gnome_template.a(CySpc.o)
 .text.CySpcStop
                0x00000000       0x24 .\CortexM3\ARM_GCC_493\Debug\gnome_template.a(CySpc.o)
 .text.CySpcLoadMultiByte
                0x00000000       0x78 .\CortexM3\ARM_GCC_493\Debug\gnome_template.a(CySpc.o)
 .text.CySpcLoadRow
                0x00000000       0x54 .\CortexM3\ARM_GCC_493\Debug\gnome_template.a(CySpc.o)
 .text.CySpcLoadRowFull
                0x00000000       0x80 .\CortexM3\ARM_GCC_493\Debug\gnome_template.a(CySpc.o)
 .text.CySpcWriteRow
                0x00000000       0x4c .\CortexM3\ARM_GCC_493\Debug\gnome_template.a(CySpc.o)
 .text.CySpcEraseSector
                0x00000000       0x3c .\CortexM3\ARM_GCC_493\Debug\gnome_template.a(CySpc.o)
 .text          0x00000000        0x0 .\CortexM3\ARM_GCC_493\Debug\gnome_template.a(EEPROM.o)
 .data          0x00000000        0x0 .\CortexM3\ARM_GCC_493\Debug\gnome_template.a(EEPROM.o)
 .bss           0x00000000        0x0 .\CortexM3\ARM_GCC_493\Debug\gnome_template.a(EEPROM.o)
 .text.EEPROM_Stop
                0x00000000        0x8 .\CortexM3\ARM_GCC_493\Debug\gnome_template.a(EEPROM.o)
 .text.EEPROM_WriteByte
                0x00000000       0xd4 .\CortexM3\ARM_GCC_493\Debug\gnome_template.a(EEPROM.o)
 .text.EEPROM_UpdateTemperature
                0x00000000        0xc .\CortexM3\ARM_GCC_493\Debug\gnome_template.a(EEPROM.o)
 .text.EEPROM_EraseSector
                0x00000000       0x64 .\CortexM3\ARM_GCC_493\Debug\gnome_template.a(EEPROM.o)
 .text.EEPROM_Write
                0x00000000       0xb4 .\CortexM3\ARM_GCC_493\Debug\gnome_template.a(EEPROM.o)
 .text.EEPROM_StartWrite
                0x00000000       0x88 .\CortexM3\ARM_GCC_493\Debug\gnome_template.a(EEPROM.o)
 .text.EEPROM_StartErase
                0x00000000       0x30 .\CortexM3\ARM_GCC_493\Debug\gnome_template.a(EEPROM.o)
 .text.EEPROM_Query
                0x00000000       0x40 .\CortexM3\ARM_GCC_493\Debug\gnome_template.a(EEPROM.o)
 .text.EEPROM_ByteWritePos
                0x00000000       0xc8 .\CortexM3\ARM_GCC_493\Debug\gnome_template.a(EEPROM.o)
 .text          0x00000000        0x0 c:/program files (x86)/cypress/psoc creator/3.3/psoc creator/import/gnu/arm/4.9.3/bin/../lib/gcc/arm-none-eabi/4.9.3/../../../../arm-none-eabi/lib/armv7-m\libg_nano.a(lib_a-errno.o)
 .data          0x00000000        0x0 c:/program files (x86)/cypress/psoc creator/3.3/psoc creator/import/gnu/arm/4.9.3/bin/../lib/gcc/arm-none-eabi/4.9.3/../../../../arm-none-eabi/lib/armv7-m\libg_nano.a(lib_a-errno.o)
 .bss           0x00000000        0x0 c:/program files (x86)/cypress/psoc creator/3.3/psoc creator/import/gnu/arm/4.9.3/bin/../lib/gcc/arm-none-eabi/4.9.3/../../../../arm-none-eabi/lib/armv7-m\libg_nano.a(lib_a-errno.o)
 .text.__errno  0x00000000        0xc c:/program files (x86)/cypress/psoc creator/3.3/psoc creator/import/gnu/arm/4.9.3/bin/../lib/gcc/arm-none-eabi/4.9.3/../../../../arm-none-eabi/lib/armv7-m\libg_nano.a(lib_a-errno.o)
 .text          0x00000000        0x0 c:/program files (x86)/cypress/psoc creator/3.3/psoc creator/import/gnu/arm/4.9.3/bin/../lib/gcc/arm-none-eabi/4.9.3/../../../../arm-none-eabi/lib/armv7-m\libg_nano.a(lib_a-exit.o)
 .data          0x00000000        0x0 c:/program files (x86)/cypress/psoc creator/3.3/psoc creator/import/gnu/arm/4.9.3/bin/../lib/gcc/arm-none-eabi/4.9.3/../../../../arm-none-eabi/lib/armv7-m\libg_nano.a(lib_a-exit.o)
 .bss           0x00000000        0x0 c:/program files (x86)/cypress/psoc creator/3.3/psoc creator/import/gnu/arm/4.9.3/bin/../lib/gcc/arm-none-eabi/4.9.3/../../../../arm-none-eabi/lib/armv7-m\libg_nano.a(lib_a-exit.o)
 .text.exit     0x00000000       0x28 c:/program files (x86)/cypress/psoc creator/3.3/psoc creator/import/gnu/arm/4.9.3/bin/../lib/gcc/arm-none-eabi/4.9.3/../../../../arm-none-eabi/lib/armv7-m\libg_nano.a(lib_a-exit.o)
 .text          0x00000000        0x0 c:/program files (x86)/cypress/psoc creator/3.3/psoc creator/import/gnu/arm/4.9.3/bin/../lib/gcc/arm-none-eabi/4.9.3/../../../../arm-none-eabi/lib/armv7-m\libg_nano.a(lib_a-impure.o)
 .data          0x00000000        0x0 c:/program files (x86)/cypress/psoc creator/3.3/psoc creator/import/gnu/arm/4.9.3/bin/../lib/gcc/arm-none-eabi/4.9.3/../../../../arm-none-eabi/lib/armv7-m\libg_nano.a(lib_a-impure.o)
 .bss           0x00000000        0x0 c:/program files (x86)/cypress/psoc creator/3.3/psoc creator/import/gnu/arm/4.9.3/bin/../lib/gcc/arm-none-eabi/4.9.3/../../../../arm-none-eabi/lib/armv7-m\libg_nano.a(lib_a-impure.o)
 .data.impure_data
                0x00000000       0x60 c:/program files (x86)/cypress/psoc creator/3.3/psoc creator/import/gnu/arm/4.9.3/bin/../lib/gcc/arm-none-eabi/4.9.3/../../../../arm-none-eabi/lib/armv7-m\libg_nano.a(lib_a-impure.o)
 .data._impure_ptr
                0x00000000        0x4 c:/program files (x86)/cypress/psoc creator/3.3/psoc creator/import/gnu/arm/4.9.3/bin/../lib/gcc/arm-none-eabi/4.9.3/../../../../arm-none-eabi/lib/armv7-m\libg_nano.a(lib_a-impure.o)
 .rodata.str1.1
                0x00000000        0x2 c:/program files (x86)/cypress/psoc creator/3.3/psoc creator/import/gnu/arm/4.9.3/bin/../lib/gcc/arm-none-eabi/4.9.3/../../../../arm-none-eabi/lib/armv7-m\libg_nano.a(lib_a-impure.o)
 .rodata._global_impure_ptr
                0x00000000        0x4 c:/program files (x86)/cypress/psoc creator/3.3/psoc creator/import/gnu/arm/4.9.3/bin/../lib/gcc/arm-none-eabi/4.9.3/../../../../arm-none-eabi/lib/armv7-m\libg_nano.a(lib_a-impure.o)
 .text          0x00000000        0x0 c:/program files (x86)/cypress/psoc creator/3.3/psoc creator/import/gnu/arm/4.9.3/bin/../lib/gcc/arm-none-eabi/4.9.3/../../../../arm-none-eabi/lib/armv7-m\libg_nano.a(lib_a-init.o)
 .data          0x00000000        0x0 c:/program files (x86)/cypress/psoc creator/3.3/psoc creator/import/gnu/arm/4.9.3/bin/../lib/gcc/arm-none-eabi/4.9.3/../../../../arm-none-eabi/lib/armv7-m\libg_nano.a(lib_a-init.o)
 .bss           0x00000000        0x0 c:/program files (x86)/cypress/psoc creator/3.3/psoc creator/import/gnu/arm/4.9.3/bin/../lib/gcc/arm-none-eabi/4.9.3/../../../../arm-none-eabi/lib/armv7-m\libg_nano.a(lib_a-init.o)
 .text          0x00000000        0x0 c:/program files (x86)/cypress/psoc creator/3.3/psoc creator/import/gnu/arm/4.9.3/bin/../lib/gcc/arm-none-eabi/4.9.3/../../../../arm-none-eabi/lib/armv7-m\libg_nano.a(lib_a-memcpy.o)
 .data          0x00000000        0x0 c:/program files (x86)/cypress/psoc creator/3.3/psoc creator/import/gnu/arm/4.9.3/bin/../lib/gcc/arm-none-eabi/4.9.3/../../../../arm-none-eabi/lib/armv7-m\libg_nano.a(lib_a-memcpy.o)
 .bss           0x00000000        0x0 c:/program files (x86)/cypress/psoc creator/3.3/psoc creator/import/gnu/arm/4.9.3/bin/../lib/gcc/arm-none-eabi/4.9.3/../../../../arm-none-eabi/lib/armv7-m\libg_nano.a(lib_a-memcpy.o)
 .text          0x00000000        0x0 c:/program files (x86)/cypress/psoc creator/3.3/psoc creator/import/gnu/arm/4.9.3/bin/../lib/gcc/arm-none-eabi/4.9.3/../../../../arm-none-eabi/lib/armv7-m\libg_nano.a(lib_a-memset.o)
 .data          0x00000000        0x0 c:/program files (x86)/cypress/psoc creator/3.3/psoc creator/import/gnu/arm/4.9.3/bin/../lib/gcc/arm-none-eabi/4.9.3/../../../../arm-none-eabi/lib/armv7-m\libg_nano.a(lib_a-memset.o)
 .bss           0x00000000        0x0 c:/program files (x86)/cypress/psoc creator/3.3/psoc creator/import/gnu/arm/4.9.3/bin/../lib/gcc/arm-none-eabi/4.9.3/../../../../arm-none-eabi/lib/armv7-m\libg_nano.a(lib_a-memset.o)
 .text          0x00000000        0x0 c:/program files (x86)/cypress/psoc creator/3.3/psoc creator/import/gnu/arm/4.9.3/bin/../lib/gcc/arm-none-eabi/4.9.3/armv7-m/crtend.o
 .data          0x00000000        0x0 c:/program files (x86)/cypress/psoc creator/3.3/psoc creator/import/gnu/arm/4.9.3/bin/../lib/gcc/arm-none-eabi/4.9.3/armv7-m/crtend.o
 .bss           0x00000000        0x0 c:/program files (x86)/cypress/psoc creator/3.3/psoc creator/import/gnu/arm/4.9.3/bin/../lib/gcc/arm-none-eabi/4.9.3/armv7-m/crtend.o
 .text          0x00000000        0x0 c:/program files (x86)/cypress/psoc creator/3.3/psoc creator/import/gnu/arm/4.9.3/bin/../lib/gcc/arm-none-eabi/4.9.3/armv7-m/crtn.o
 .data          0x00000000        0x0 c:/program files (x86)/cypress/psoc creator/3.3/psoc creator/import/gnu/arm/4.9.3/bin/../lib/gcc/arm-none-eabi/4.9.3/armv7-m/crtn.o
 .bss           0x00000000        0x0 c:/program files (x86)/cypress/psoc creator/3.3/psoc creator/import/gnu/arm/4.9.3/bin/../lib/gcc/arm-none-eabi/4.9.3/armv7-m/crtn.o

Memory Configuration

Name             Origin             Length             Attributes
rom              0x00000000         0x00040000         xr
ram              0x1fff8000         0x00010000         xrw
*default*        0x00000000         0xffffffff

Linker script and memory map

LOAD c:/program files (x86)/cypress/psoc creator/3.3/psoc creator/import/gnu/arm/4.9.3/bin/../lib/gcc/arm-none-eabi/4.9.3/armv7-m/crti.o
LOAD c:/program files (x86)/cypress/psoc creator/3.3/psoc creator/import/gnu/arm/4.9.3/bin/../lib/gcc/arm-none-eabi/4.9.3/armv7-m/crtbegin.o
LOAD c:/program files (x86)/cypress/psoc creator/3.3/psoc creator/import/gnu/arm/4.9.3/bin/../lib/gcc/arm-none-eabi/4.9.3/../../../../arm-none-eabi/lib/armv7-m/crt0.o
START GROUP
LOAD .\CortexM3\ARM_GCC_493\Debug\main.o
LOAD .\CortexM3\ARM_GCC_493\Debug\gnome.o
LOAD .\CortexM3\ARM_GCC_493\Debug\gnome_execute.o
LOAD .\CortexM3\ARM_GCC_493\Debug\gnome_inst_decoder.o
LOAD .\CortexM3\ARM_GCC_493\Debug\gnome_memory.o
LOAD .\CortexM3\ARM_GCC_493\Debug\i2cLCD.o
LOAD .\CortexM3\ARM_GCC_493\Debug\gnome_lcd.o
LOAD .\CortexM3\ARM_GCC_493\Debug\gnome_debug.o
LOAD .\CortexM3\ARM_GCC_493\Debug\gnome_it.o
LOAD .\CortexM3\ARM_GCC_493\Debug\cymetadata.o
LOAD .\CortexM3\ARM_GCC_493\Debug\Cm3Start.o
LOAD .\CortexM3\ARM_GCC_493\Debug\gnome_template.a
LOAD C:\Program Files (x86)\Cypress\PSoC Creator\3.3\PSoC Creator\psoc\content\cycomponentlibrary\CyComponentLibrary.cylib\CortexM3\ARM_GCC_493\Debug\CyComponentLibrary.a
END GROUP
START GROUP
LOAD c:/program files (x86)/cypress/psoc creator/3.3/psoc creator/import/gnu/arm/4.9.3/bin/../lib/gcc/arm-none-eabi/4.9.3/armv7-m\libgcc.a
LOAD c:/program files (x86)/cypress/psoc creator/3.3/psoc creator/import/gnu/arm/4.9.3/bin/../lib/gcc/arm-none-eabi/4.9.3/../../../../arm-none-eabi/lib/armv7-m\libg_nano.a
LOAD c:/program files (x86)/cypress/psoc creator/3.3/psoc creator/import/gnu/arm/4.9.3/bin/../lib/gcc/arm-none-eabi/4.9.3/../../../../arm-none-eabi/lib/armv7-m\libc_nano.a
END GROUP
START GROUP
LOAD c:/program files (x86)/cypress/psoc creator/3.3/psoc creator/import/gnu/arm/4.9.3/bin/../lib/gcc/arm-none-eabi/4.9.3/armv7-m\libgcc.a
LOAD c:/program files (x86)/cypress/psoc creator/3.3/psoc creator/import/gnu/arm/4.9.3/bin/../lib/gcc/arm-none-eabi/4.9.3/../../../../arm-none-eabi/lib/armv7-m\libc_nano.a
END GROUP
LOAD c:/program files (x86)/cypress/psoc creator/3.3/psoc creator/import/gnu/arm/4.9.3/bin/../lib/gcc/arm-none-eabi/4.9.3/armv7-m/crtend.o
LOAD c:/program files (x86)/cypress/psoc creator/3.3/psoc creator/import/gnu/arm/4.9.3/bin/../lib/gcc/arm-none-eabi/4.9.3/armv7-m/crtn.o
START GROUP
LOAD c:/program files (x86)/cypress/psoc creator/3.3/psoc creator/import/gnu/arm/4.9.3/bin/../lib/gcc/arm-none-eabi/4.9.3/armv7-m\libgcc.a
LOAD c:/program files (x86)/cypress/psoc creator/3.3/psoc creator/import/gnu/arm/4.9.3/bin/../lib/gcc/arm-none-eabi/4.9.3/../../../../arm-none-eabi/lib/armv7-m\libc.a
LOAD c:/program files (x86)/cypress/psoc creator/3.3/psoc creator/import/gnu/arm/4.9.3/bin/../lib/gcc/arm-none-eabi/4.9.3/../../../../arm-none-eabi/lib/armv7-m\libnosys.a
END GROUP
                0x00000000                CY_APPL_ORIGIN = 0x0
                0x00000100                CY_FLASH_ROW_SIZE = 0x100
                0x00000020                CY_ECC_ROW_SIZE = 0x20
                0x00000000                CY_EE_IN_BTLDR = 0x0
                0x00000000                CY_APPL_LOADABLE = 0x0
                0x00000800                CY_EE_SIZE = 0x800
                0x00000001                CY_APPL_NUM = 0x1
                0x00000001                CY_APPL_MAX = 0x1
                0x00000040                CY_METADATA_SIZE = 0x40
                0x00000000                CY_APPL_LOADABLE = 0x0
                0x00000000                CY_CHECKSUM_EXCLUDE_SIZE = ALIGN (0x0, CY_FLASH_ROW_SIZE)
                0x1fff8328                PROVIDE (__cy_heap_start, _end)
                0x00000001                PROVIDE (__cy_region_num, ((__cy_regions_end - __cy_regions) / 0x10))
                0x20008000                PROVIDE (__cy_stack, (ORIGIN (ram) + 0x10000))
                0x20007800                PROVIDE (__cy_heap_end, (__cy_stack - 0x800))

.cybootloader   0x00000000        0x0
 *(.cybootloader)
                0x00000000                appl1_start = CY_APPL_ORIGIN?CY_APPL_ORIGIN:ALIGN (CY_FLASH_ROW_SIZE)
                0x0001ff00                appl2_start = (appl1_start + ALIGN ((((0x40000 - appl1_start) - (0x2 * CY_FLASH_ROW_SIZE)) / 0x2), CY_FLASH_ROW_SIZE))
                0x00000000                appl_start = (CY_APPL_NUM == 0x1)?appl1_start:appl2_start
                0x00000000                ecc_offset = ((appl_start / CY_FLASH_ROW_SIZE) * CY_ECC_ROW_SIZE)
                0x00000000                ee_offset = (CY_APPL_LOADABLE && ! (CY_EE_IN_BTLDR))?((CY_EE_SIZE / CY_APPL_MAX) * (CY_APPL_NUM - 0x1)):0x0
                0x00000800                ee_size = (CY_APPL_LOADABLE && ! (CY_EE_IN_BTLDR))?(CY_EE_SIZE / CY_APPL_MAX):CY_EE_SIZE
                0x00000000                PROVIDE (CY_ECC_OFFSET, ecc_offset)

.text           0x00000000      0xdfa
 CREATE_OBJECT_SYMBOLS
                0x00000000                PROVIDE (__cy_interrupt_vector, RomVectors)
 *(.romvectors)
 .romvectors    0x00000000       0x10 .\CortexM3\ARM_GCC_493\Debug\Cm3Start.o
                0x00000000                RomVectors
                0x00000001                ASSERT ((. != __cy_interrupt_vector), No interrupt vector)
                0x00000001                ASSERT (CY_APPL_ORIGIN?(SIZEOF (.cybootloader) <= CY_APPL_ORIGIN):0x1, Wrong image location)
                0x00000010                PROVIDE (__cy_reset, Reset)
 *(.text.Reset)
 .text.Reset    0x00000010       0x18 .\CortexM3\ARM_GCC_493\Debug\Cm3Start.o
                0x00000010                Reset
                0x00000001                ASSERT ((. != __cy_reset), No reset code)
 *(.dma_init)
                0x00000001                ASSERT ((((appl_start + .) <= 0x10000) || 0x1), DMA Init must be within the first 64k of flash)
 *(.text .text.* .gnu.linkonce.t.*)
 .text          0x00000028       0x5c c:/program files (x86)/cypress/psoc creator/3.3/psoc creator/import/gnu/arm/4.9.3/bin/../lib/gcc/arm-none-eabi/4.9.3/armv7-m/crtbegin.o
 .text.main     0x00000084        0xc .\CortexM3\ARM_GCC_493\Debug\main.o
                0x00000084                main
 .text.gnome_power_on_reset
                0x00000090       0x84 .\CortexM3\ARM_GCC_493\Debug\gnome.o
                0x00000090                gnome_power_on_reset
 .text.gnome_start
                0x00000114       0x50 .\CortexM3\ARM_GCC_493\Debug\gnome.o
                0x00000114                gnome_start
 .text.clear_c_inst
                0x00000164       0x10 .\CortexM3\ARM_GCC_493\Debug\gnome_execute.o
                0x00000164                clear_c_inst
 .text.set_c_inst
                0x00000174       0x10 .\CortexM3\ARM_GCC_493\Debug\gnome_execute.o
                0x00000174                set_c_inst
 .text.skip_c_inst
                0x00000184       0x14 .\CortexM3\ARM_GCC_493\Debug\gnome_execute.o
                0x00000184                skip_c_inst
 .text.skip_z_inst
                0x00000198       0x14 .\CortexM3\ARM_GCC_493\Debug\gnome_execute.o
                0x00000198                skip_z_inst
 .text.push_inst
                0x000001ac       0x34 .\CortexM3\ARM_GCC_493\Debug\gnome_execute.o
                0x000001ac                push_inst
 .text.rts_inst
                0x000001e0       0x24 .\CortexM3\ARM_GCC_493\Debug\gnome_execute.o
                0x000001e0                rts_inst
 .text.jsr_inst
                0x00000204       0x28 .\CortexM3\ARM_GCC_493\Debug\gnome_execute.o
                0x00000204                jsr_inst
 .text.rti_inst
                0x0000022c       0x10 .\CortexM3\ARM_GCC_493\Debug\gnome_execute.o
                0x0000022c                rti_inst
 .text.branch_inst
                0x0000023c       0x10 .\CortexM3\ARM_GCC_493\Debug\gnome_execute.o
                0x0000023c                branch_inst
 .text.ror_inst
                0x0000024c       0x38 .\CortexM3\ARM_GCC_493\Debug\gnome_execute.o
                0x0000024c                ror_inst
 .text.rol_inst
                0x00000284       0x3c .\CortexM3\ARM_GCC_493\Debug\gnome_execute.o
                0x00000284                rol_inst
 .text.load_d_inst
                0x000002c0       0x1c .\CortexM3\ARM_GCC_493\Debug\gnome_execute.o
                0x000002c0                load_d_inst
 .text.add_d_inst
                0x000002dc       0x50 .\CortexM3\ARM_GCC_493\Debug\gnome_execute.o
                0x000002dc                add_d_inst
 .text.store_rd_inst
                0x0000032c        0x8 .\CortexM3\ARM_GCC_493\Debug\gnome_execute.o
                0x0000032c                store_rd_inst
 .text.load_rd_inst
                0x00000334       0x20 .\CortexM3\ARM_GCC_493\Debug\gnome_execute.o
                0x00000334                load_rd_inst
 .text.add_rd_inst
                0x00000354       0x50 .\CortexM3\ARM_GCC_493\Debug\gnome_execute.o
                0x00000354                add_rd_inst
 .text.xor_rd_inst
                0x000003a4       0x24 .\CortexM3\ARM_GCC_493\Debug\gnome_execute.o
                0x000003a4                xor_rd_inst
 .text.and_rd_inst
                0x000003c8       0x24 .\CortexM3\ARM_GCC_493\Debug\gnome_execute.o
                0x000003c8                and_rd_inst
 .text.jmp_add_inst
                0x000003ec        0xc .\CortexM3\ARM_GCC_493\Debug\gnome_execute.o
                0x000003ec                jmp_add_inst
 .text.exectute
                0x000003f8       0xb0 .\CortexM3\ARM_GCC_493\Debug\gnome_execute.o
                0x000003f8                exectute
 .text.decodeInstruction
                0x000004a8       0x90 .\CortexM3\ARM_GCC_493\Debug\gnome_inst_decoder.o
                0x000004a8                decodeInstruction
 .text.gnome_store_reg
                0x00000538      0x1c4 .\CortexM3\ARM_GCC_493\Debug\gnome_memory.o
                0x00000538                gnome_store_reg
 .text.gnome_load_reg
                0x000006fc       0xdc .\CortexM3\ARM_GCC_493\Debug\gnome_memory.o
                0x000006fc                gnome_load_reg
 .text.setup_lcd
                0x000007d8        0x4 .\CortexM3\ARM_GCC_493\Debug\gnome_lcd.o
                0x000007d8                setup_lcd
 .text.update_lcd
                0x000007dc        0x4 .\CortexM3\ARM_GCC_493\Debug\gnome_lcd.o
                0x000007dc                update_lcd
 .text.gnome_debug_init
                0x000007e0        0x4 .\CortexM3\ARM_GCC_493\Debug\gnome_debug.o
                0x000007e0                gnome_debug_init
 .text.gnome_debug_loop
                0x000007e4        0x4 .\CortexM3\ARM_GCC_493\Debug\gnome_debug.o
                0x000007e4                gnome_debug_loop
 .text.gnome_it_init
                0x000007e8        0x4 .\CortexM3\ARM_GCC_493\Debug\gnome_it.o
                0x000007e8                gnome_it_init
 .text.IntDefaultHandler
                0x000007ec        0x4 .\CortexM3\ARM_GCC_493\Debug\Cm3Start.o
                0x000007ec                IntDefaultHandler
 .text.Start_c  0x000007f0       0x4c .\CortexM3\ARM_GCC_493\Debug\Cm3Start.o
                0x000007f0                Start_c
 .text.initialize_psoc
                0x0000083c       0x74 .\CortexM3\ARM_GCC_493\Debug\Cm3Start.o
                0x0000083c                initialize_psoc
 .text.CyClockStartupError
                0x000008b0        0x4 .\CortexM3\ARM_GCC_493\Debug\gnome_template.a(cyfitter_cfg.o)
 .text.cfg_write_bytes32
                0x000008b4       0x34 .\CortexM3\ARM_GCC_493\Debug\gnome_template.a(cyfitter_cfg.o)
 .text.AnalogSetDefault
                0x000008e8       0x28 .\CortexM3\ARM_GCC_493\Debug\gnome_template.a(cyfitter_cfg.o)
 .text.CYMEMZERO
                0x00000910        0xc .\CortexM3\ARM_GCC_493\Debug\gnome_template.a(cyfitter_cfg.o)
 .text.ClockSetup
                0x0000091c       0xb8 .\CortexM3\ARM_GCC_493\Debug\gnome_template.a(cyfitter_cfg.o)
 .text.CYCONFIGCPY
                0x000009d4        0x8 .\CortexM3\ARM_GCC_493\Debug\gnome_template.a(cyfitter_cfg.o)
 .text.cyfitter_cfg
                0x000009dc       0xb8 .\CortexM3\ARM_GCC_493\Debug\gnome_template.a(cyfitter_cfg.o)
                0x000009dc                cyfitter_cfg
 *fill*         0x00000a94        0x4 
 .text          0x00000a98       0x20 .\CortexM3\ARM_GCC_493\Debug\gnome_template.a(CyBootAsmGnu.o)
                0x00000a98                CyDelayCycles
                0x00000aa8                CyEnterCriticalSection
                0x00000ab0                CyExitCriticalSection
 .text.CyFlashGetSpcAlgorithm
                0x00000ab8       0x4c .\CortexM3\ARM_GCC_493\Debug\gnome_template.a(CyFlash.o)
 .text.CySetTempInt
                0x00000b04       0x60 .\CortexM3\ARM_GCC_493\Debug\gnome_template.a(CyFlash.o)
 .text.CySetTemp
                0x00000b64       0x14 .\CortexM3\ARM_GCC_493\Debug\gnome_template.a(CyFlash.o)
                0x00000b64                CySetTemp
 .text.CyEEPROM_Start
                0x00000b78       0x54 .\CortexM3\ARM_GCC_493\Debug\gnome_template.a(CyFlash.o)
                0x00000b78                CyEEPROM_Start
 .text.CyEEPROM_ReadReserve
                0x00000bcc       0x1c .\CortexM3\ARM_GCC_493\Debug\gnome_template.a(CyFlash.o)
                0x00000bcc                CyEEPROM_ReadReserve
 .text.CyEEPROM_ReadRelease
                0x00000be8       0x10 .\CortexM3\ARM_GCC_493\Debug\gnome_template.a(CyFlash.o)
                0x00000be8                CyEEPROM_ReadRelease
 .text.CyDelayUs
                0x00000bf8       0x14 .\CortexM3\ARM_GCC_493\Debug\gnome_template.a(CyLib.o)
                0x00000bf8                CyDelayUs
 .text.CySpcStart
                0x00000c0c       0x24 .\CortexM3\ARM_GCC_493\Debug\gnome_template.a(CySpc.o)
                0x00000c0c                CySpcStart
 .text.CySpcReadData
                0x00000c30       0x34 .\CortexM3\ARM_GCC_493\Debug\gnome_template.a(CySpc.o)
                0x00000c30                CySpcReadData
 .text.CySpcGetTemp
                0x00000c64       0x3c .\CortexM3\ARM_GCC_493\Debug\gnome_template.a(CySpc.o)
                0x00000c64                CySpcGetTemp
 .text.CySpcLock
                0x00000ca0       0x4c .\CortexM3\ARM_GCC_493\Debug\gnome_template.a(CySpc.o)
                0x00000ca0                CySpcLock
 .text.CySpcUnlock
                0x00000cec       0x38 .\CortexM3\ARM_GCC_493\Debug\gnome_template.a(CySpc.o)
                0x00000cec                CySpcUnlock
 .text.CySpcGetAlgorithm
                0x00000d24       0x28 .\CortexM3\ARM_GCC_493\Debug\gnome_template.a(CySpc.o)
                0x00000d24                CySpcGetAlgorithm
 .text.EEPROM_Enable
                0x00000d4c        0xc .\CortexM3\ARM_GCC_493\Debug\gnome_template.a(EEPROM.o)
                0x00000d4c                EEPROM_Enable
 .text.EEPROM_Start
                0x00000d58        0x8 .\CortexM3\ARM_GCC_493\Debug\gnome_template.a(EEPROM.o)
                0x00000d58                EEPROM_Start
 .text.EEPROM_ReadByte
                0x00000d60       0x28 .\CortexM3\ARM_GCC_493\Debug\gnome_template.a(EEPROM.o)
                0x00000d60                EEPROM_ReadByte
 .text.__libc_init_array
                0x00000d88       0x4c c:/program files (x86)/cypress/psoc creator/3.3/psoc creator/import/gnu/arm/4.9.3/bin/../lib/gcc/arm-none-eabi/4.9.3/../../../../arm-none-eabi/lib/armv7-m\libg_nano.a(lib_a-init.o)
                0x00000d88                __libc_init_array
 .text.memcpy   0x00000dd4       0x16 c:/program files (x86)/cypress/psoc creator/3.3/psoc creator/import/gnu/arm/4.9.3/bin/../lib/gcc/arm-none-eabi/4.9.3/../../../../arm-none-eabi/lib/armv7-m\libg_nano.a(lib_a-memcpy.o)
                0x00000dd4                memcpy
 .text.memset   0x00000dea       0x10 c:/program files (x86)/cypress/psoc creator/3.3/psoc creator/import/gnu/arm/4.9.3/bin/../lib/gcc/arm-none-eabi/4.9.3/../../../../arm-none-eabi/lib/armv7-m\libg_nano.a(lib_a-memset.o)
                0x00000dea                memset
 *(.plt)
 *(.gnu.warning)
 *(.glue_7t)
 .glue_7t       0x00000000        0x0 linker stubs
 *(.glue_7)
 .glue_7        0x00000000        0x0 linker stubs
 *(.vfp11_veneer)
 .vfp11_veneer  0x00000000        0x0 linker stubs
 *(.bootloader)
 *(.ARM.extab* .gnu.linkonce.armextab.*)
 *(.gcc_except_table)

.v4_bx          0x00000dfc        0x0
 .v4_bx         0x00000000        0x0 linker stubs

.iplt           0x00000dfc        0x0
 .iplt          0x00000000        0x0 c:/program files (x86)/cypress/psoc creator/3.3/psoc creator/import/gnu/arm/4.9.3/bin/../lib/gcc/arm-none-eabi/4.9.3/armv7-m/crtbegin.o

.eh_frame_hdr
 *(.eh_frame_hdr)

.eh_frame       0x00000dfc        0x4
 *(.eh_frame)
 .eh_frame      0x00000dfc        0x0 c:/program files (x86)/cypress/psoc creator/3.3/psoc creator/import/gnu/arm/4.9.3/bin/../lib/gcc/arm-none-eabi/4.9.3/armv7-m/crtbegin.o
 .eh_frame      0x00000dfc        0x4 c:/program files (x86)/cypress/psoc creator/3.3/psoc creator/import/gnu/arm/4.9.3/bin/../lib/gcc/arm-none-eabi/4.9.3/armv7-m/crtend.o
                0x00000e00                PROVIDE (__exidx_start, .)

.ARM.exidx
 *(.ARM.exidx* .gnu.linkonce.armexidx.*)
                0x00000e00                __exidx_end = .

.rodata         0x00000e00       0x68
 *(.rodata .rodata.* .gnu.linkonce.r.*)
 .rodata        0x00000e00       0x30 .\CortexM3\ARM_GCC_493\Debug\gnome_template.a(cyfitter_cfg.o)
                0x00000e30                . = ALIGN (0x4)
 *(.init)
 .init          0x00000e30        0x4 c:/program files (x86)/cypress/psoc creator/3.3/psoc creator/import/gnu/arm/4.9.3/bin/../lib/gcc/arm-none-eabi/4.9.3/armv7-m/crti.o
                0x00000e30                _init
 .init          0x00000e34        0x8 c:/program files (x86)/cypress/psoc creator/3.3/psoc creator/import/gnu/arm/4.9.3/bin/../lib/gcc/arm-none-eabi/4.9.3/armv7-m/crtn.o
                0x00000e3c                . = ALIGN (0x4)
                0x00000e3c                __preinit_array_start = .
 *(.preinit_array)
                0x00000e3c                __preinit_array_end = .
                0x00000e3c                . = ALIGN (0x4)
                0x00000e3c                __init_array_start = .
 *(SORT(.init_array.*))
 *(.init_array)
 .init_array    0x00000e3c        0x4 c:/program files (x86)/cypress/psoc creator/3.3/psoc creator/import/gnu/arm/4.9.3/bin/../lib/gcc/arm-none-eabi/4.9.3/armv7-m/crtbegin.o
 .init_array    0x00000e40        0x4 .\CortexM3\ARM_GCC_493\Debug\Cm3Start.o
                0x00000e44                __init_array_end = .
                0x00000e44                . = ALIGN (0x4)
 *(.fini)
 .fini          0x00000e44        0x4 c:/program files (x86)/cypress/psoc creator/3.3/psoc creator/import/gnu/arm/4.9.3/bin/../lib/gcc/arm-none-eabi/4.9.3/armv7-m/crti.o
                0x00000e44                _fini
 .fini          0x00000e48        0x8 c:/program files (x86)/cypress/psoc creator/3.3/psoc creator/import/gnu/arm/4.9.3/bin/../lib/gcc/arm-none-eabi/4.9.3/armv7-m/crtn.o
                0x00000e50                . = ALIGN (0x4)
                0x00000e50                __fini_array_start = .
 *(.fini_array)
 .fini_array    0x00000e50        0x4 c:/program files (x86)/cypress/psoc creator/3.3/psoc creator/import/gnu/arm/4.9.3/bin/../lib/gcc/arm-none-eabi/4.9.3/armv7-m/crtbegin.o
 *(SORT(.fini_array.*))
                0x00000e54                __fini_array_end = .
                0x00000e54                . = ALIGN (0x4)
 *crtbegin.o(.ctors)
 *(EXCLUDE_FILE(*crtend.o) .ctors)
 *(SORT(.ctors.*))
 *crtend.o(.ctors)
                0x00000e54                . = ALIGN (0x4)
 *crtbegin.o(.dtors)
 *(EXCLUDE_FILE(*crtend.o) .dtors)
 *(SORT(.dtors.*))
 *crtend.o(.dtors)
                0x00000e54                . = ALIGN (0x4)
                0x00000e54                __cy_regions = .
                0x00000e54        0x4 LONG 0xe68 __cy_region_init_ram
                0x00000e58        0x4 LONG 0x1fff8108 __cy_region_start_data
                0x00000e5c        0x4 LONG 0x18 __cy_region_init_size_ram
                0x00000e60        0x4 LONG 0x208 __cy_region_zero_size_ram
                0x00000e64                __cy_regions_end = .
                0x00000e68                . = ALIGN (0x8)
 *fill*         0x00000e64        0x4 
                0x00000e68                _etext = .

.cy_checksum_exclude
                0x00000e68        0x0
 *(.cy_checksum_exclude)

.ramvectors     0x1fff8000      0x100
                0x1fff8000                __cy_region_start_ram = .
 *(.ramvectors)
 .ramvectors    0x1fff8000      0x100 .\CortexM3\ARM_GCC_493\Debug\Cm3Start.o
                0x1fff8000                CyRamVectors

.noinit         0x1fff8100        0x5
 *(.noinit)
 .noinit        0x1fff8100        0x4 .\CortexM3\ARM_GCC_493\Debug\Cm3Start.o
 .noinit        0x1fff8104        0x1 .\CortexM3\ARM_GCC_493\Debug\gnome_template.a(CyLib.o)
                0x1fff8104                CyResetStatus

.data           0x1fff8108       0x18 load address 0x00000e68
                0x1fff8108                __cy_region_start_data = .
 *(.jcr)
 .jcr           0x1fff8108        0x0 c:/program files (x86)/cypress/psoc creator/3.3/psoc creator/import/gnu/arm/4.9.3/bin/../lib/gcc/arm-none-eabi/4.9.3/armv7-m/crtbegin.o
 .jcr           0x1fff8108        0x4 c:/program files (x86)/cypress/psoc creator/3.3/psoc creator/import/gnu/arm/4.9.3/bin/../lib/gcc/arm-none-eabi/4.9.3/armv7-m/crtend.o
 *(.got.plt)
 *(.got)
 *(.shdata)
 *(.data .data.* .gnu.linkonce.d.*)
 .data          0x1fff810c       0x10 .\CortexM3\ARM_GCC_493\Debug\gnome_template.a(CyLib.o)
                0x1fff810c                cydelay_32k_ms
                0x1fff8110                cydelay_freq_khz
                0x1fff8114                cydelay_freq_mhz
                0x1fff8118                cydelay_freq_hz
                0x1fff8120                . = ALIGN (0x8)
 *fill*         0x1fff811c        0x4 
 *(.ram)
                0x1fff8120                _edata = .

.igot.plt       0x1fff8120        0x0 load address 0x00000e80
 .igot.plt      0x00000000        0x0 c:/program files (x86)/cypress/psoc creator/3.3/psoc creator/import/gnu/arm/4.9.3/bin/../lib/gcc/arm-none-eabi/4.9.3/armv7-m/crtbegin.o

.bss            0x1fff8120      0x208 load address 0x00000e80
                0x1fff8120                PROVIDE (__bss_start__, .)
 *(.shbss)
 *(.bss .bss.* .gnu.linkonce.b.*)
 .bss           0x1fff8120       0x1c c:/program files (x86)/cypress/psoc creator/3.3/psoc creator/import/gnu/arm/4.9.3/bin/../lib/gcc/arm-none-eabi/4.9.3/armv7-m/crtbegin.o
 .bss           0x1fff813c        0x8 .\CortexM3\ARM_GCC_493\Debug\gnome_template.a(CySpc.o)
                0x1fff813c                SpcLockState
 *(COMMON)
 COMMON         0x1fff8144      0x12b .\CortexM3\ARM_GCC_493\Debug\main.o
                0x1fff8144                rom
                0x1fff8244                it_context
                0x1fff8250                registers
                0x1fff8260                current_context
                0x1fff8264                normal_context
 *fill*         0x1fff826f        0x1 
 COMMON         0x1fff8270       0xb0 .\CortexM3\ARM_GCC_493\Debug\gnome.o
                0x1fff8270                lcd
                0x1fff82f6                lcd_update
                0x1fff82f8                via_state
                0x1fff82fc                gnome_debug_state
                0x1fff8310                gnome_console
 COMMON         0x1fff8320        0x2 .\CortexM3\ARM_GCC_493\Debug\gnome_template.a(CyFlash.o)
                0x1fff8320                dieTemperature
                0x1fff8328                . = ALIGN (0x8)
 *fill*         0x1fff8322        0x6 
 *(.ram.b)
                0x1fff8328                _end = .
                0x1fff8328                __end = .
                0x1fff8328                PROVIDE (end, .)
                0x1fff8328                PROVIDE (__bss_end__, .)
                0x00000e68                __cy_region_init_ram = LOADADDR (.data)
                0x00000018                __cy_region_init_size_ram = (_edata - ADDR (.data))
                0x00000208                __cy_region_zero_size_ram = (_end - _edata)

.heap           0x1fff8328       0x80 load address 0x00000e80
                0x1fff8328                . = _end
                0x1fff83a8                . = (. + 0x80)
 *fill*         0x1fff8328       0x80 
                0x1fff83a8                __cy_heap_limit = .

.stack          0x20007800      0x800
                0x20007800                __cy_stack_limit = .
                0x20008000                . = (. + 0x800)
 *fill*         0x20007800      0x800 
                0x00000001                ASSERT ((__cy_stack_limit >= __cy_heap_limit), region RAM overflowed with stack)
                0x00000000                cy_checksum_exclude_size = (CY_APPL_LOADABLE == 0x1)?SIZEOF (.cy_checksum_exclude):0x0
                0x00000001                ASSERT ((cy_checksum_exclude_size <= CY_CHECKSUM_EXCLUDE_SIZE), CY_BOOT: Section .cy_checksum_exclude size exceedes specified limit.)

.cyloadermeta
 *(.cyloadermeta)

.cyloadablemeta
 *(.cyloadablemeta)

.cyconfigecc    0x80000000      0x204
 *(.cyconfigecc)
 .cyconfigecc   0x80000000      0x204 .\CortexM3\ARM_GCC_493\Debug\cymetadata.o
                0x80000000                cy_meta_configecc

.cycustnvl      0x90000000        0x4
 *(.cycustnvl)
 .cycustnvl     0x90000000        0x4 .\CortexM3\ARM_GCC_493\Debug\cymetadata.o
                0x90000000                cy_meta_custnvl

.cywolatch      0x90100000        0x4
 *(.cywolatch)
 .cywolatch     0x90100000        0x4 .\CortexM3\ARM_GCC_493\Debug\cymetadata.o
                0x90100000                cy_meta_wonvl

.cyeeprom       0x90200000      0x800
 *(.cyeeprom)
 .cyeeprom      0x90200000      0x800 .\CortexM3\ARM_GCC_493\Debug\cymetadata.o
                0x90200000                cy_eeprom
                0x00000001                ASSERT ((. <= ((0x90200000 + ee_offset) + ee_size)), .cyeeprom data will not fit in EEPROM)

.cyflashprotect
                0x90400000      0x100
 *(.cyflashprotect)
 .cyflashprotect
                0x90400000      0x100 .\CortexM3\ARM_GCC_493\Debug\cymetadata.o
                0x90400000                cy_meta_flashprotect

.cymeta         0x90500000        0xc
 *(.cymeta)
 .cymeta        0x90500000        0xc .\CortexM3\ARM_GCC_493\Debug\cymetadata.o
                0x90500000                cy_metadata

.rel.dyn        0x00000e80        0x0 load address 0x9050000c
 .rel.iplt      0x00000000        0x0 c:/program files (x86)/cypress/psoc creator/3.3/psoc creator/import/gnu/arm/4.9.3/bin/../lib/gcc/arm-none-eabi/4.9.3/armv7-m/crtbegin.o

.stab
 *(.stab)

.stabstr
 *(.stabstr)

.debug
 *(.debug)

.line
 *(.line)

.debug_srcinfo
 *(.debug_srcinfo)

.debug_sfnames
 *(.debug_sfnames)

.debug_aranges  0x00000000      0x780
 *(.debug_aranges)
 .debug_aranges
                0x00000000       0x20 .\CortexM3\ARM_GCC_493\Debug\main.o
 .debug_aranges
                0x00000020       0x38 .\CortexM3\ARM_GCC_493\Debug\gnome.o
 .debug_aranges
                0x00000058       0xb8 .\CortexM3\ARM_GCC_493\Debug\gnome_execute.o
 .debug_aranges
                0x00000110       0x20 .\CortexM3\ARM_GCC_493\Debug\gnome_inst_decoder.o
 .debug_aranges
                0x00000130       0x30 .\CortexM3\ARM_GCC_493\Debug\gnome_memory.o
 .debug_aranges
                0x00000160       0x18 .\CortexM3\ARM_GCC_493\Debug\i2cLCD.o
 .debug_aranges
                0x00000178       0x30 .\CortexM3\ARM_GCC_493\Debug\gnome_lcd.o
 .debug_aranges
                0x000001a8       0x38 .\CortexM3\ARM_GCC_493\Debug\gnome_debug.o
 .debug_aranges
                0x000001e0       0x28 .\CortexM3\ARM_GCC_493\Debug\gnome_it.o
 .debug_aranges
                0x00000208       0x18 .\CortexM3\ARM_GCC_493\Debug\cymetadata.o
 .debug_aranges
                0x00000220       0x48 .\CortexM3\ARM_GCC_493\Debug\Cm3Start.o
 .debug_aranges
                0x00000268       0x58 .\CortexM3\ARM_GCC_493\Debug\gnome_template.a(cyfitter_cfg.o)
 .debug_aranges
                0x000002c0       0x20 .\CortexM3\ARM_GCC_493\Debug\gnome_template.a(CyBootAsmGnu.o)
 .debug_aranges
                0x000002e0       0x80 .\CortexM3\ARM_GCC_493\Debug\gnome_template.a(CyFlash.o)
 .debug_aranges
                0x00000360      0x298 .\CortexM3\ARM_GCC_493\Debug\gnome_template.a(CyLib.o)
 .debug_aranges
                0x000005f8       0x98 .\CortexM3\ARM_GCC_493\Debug\gnome_template.a(cyPm.o)
 .debug_aranges
                0x00000690       0x78 .\CortexM3\ARM_GCC_493\Debug\gnome_template.a(CySpc.o)
 .debug_aranges
                0x00000708       0x78 .\CortexM3\ARM_GCC_493\Debug\gnome_template.a(EEPROM.o)

.debug_pubnames
 *(.debug_pubnames)

.debug_info     0x00000000     0x5665
 *(.debug_info .gnu.linkonce.wi.*)
 .debug_info    0x00000000      0x24b .\CortexM3\ARM_GCC_493\Debug\main.o
 .debug_info    0x0000024b      0x62b .\CortexM3\ARM_GCC_493\Debug\gnome.o
 .debug_info    0x00000876      0x629 .\CortexM3\ARM_GCC_493\Debug\gnome_execute.o
 .debug_info    0x00000e9f      0x2d4 .\CortexM3\ARM_GCC_493\Debug\gnome_inst_decoder.o
 .debug_info    0x00001173      0x35c .\CortexM3\ARM_GCC_493\Debug\gnome_memory.o
 .debug_info    0x000014cf       0xa7 .\CortexM3\ARM_GCC_493\Debug\i2cLCD.o
 .debug_info    0x00001576      0x1c2 .\CortexM3\ARM_GCC_493\Debug\gnome_lcd.o
 .debug_info    0x00001738      0x3a6 .\CortexM3\ARM_GCC_493\Debug\gnome_debug.o
 .debug_info    0x00001ade      0x241 .\CortexM3\ARM_GCC_493\Debug\gnome_it.o
 .debug_info    0x00001d1f      0x164 .\CortexM3\ARM_GCC_493\Debug\cymetadata.o
 .debug_info    0x00001e83      0x3a5 .\CortexM3\ARM_GCC_493\Debug\Cm3Start.o
 .debug_info    0x00002228      0x476 .\CortexM3\ARM_GCC_493\Debug\gnome_template.a(cyfitter_cfg.o)
 .debug_info    0x0000269e       0x9c .\CortexM3\ARM_GCC_493\Debug\gnome_template.a(CyBootAsmGnu.o)
 .debug_info    0x0000273a      0x60a .\CortexM3\ARM_GCC_493\Debug\gnome_template.a(CyFlash.o)
 .debug_info    0x00002d44     0x1371 .\CortexM3\ARM_GCC_493\Debug\gnome_template.a(CyLib.o)
 .debug_info    0x000040b5      0xa58 .\CortexM3\ARM_GCC_493\Debug\gnome_template.a(cyPm.o)
 .debug_info    0x00004b0d      0x4f0 .\CortexM3\ARM_GCC_493\Debug\gnome_template.a(CySpc.o)
 .debug_info    0x00004ffd      0x668 .\CortexM3\ARM_GCC_493\Debug\gnome_template.a(EEPROM.o)

.debug_abbrev   0x00000000     0x17cd
 *(.debug_abbrev)
 .debug_abbrev  0x00000000       0xf0 .\CortexM3\ARM_GCC_493\Debug\main.o
 .debug_abbrev  0x000000f0      0x1ce .\CortexM3\ARM_GCC_493\Debug\gnome.o
 .debug_abbrev  0x000002be      0x192 .\CortexM3\ARM_GCC_493\Debug\gnome_execute.o
 .debug_abbrev  0x00000450      0x101 .\CortexM3\ARM_GCC_493\Debug\gnome_inst_decoder.o
 .debug_abbrev  0x00000551      0x118 .\CortexM3\ARM_GCC_493\Debug\gnome_memory.o
 .debug_abbrev  0x00000669       0x4b .\CortexM3\ARM_GCC_493\Debug\i2cLCD.o
 .debug_abbrev  0x000006b4       0xf8 .\CortexM3\ARM_GCC_493\Debug\gnome_lcd.o
 .debug_abbrev  0x000007ac      0x10e .\CortexM3\ARM_GCC_493\Debug\gnome_debug.o
 .debug_abbrev  0x000008ba       0xe5 .\CortexM3\ARM_GCC_493\Debug\gnome_it.o
 .debug_abbrev  0x0000099f       0x77 .\CortexM3\ARM_GCC_493\Debug\cymetadata.o
 .debug_abbrev  0x00000a16      0x20f .\CortexM3\ARM_GCC_493\Debug\Cm3Start.o
 .debug_abbrev  0x00000c25      0x1dc .\CortexM3\ARM_GCC_493\Debug\gnome_template.a(cyfitter_cfg.o)
 .debug_abbrev  0x00000e01       0x14 .\CortexM3\ARM_GCC_493\Debug\gnome_template.a(CyBootAsmGnu.o)
 .debug_abbrev  0x00000e15      0x1d1 .\CortexM3\ARM_GCC_493\Debug\gnome_template.a(CyFlash.o)
 .debug_abbrev  0x00000fe6      0x296 .\CortexM3\ARM_GCC_493\Debug\gnome_template.a(CyLib.o)
 .debug_abbrev  0x0000127c      0x1ed .\CortexM3\ARM_GCC_493\Debug\gnome_template.a(cyPm.o)
 .debug_abbrev  0x00001469      0x1c1 .\CortexM3\ARM_GCC_493\Debug\gnome_template.a(CySpc.o)
 .debug_abbrev  0x0000162a      0x1a3 .\CortexM3\ARM_GCC_493\Debug\gnome_template.a(EEPROM.o)

.debug_line     0x00000000     0x2824
 *(.debug_line)
 .debug_line    0x00000000      0x180 .\CortexM3\ARM_GCC_493\Debug\main.o
 .debug_line    0x00000180      0x2b5 .\CortexM3\ARM_GCC_493\Debug\gnome.o
 .debug_line    0x00000435      0x32e .\CortexM3\ARM_GCC_493\Debug\gnome_execute.o
 .debug_line    0x00000763      0x19b .\CortexM3\ARM_GCC_493\Debug\gnome_inst_decoder.o
 .debug_line    0x000008fe      0x206 .\CortexM3\ARM_GCC_493\Debug\gnome_memory.o
 .debug_line    0x00000b04      0x13a .\CortexM3\ARM_GCC_493\Debug\i2cLCD.o
 .debug_line    0x00000c3e      0x1b2 .\CortexM3\ARM_GCC_493\Debug\gnome_lcd.o
 .debug_line    0x00000df0      0x1c9 .\CortexM3\ARM_GCC_493\Debug\gnome_debug.o
 .debug_line    0x00000fb9      0x182 .\CortexM3\ARM_GCC_493\Debug\gnome_it.o
 .debug_line    0x0000113b       0x53 .\CortexM3\ARM_GCC_493\Debug\cymetadata.o
 .debug_line    0x0000118e      0x249 .\CortexM3\ARM_GCC_493\Debug\Cm3Start.o
 .debug_line    0x000013d7      0x1e9 .\CortexM3\ARM_GCC_493\Debug\gnome_template.a(cyfitter_cfg.o)
 .debug_line    0x000015c0       0x68 .\CortexM3\ARM_GCC_493\Debug\gnome_template.a(CyBootAsmGnu.o)
 .debug_line    0x00001628      0x1ec .\CortexM3\ARM_GCC_493\Debug\gnome_template.a(CyFlash.o)
 .debug_line    0x00001814      0x806 .\CortexM3\ARM_GCC_493\Debug\gnome_template.a(CyLib.o)
 .debug_line    0x0000201a      0x366 .\CortexM3\ARM_GCC_493\Debug\gnome_template.a(cyPm.o)
 .debug_line    0x00002380      0x23e .\CortexM3\ARM_GCC_493\Debug\gnome_template.a(CySpc.o)
 .debug_line    0x000025be      0x266 .\CortexM3\ARM_GCC_493\Debug\gnome_template.a(EEPROM.o)

.debug_frame    0x00000000     0x1334
 *(.debug_frame)
 .debug_frame   0x00000000       0x2c .\CortexM3\ARM_GCC_493\Debug\main.o
 .debug_frame   0x0000002c       0x68 .\CortexM3\ARM_GCC_493\Debug\gnome.o
 .debug_frame   0x00000094      0x1b8 .\CortexM3\ARM_GCC_493\Debug\gnome_execute.o
 .debug_frame   0x0000024c       0x20 .\CortexM3\ARM_GCC_493\Debug\gnome_inst_decoder.o
 .debug_frame   0x0000026c       0x40 .\CortexM3\ARM_GCC_493\Debug\gnome_memory.o
 .debug_frame   0x000002ac       0x4c .\CortexM3\ARM_GCC_493\Debug\gnome_lcd.o
 .debug_frame   0x000002f8       0x50 .\CortexM3\ARM_GCC_493\Debug\gnome_debug.o
 .debug_frame   0x00000348       0x30 .\CortexM3\ARM_GCC_493\Debug\gnome_it.o
 .debug_frame   0x00000378       0xac .\CortexM3\ARM_GCC_493\Debug\Cm3Start.o
 .debug_frame   0x00000424       0xe4 .\CortexM3\ARM_GCC_493\Debug\gnome_template.a(cyfitter_cfg.o)
 .debug_frame   0x00000508      0x174 .\CortexM3\ARM_GCC_493\Debug\gnome_template.a(CyFlash.o)
 .debug_frame   0x0000067c      0x728 .\CortexM3\ARM_GCC_493\Debug\gnome_template.a(CyLib.o)
 .debug_frame   0x00000da4      0x1f8 .\CortexM3\ARM_GCC_493\Debug\gnome_template.a(cyPm.o)
 .debug_frame   0x00000f9c      0x160 .\CortexM3\ARM_GCC_493\Debug\gnome_template.a(CySpc.o)
 .debug_frame   0x000010fc      0x17c .\CortexM3\ARM_GCC_493\Debug\gnome_template.a(EEPROM.o)
 .debug_frame   0x00001278       0x20 c:/program files (x86)/cypress/psoc creator/3.3/psoc creator/import/gnu/arm/4.9.3/bin/../lib/gcc/arm-none-eabi/4.9.3/../../../../arm-none-eabi/lib/armv7-m\libg_nano.a(lib_a-errno.o)
 .debug_frame   0x00001298       0x28 c:/program files (x86)/cypress/psoc creator/3.3/psoc creator/import/gnu/arm/4.9.3/bin/../lib/gcc/arm-none-eabi/4.9.3/../../../../arm-none-eabi/lib/armv7-m\libg_nano.a(lib_a-exit.o)
 .debug_frame   0x000012c0       0x2c c:/program files (x86)/cypress/psoc creator/3.3/psoc creator/import/gnu/arm/4.9.3/bin/../lib/gcc/arm-none-eabi/4.9.3/../../../../arm-none-eabi/lib/armv7-m\libg_nano.a(lib_a-init.o)
 .debug_frame   0x000012ec       0x28 c:/program files (x86)/cypress/psoc creator/3.3/psoc creator/import/gnu/arm/4.9.3/bin/../lib/gcc/arm-none-eabi/4.9.3/../../../../arm-none-eabi/lib/armv7-m\libg_nano.a(lib_a-memcpy.o)
 .debug_frame   0x00001314       0x20 c:/program files (x86)/cypress/psoc creator/3.3/psoc creator/import/gnu/arm/4.9.3/bin/../lib/gcc/arm-none-eabi/4.9.3/../../../../arm-none-eabi/lib/armv7-m\libg_nano.a(lib_a-memset.o)

.debug_str      0x00000000     0x183b
 *(.debug_str)
 .debug_str     0x00000000      0x1fd .\CortexM3\ARM_GCC_493\Debug\main.o
                                0x24b (size before relaxing)
 .debug_str     0x000001fd      0x25e .\CortexM3\ARM_GCC_493\Debug\gnome.o
                                0x4ad (size before relaxing)
 .debug_str     0x0000045b      0x11e .\CortexM3\ARM_GCC_493\Debug\gnome_execute.o
                                0x405 (size before relaxing)
 .debug_str     0x00000579       0x17 .\CortexM3\ARM_GCC_493\Debug\gnome_inst_decoder.o
                                0x2cc (size before relaxing)
 .debug_str     0x00000590       0x53 .\CortexM3\ARM_GCC_493\Debug\gnome_memory.o
                                0x2e6 (size before relaxing)
 .debug_str     0x000005e3        0xb .\CortexM3\ARM_GCC_493\Debug\i2cLCD.o
                                0x1a3 (size before relaxing)
 .debug_str     0x000005ee       0x35 .\CortexM3\ARM_GCC_493\Debug\gnome_lcd.o
                                0x26e (size before relaxing)
 .debug_str     0x00000623       0x39 .\CortexM3\ARM_GCC_493\Debug\gnome_debug.o
                                0x343 (size before relaxing)
 .debug_str     0x0000065c       0x1e .\CortexM3\ARM_GCC_493\Debug\gnome_it.o
                                0x25d (size before relaxing)
 .debug_str     0x0000067a       0x81 .\CortexM3\ARM_GCC_493\Debug\cymetadata.o
                                0x200 (size before relaxing)
 .debug_str     0x000006fb      0x15b .\CortexM3\ARM_GCC_493\Debug\Cm3Start.o
                                0x30a (size before relaxing)
 .debug_str     0x00000856      0x165 .\CortexM3\ARM_GCC_493\Debug\gnome_template.a(cyfitter_cfg.o)
                                0x31e (size before relaxing)
 .debug_str     0x000009bb      0x1f2 .\CortexM3\ARM_GCC_493\Debug\gnome_template.a(CyFlash.o)
                                0x3a1 (size before relaxing)
 .debug_str     0x00000bad      0x7c0 .\CortexM3\ARM_GCC_493\Debug\gnome_template.a(CyLib.o)
                                0xa2f (size before relaxing)
 .debug_str     0x0000136d      0x345 .\CortexM3\ARM_GCC_493\Debug\gnome_template.a(cyPm.o)
                                0x727 (size before relaxing)
 .debug_str     0x000016b2       0xae .\CortexM3\ARM_GCC_493\Debug\gnome_template.a(CySpc.o)
                                0x32a (size before relaxing)
 .debug_str     0x00001760       0xdb .\CortexM3\ARM_GCC_493\Debug\gnome_template.a(EEPROM.o)
                                0x3c2 (size before relaxing)

.debug_loc      0x00000000     0x2575
 *(.debug_loc)
 .debug_loc     0x00000000       0x7f .\CortexM3\ARM_GCC_493\Debug\gnome.o
 .debug_loc     0x0000007f      0x4c0 .\CortexM3\ARM_GCC_493\Debug\gnome_execute.o
 .debug_loc     0x0000053f       0x53 .\CortexM3\ARM_GCC_493\Debug\gnome_inst_decoder.o
 .debug_loc     0x00000592      0x2e7 .\CortexM3\ARM_GCC_493\Debug\gnome_memory.o
 .debug_loc     0x00000879      0x144 .\CortexM3\ARM_GCC_493\Debug\Cm3Start.o
 .debug_loc     0x000009bd      0x1d7 .\CortexM3\ARM_GCC_493\Debug\gnome_template.a(cyfitter_cfg.o)
 .debug_loc     0x00000b94      0x300 .\CortexM3\ARM_GCC_493\Debug\gnome_template.a(CyFlash.o)
 .debug_loc     0x00000e94      0xa11 .\CortexM3\ARM_GCC_493\Debug\gnome_template.a(CyLib.o)
 .debug_loc     0x000018a5      0x1e4 .\CortexM3\ARM_GCC_493\Debug\gnome_template.a(cyPm.o)
 .debug_loc     0x00001a89      0x64d .\CortexM3\ARM_GCC_493\Debug\gnome_template.a(CySpc.o)
 .debug_loc     0x000020d6      0x49f .\CortexM3\ARM_GCC_493\Debug\gnome_template.a(EEPROM.o)

.debug_macinfo
 *(.debug_macinfo)

.debug_ranges   0x00000000      0x640
 *(.debug_ranges)
 .debug_ranges  0x00000000       0x10 .\CortexM3\ARM_GCC_493\Debug\main.o
 .debug_ranges  0x00000010       0x28 .\CortexM3\ARM_GCC_493\Debug\gnome.o
 .debug_ranges  0x00000038       0xa8 .\CortexM3\ARM_GCC_493\Debug\gnome_execute.o
 .debug_ranges  0x000000e0       0x10 .\CortexM3\ARM_GCC_493\Debug\gnome_inst_decoder.o
 .debug_ranges  0x000000f0       0x20 .\CortexM3\ARM_GCC_493\Debug\gnome_memory.o
 .debug_ranges  0x00000110       0x20 .\CortexM3\ARM_GCC_493\Debug\gnome_lcd.o
 .debug_ranges  0x00000130       0x28 .\CortexM3\ARM_GCC_493\Debug\gnome_debug.o
 .debug_ranges  0x00000158       0x18 .\CortexM3\ARM_GCC_493\Debug\gnome_it.o
 .debug_ranges  0x00000170       0x38 .\CortexM3\ARM_GCC_493\Debug\Cm3Start.o
 .debug_ranges  0x000001a8       0x48 .\CortexM3\ARM_GCC_493\Debug\gnome_template.a(cyfitter_cfg.o)
 .debug_ranges  0x000001f0       0x70 .\CortexM3\ARM_GCC_493\Debug\gnome_template.a(CyFlash.o)
 .debug_ranges  0x00000260      0x288 .\CortexM3\ARM_GCC_493\Debug\gnome_template.a(CyLib.o)
 .debug_ranges  0x000004e8       0x88 .\CortexM3\ARM_GCC_493\Debug\gnome_template.a(cyPm.o)
 .debug_ranges  0x00000570       0x68 .\CortexM3\ARM_GCC_493\Debug\gnome_template.a(CySpc.o)
 .debug_ranges  0x000005d8       0x68 .\CortexM3\ARM_GCC_493\Debug\gnome_template.a(EEPROM.o)

.comment        0x00000000       0x70
 .comment       0x00000000       0x70 .\CortexM3\ARM_GCC_493\Debug\main.o
                                 0x71 (size before relaxing)
 .comment       0x00000000       0x71 .\CortexM3\ARM_GCC_493\Debug\gnome.o
 .comment       0x00000000       0x71 .\CortexM3\ARM_GCC_493\Debug\gnome_execute.o
 .comment       0x00000000       0x71 .\CortexM3\ARM_GCC_493\Debug\gnome_inst_decoder.o
 .comment       0x00000000       0x71 .\CortexM3\ARM_GCC_493\Debug\gnome_memory.o
 .comment       0x00000000       0x71 .\CortexM3\ARM_GCC_493\Debug\i2cLCD.o
 .comment       0x00000000       0x71 .\CortexM3\ARM_GCC_493\Debug\gnome_lcd.o
 .comment       0x00000000       0x71 .\CortexM3\ARM_GCC_493\Debug\gnome_debug.o
 .comment       0x00000000       0x71 .\CortexM3\ARM_GCC_493\Debug\gnome_it.o
 .comment       0x00000000       0x71 .\CortexM3\ARM_GCC_493\Debug\cymetadata.o
 .comment       0x00000000       0x71 .\CortexM3\ARM_GCC_493\Debug\Cm3Start.o
 .comment       0x00000000       0x71 .\CortexM3\ARM_GCC_493\Debug\gnome_template.a(cyfitter_cfg.o)
 .comment       0x00000000       0x71 .\CortexM3\ARM_GCC_493\Debug\gnome_template.a(CyFlash.o)
 .comment       0x00000000       0x71 .\CortexM3\ARM_GCC_493\Debug\gnome_template.a(CyLib.o)
 .comment       0x00000000       0x71 .\CortexM3\ARM_GCC_493\Debug\gnome_template.a(cyPm.o)
 .comment       0x00000000       0x71 .\CortexM3\ARM_GCC_493\Debug\gnome_template.a(CySpc.o)
 .comment       0x00000000       0x71 .\CortexM3\ARM_GCC_493\Debug\gnome_template.a(EEPROM.o)

.debug_weaknames
 *(.debug_weaknames)

.debug_funcnames
 *(.debug_funcnames)

.debug_typenames
 *(.debug_typenames)

.debug_varnames
 *(.debug_varnames)

.note.gnu.arm.ident
 *(.note.gnu.arm.ident)

.ARM.attributes
                0x00000000       0x29
 *(.ARM.attributes)
 .ARM.attributes
                0x00000000       0x1d c:/program files (x86)/cypress/psoc creator/3.3/psoc creator/import/gnu/arm/4.9.3/bin/../lib/gcc/arm-none-eabi/4.9.3/armv7-m/crti.o
 .ARM.attributes
                0x0000001d       0x2d c:/program files (x86)/cypress/psoc creator/3.3/psoc creator/import/gnu/arm/4.9.3/bin/../lib/gcc/arm-none-eabi/4.9.3/armv7-m/crtbegin.o
 .ARM.attributes
                0x0000004a       0x1b c:/program files (x86)/cypress/psoc creator/3.3/psoc creator/import/gnu/arm/4.9.3/bin/../lib/gcc/arm-none-eabi/4.9.3/../../../../arm-none-eabi/lib/armv7-m/crt0.o
 .ARM.attributes
                0x00000065       0x33 .\CortexM3\ARM_GCC_493\Debug\main.o
 .ARM.attributes
                0x00000098       0x33 .\CortexM3\ARM_GCC_493\Debug\gnome.o
 .ARM.attributes
                0x000000cb       0x33 .\CortexM3\ARM_GCC_493\Debug\gnome_execute.o
 .ARM.attributes
                0x000000fe       0x33 .\CortexM3\ARM_GCC_493\Debug\gnome_inst_decoder.o
 .ARM.attributes
                0x00000131       0x33 .\CortexM3\ARM_GCC_493\Debug\gnome_memory.o
 .ARM.attributes
                0x00000164       0x33 .\CortexM3\ARM_GCC_493\Debug\i2cLCD.o
 .ARM.attributes
                0x00000197       0x33 .\CortexM3\ARM_GCC_493\Debug\gnome_lcd.o
 .ARM.attributes
                0x000001ca       0x33 .\CortexM3\ARM_GCC_493\Debug\gnome_debug.o
 .ARM.attributes
                0x000001fd       0x33 .\CortexM3\ARM_GCC_493\Debug\gnome_it.o
 .ARM.attributes
                0x00000230       0x33 .\CortexM3\ARM_GCC_493\Debug\cymetadata.o
 .ARM.attributes
                0x00000263       0x33 .\CortexM3\ARM_GCC_493\Debug\Cm3Start.o
 .ARM.attributes
                0x00000296       0x33 .\CortexM3\ARM_GCC_493\Debug\gnome_template.a(cyfitter_cfg.o)
 .ARM.attributes
                0x000002c9       0x21 .\CortexM3\ARM_GCC_493\Debug\gnome_template.a(CyBootAsmGnu.o)
 .ARM.attributes
                0x000002ea       0x33 .\CortexM3\ARM_GCC_493\Debug\gnome_template.a(CyFlash.o)
 .ARM.attributes
                0x0000031d       0x33 .\CortexM3\ARM_GCC_493\Debug\gnome_template.a(CyLib.o)
 .ARM.attributes
                0x00000350       0x33 .\CortexM3\ARM_GCC_493\Debug\gnome_template.a(cyPm.o)
 .ARM.attributes
                0x00000383       0x33 .\CortexM3\ARM_GCC_493\Debug\gnome_template.a(CySpc.o)
 .ARM.attributes
                0x000003b6       0x33 .\CortexM3\ARM_GCC_493\Debug\gnome_template.a(EEPROM.o)
 .ARM.attributes
                0x000003e9       0x2d c:/program files (x86)/cypress/psoc creator/3.3/psoc creator/import/gnu/arm/4.9.3/bin/../lib/gcc/arm-none-eabi/4.9.3/../../../../arm-none-eabi/lib/armv7-m\libg_nano.a(lib_a-errno.o)
 .ARM.attributes
                0x00000416       0x2d c:/program files (x86)/cypress/psoc creator/3.3/psoc creator/import/gnu/arm/4.9.3/bin/../lib/gcc/arm-none-eabi/4.9.3/../../../../arm-none-eabi/lib/armv7-m\libg_nano.a(lib_a-exit.o)
 .ARM.attributes
                0x00000443       0x2d c:/program files (x86)/cypress/psoc creator/3.3/psoc creator/import/gnu/arm/4.9.3/bin/../lib/gcc/arm-none-eabi/4.9.3/../../../../arm-none-eabi/lib/armv7-m\libg_nano.a(lib_a-impure.o)
 .ARM.attributes
                0x00000470       0x2d c:/program files (x86)/cypress/psoc creator/3.3/psoc creator/import/gnu/arm/4.9.3/bin/../lib/gcc/arm-none-eabi/4.9.3/../../../../arm-none-eabi/lib/armv7-m\libg_nano.a(lib_a-init.o)
 .ARM.attributes
                0x0000049d       0x2d c:/program files (x86)/cypress/psoc creator/3.3/psoc creator/import/gnu/arm/4.9.3/bin/../lib/gcc/arm-none-eabi/4.9.3/../../../../arm-none-eabi/lib/armv7-m\libg_nano.a(lib_a-memcpy.o)
 .ARM.attributes
                0x000004ca       0x2d c:/program files (x86)/cypress/psoc creator/3.3/psoc creator/import/gnu/arm/4.9.3/bin/../lib/gcc/arm-none-eabi/4.9.3/../../../../arm-none-eabi/lib/armv7-m\libg_nano.a(lib_a-memset.o)
 .ARM.attributes
                0x000004f7       0x2d c:/program files (x86)/cypress/psoc creator/3.3/psoc creator/import/gnu/arm/4.9.3/bin/../lib/gcc/arm-none-eabi/4.9.3/armv7-m/crtend.o
 .ARM.attributes
                0x00000524       0x1d c:/program files (x86)/cypress/psoc creator/3.3/psoc creator/import/gnu/arm/4.9.3/bin/../lib/gcc/arm-none-eabi/4.9.3/armv7-m/crtn.o

/DISCARD/
 *(.note.GNU-stack)
OUTPUT(.\CortexM3\ARM_GCC_493\Debug\gnome_template.elf elf32-littlearm)
